Archive member included to satisfy reference by file (symbol)

../../libDaisy//build\libdaisy.a(daisy_pod.o)
                              build/SimpleSampler.o (daisy::DaisyPod::DelayMs(unsigned int))
../../libDaisy//build\libdaisy.a(daisy_seed.o)
                              ../../libDaisy//build\libdaisy.a(daisy_pod.o) (daisy::DaisySeed::Configure())
../../libDaisy//build\libdaisy.a(codec_ak4556.o)
                              ../../libDaisy//build\libdaisy.a(daisy_seed.o) (daisy::Ak4556::Init(dsy_gpio_pin))
../../libDaisy//build\libdaisy.a(codec_wm8731.o)
                              ../../libDaisy//build\libdaisy.a(daisy_seed.o) (daisy::Wm8731::Init(daisy::Wm8731::Config const&, daisy::I2CHandle))
../../libDaisy//build\libdaisy.a(sdram.o)
                              ../../libDaisy//build\libdaisy.a(daisy_seed.o) (SdramHandle::Init())
../../libDaisy//build\libdaisy.a(audio.o)
                              ../../libDaisy//build\libdaisy.a(daisy_seed.o) (daisy::AudioHandle::Init(daisy::AudioHandle::Config const&, daisy::SaiHandle))
../../libDaisy//build\libdaisy.a(ctrl.o)
                              ../../libDaisy//build\libdaisy.a(daisy_pod.o) (daisy::AnalogControl::Init(unsigned short*, float, bool, bool, float))
../../libDaisy//build\libdaisy.a(encoder.o)
                              ../../libDaisy//build\libdaisy.a(daisy_pod.o) (daisy::Encoder::Init(dsy_gpio_pin, dsy_gpio_pin, dsy_gpio_pin, float))
../../libDaisy//build\libdaisy.a(midi.o)
                              build/SimpleSampler.o (daisy::MidiUartTransport::Config::Config())
../../libDaisy//build\libdaisy.a(midi_parser.o)
                              ../../libDaisy//build\libdaisy.a(daisy_pod.o) (daisy::MidiParser::Reset())
../../libDaisy//build\libdaisy.a(parameter.o)
                              build/SimpleSampler.o (daisy::Parameter::Init(daisy::AnalogControl, float, float, daisy::Parameter::Curve))
../../libDaisy//build\libdaisy.a(rgb_led.o)
                              ../../libDaisy//build\libdaisy.a(daisy_pod.o) (daisy::RgbLed::Init(dsy_gpio_pin, dsy_gpio_pin, dsy_gpio_pin, bool))
../../libDaisy//build\libdaisy.a(switch.o)
                              ../../libDaisy//build\libdaisy.a(daisy_pod.o) (daisy::Switch::Init(dsy_gpio_pin, float))
../../libDaisy//build\libdaisy.a(adc.o)
                              ../../libDaisy//build\libdaisy.a(daisy_pod.o) (daisy::AdcChannelConfig::InitSingle(dsy_gpio_pin, daisy::AdcChannelConfig::ConversionSpeed))
../../libDaisy//build\libdaisy.a(gpio.o)
                              ../../libDaisy//build\libdaisy.a(daisy_seed.o) (daisy::GPIO::Init(daisy::Pin, daisy::GPIO::Mode, daisy::GPIO::Pull, daisy::GPIO::Speed))
../../libDaisy//build\libdaisy.a(i2c.o)
                              ../../libDaisy//build\libdaisy.a(daisy_seed.o) (daisy::I2CHandle::Init(daisy::I2CHandle::Config const&))
../../libDaisy//build\libdaisy.a(qspi.o)
                              ../../libDaisy//build\libdaisy.a(daisy_seed.o) (daisy::QSPIHandle::Init(daisy::QSPIHandle::Config const&))
../../libDaisy//build\libdaisy.a(sai.o)
                              ../../libDaisy//build\libdaisy.a(daisy_seed.o) (daisy::SaiHandle::Init(daisy::SaiHandle::Config const&))
../../libDaisy//build\libdaisy.a(sdmmc.o)
                              build/SimpleSampler.o (daisy::SdmmcHandler::Init(daisy::SdmmcHandler::Config const&))
../../libDaisy//build\libdaisy.a(spi.o)
                              build/SimpleSampler.o (daisy::SpiHandle::Init(daisy::SpiHandle::Config const&))
../../libDaisy//build\libdaisy.a(uart.o)
                              ../../libDaisy//build\libdaisy.a(daisy_pod.o) (daisy::UartHandler::Init(daisy::UartHandler::Config const&))
../../libDaisy//build\libdaisy.a(dma.o)
                              ../../libDaisy//build\libdaisy.a(uart.o) (dsy_dma_invalidate_cache_for_buffer)
../../libDaisy//build\libdaisy.a(fatfs.o)
                              build/SimpleSampler.o (daisy::FatFSInterface::Init(unsigned char))
../../libDaisy//build\libdaisy.a(system.o)
                              ../../libDaisy//build\libdaisy.a(daisy_seed.o) (daisy::System::DeInit())
../../libDaisy//build\libdaisy.a(system_stm32h7xx.o)
                              build/startup_stm32h750xx.o (SystemInit)
../../libDaisy//build\libdaisy.a(usbd_conf.o)
                              ../../libDaisy//build\libdaisy.a(system.o) (hpcd_USB_OTG_HS)
../../libDaisy//build\libdaisy.a(usbh_conf.o)
                              ../../libDaisy//build\libdaisy.a(system.o) (hhcd_USB_OTG_HS)
../../libDaisy//build\libdaisy.a(color.o)
                              ../../libDaisy//build\libdaisy.a(daisy_pod.o) (daisy::Color::Init(daisy::Color::PresetColor))
../../libDaisy//build\libdaisy.a(hal_map.o)
                              ../../libDaisy//build\libdaisy.a(gpio.o) (dsy_hal_map_get_port)
../../libDaisy//build\libdaisy.a(oled_fonts.o)
                              build/SimpleSampler.o (Font_7x10)
../../libDaisy//build\libdaisy.a(sd_diskio.o)
[...]
Memory Configuration

Name             Origin             Length             Attributes
FLASH            0x08000000         0x00020000         xr
DTCMRAM          0x20000000         0x00020000         xrw
SRAM             0x24000000         0x00080000         xrw
RAM_D2           0x30000000         0x00048000         xrw
RAM_D3           0x38000000         0x00010000         xrw
BACKUP_SRAM      0x38800000         0x00001000         xrw
ITCMRAM          0x00000000         0x00010000         xrw
SDRAM            0xc0000000         0x04000000         xrw
QSPIFLASH        0x90000000         0x00800000         xr
*default*        0x00000000         0xffffffff

Linker script and memory map

LOAD c:/program files/daisytoolchain/bin/../lib/gcc/arm-none-eabi/10.2.1/thumb/v7e-m+dp/hard/crti.o
LOAD c:/program files/daisytoolchain/bin/../lib/gcc/arm-none-eabi/10.2.1/thumb/v7e-m+dp/hard/crtbegin.o
LOAD c:/program files/daisytoolchain/bin/../lib/gcc/arm-none-eabi/10.2.1/../../../../arm-none-eabi/lib/thumb/v7e-m+dp/hard/crt0.o
LOAD build/startup_stm32h750xx.o
LOAD build/diskio.o
LOAD build/ff.o
LOAD build/ff_gen_drv.o
LOAD build/ccsbcs.o
LOAD build/SimpleSampler.o
LOAD build/SampleLibrary.o
LOAD build/AudioEngine.o
LOAD build/Voice.o
LOAD build/b3ReadWavFile.o
LOAD ../../libDaisy//build\libdaisy.a
LOAD c:/program files/daisytoolchain/bin/../lib/gcc/arm-none-eabi/10.2.1/../../../../arm-none-eabi/lib/thumb/v7e-m+dp/hard\libnosys.a
LOAD ../../DaisySP//build\libdaisysp.a
LOAD c:/program files/daisytoolchain/bin/../lib/gcc/arm-none-eabi/10.2.1/../../../../arm-none-eabi/lib/thumb/v7e-m+dp/hard\libstdc++_nano.a
LOAD c:/program files/daisytoolchain/bin/../lib/gcc/arm-none-eabi/10.2.1/../../../../arm-none-eabi/lib/thumb/v7e-m+dp/hard\libm.a
LOAD c:/program files/daisytoolchain/bin/../lib/gcc/arm-none-eabi/10.2.1/../../../../arm-none-eabi/lib/thumb/v7e-m+dp/hard\libc_nano.a
START GROUP
LOAD c:/program files/daisytoolchain/bin/../lib/gcc/arm-none-eabi/10.2.1/thumb/v7e-m+dp/hard\libgcc.a
LOAD c:/program files/daisytoolchain/bin/../lib/gcc/arm-none-eabi/10.2.1/../../../../arm-none-eabi/lib/thumb/v7e-m+dp/hard\libc_nano.a
END GROUP
START GROUP
LOAD c:/program files/daisytoolchain/bin/../lib/gcc/arm-none-eabi/10.2.1/thumb/v7e-m+dp/hard\libgcc.a
LOAD c:/program files/daisytoolchain/bin/../lib/gcc/arm-none-eabi/10.2.1/../../../../arm-none-eabi/lib/thumb/v7e-m+dp/hard\libc_nano.a
LOAD c:/program files/daisytoolchain/bin/../lib/gcc/arm-none-eabi/10.2.1/../../../../arm-none-eabi/lib/thumb/v7e-m+dp/hard\libnosys.a
END GROUP
START GROUP
LOAD c:/program files/daisytoolchain/bin/../lib/gcc/arm-none-eabi/10.2.1/thumb/v7e-m+dp/hard\libgcc.a
LOAD c:/program files/daisytoolchain/bin/../lib/gcc/arm-none-eabi/10.2.1/../../../../arm-none-eabi/lib/thumb/v7e-m+dp/hard\libc_nano.a
LOAD c:/program files/daisytoolchain/bin/../lib/gcc/arm-none-eabi/10.2.1/../../../../arm-none-eabi/lib/thumb/v7e-m+dp/hard\libnosys.a
END GROUP
LOAD c:/program files/daisytoolchain/bin/../lib/gcc/arm-none-eabi/10.2.1/thumb/v7e-m+dp/hard/crtend.o
LOAD c:/program files/daisytoolchain/bin/../lib/gcc/arm-none-eabi/10.2.1/thumb/v7e-m+dp/hard/crtn.o
                0x20020000                _estack = 0x20020000

.isr_vector     0x08000000      0x298
                0x08000000                . = ALIGN (0x4)
 *(.isr_vector)
 .isr_vector    0x08000000      0x298 build/startup_stm32h750xx.o
                0x08000000                g_pfnVectors
                0x08000298                . = ALIGN (0x4)

.text           0x080002a0    0x1aecc
                0x080002a0                . = ALIGN (0x4)
                0x080002a0                _stext = .
 *(.text)
 .text          0x080002a0       0x40 c:/program files/daisytoolchain/bin/../lib/gcc/arm-none-eabi/10.2.1/thumb/v7e-m+dp/hard/crtbegin.o
 .text          0x080002e0       0x10 c:/program files/daisytoolchain/bin/../lib/gcc/arm-none-eabi/10.2.1/../../../../arm-none-eabi/lib/thumb/v7e-m+dp/hard\libc_nano.a(lib_a-strlen.o)
                0x080002e0                strlen
 .text          0x080002f0       0xa0 c:/program files/daisytoolchain/bin/../lib/gcc/arm-none-eabi/10.2.1/../../../../arm-none-eabi/lib/thumb/v7e-m+dp/hard\libc_nano.a(lib_a-memchr.o)
                0x080002f0                memchr
 .text          0x08000390      0x378 c:/program files/daisytoolchain/bin/../lib/gcc/arm-none-eabi/10.2.1/thumb/v7e-m+dp/hard\libgcc.a(_arm_addsubdf3.o)
                0x08000390                __aeabi_drsub
                0x08000398                __aeabi_dsub
                0x08000398                __subdf3
                0x0800039c                __aeabi_dadd
                0x0800039c                __adddf3
                0x08000614                __floatunsidf
                0x08000614                __aeabi_ui2d
                0x08000634                __floatsidf
                0x08000634                __aeabi_i2d
                0x08000658                __aeabi_f2d
                0x08000658                __extendsfdf2
                0x0800069c                __floatundidf
                0x0800069c                __aeabi_ul2d
                0x080006ac                __floatdidf
                0x080006ac                __aeabi_l2d
 .text          0x08000708       0x30 c:/program files/daisytoolchain/bin/../lib/gcc/arm-none-eabi/10.2.1/thumb/v7e-m+dp/hard\libgcc.a(_aeabi_uldivmod.o)
                0x08000708                __aeabi_uldivmod
 .text          0x08000738      0x2d0 c:/program files/daisytoolchain/bin/../lib/gcc/arm-none-eabi/10.2.1/thumb/v7e-m+dp/hard\libgcc.a(_udivmoddi4.o)
                0x08000738                __udivmoddi4
 .text          0x08000a08        0x4 c:/program files/daisytoolchain/bin/../lib/gcc/arm-none-eabi/10.2.1/thumb/v7e-m+dp/hard\libgcc.a(_dvmd_tls.o)
                0x08000a08                __aeabi_idiv0
                0x08000a08                __aeabi_ldiv0
 *(.text*)
 .text.Default_Handler
                0x08000a0c        0x4 build/startup_stm32h750xx.o
                0x08000a0c                RTC_Alarm_IRQHandler
                0x08000a0c                HASH_RNG_IRQHandler
                0x08000a0c                EXTI2_IRQHandler
                0x08000a0c                TIM8_CC_IRQHandler
                0x08000a0c                HRTIM1_Master_IRQHandler
                0x08000a0c                DebugMon_Handler
                0x08000a0c                TIM1_CC_IRQHandler
                0x08000a0c                BDMA_Channel6_IRQHandler
                0x08000a0c                DMA2_Stream5_IRQHandler
                0x08000a0c                HRTIM1_FLT_IRQHandler
                0x08000a0c                JPEG_IRQHandler
                0x08000a0c                BDMA_Channel1_IRQHandler
                0x08000a0c                HRTIM1_TIMD_IRQHandler
                0x08000a0c                TAMP_STAMP_IRQHandler
                0x08000a0c                PendSV_Handler
                0x08000a0c                NMI_Handler
                0x08000a0c                EXTI3_IRQHandler
                0x08000a0c                LPTIM4_IRQHandler
                0x08000a0c                TIM8_TRG_COM_TIM14_IRQHandler
                0x08000a0c                LPTIM2_IRQHandler
                0x08000a0c                DFSDM1_FLT1_IRQHandler
                0x08000a0c                DMAMUX2_OVR_IRQHandler
                0x08000a0c                TIM8_UP_TIM13_IRQHandler
                0x08000a0c                I2C3_ER_IRQHandler
                0x08000a0c                DFSDM1_FLT2_IRQHandler
                0x08000a0c                MDMA_IRQHandler
                0x08000a0c                LPTIM3_IRQHandler
                0x08000a0c                HSEM1_IRQHandler
                0x08000a0c                EXTI0_IRQHandler
                0x08000a0c                FPU_IRQHandler
                0x08000a0c                OTG_HS_WKUP_IRQHandler
                0x08000a0c                FDCAN1_IT1_IRQHandler
                0x08000a0c                UsageFault_Handler
                0x08000a0c                LTDC_ER_IRQHandler
                0x08000a0c                HRTIM1_TIME_IRQHandler
                0x08000a0c                TIM6_DAC_IRQHandler
                0x08000a0c                DCMI_IRQHandler
                0x08000a0c                HRTIM1_TIMC_IRQHandler
                0x08000a0c                SAI2_IRQHandler
                0x08000a0c                DFSDM1_FLT3_IRQHandler
                0x08000a0c                TIM17_IRQHandler
                0x08000a0c                CRYP_IRQHandler
                0x08000a0c                BDMA_Channel7_IRQHandler
                0x08000a0c                LPTIM5_IRQHandler
                0x08000a0c                ADC3_IRQHandler
                0x08000a0c                DMA2_Stream0_IRQHandler
                0x08000a0c                BDMA_Channel2_IRQHandler
                0x08000a0c                DMAMUX1_OVR_IRQHandler
                0x08000a0c                TIM16_IRQHandler
                0x08000a0c                BDMA_Channel5_IRQHandler
                0x08000a0c                RCC_IRQHandler
                0x08000a0c                TIM8_BRK_TIM12_IRQHandler
                0x08000a0c                TIM1_TRG_COM_IRQHandler
                0x08000a0c                Default_Handler
                0x08000a0c                ECC_IRQHandler
                0x08000a0c                CEC_IRQHandler
                0x08000a0c                EXTI15_10_IRQHandler
                0x08000a0c                BDMA_Channel0_IRQHandler
                0x08000a0c                ADC_IRQHandler
                0x08000a0c                DMA1_Stream7_IRQHandler
                0x08000a0c                HRTIM1_TIMA_IRQHandler
                0x08000a0c                TIM7_IRQHandler
                0x08000a0c                DMA2_Stream7_IRQHandler
                0x08000a0c                TIM15_IRQHandler
                0x08000a0c                PVD_AVD_IRQHandler
                0x08000a0c                EXTI9_5_IRQHandler
                0x08000a0c                RTC_WKUP_IRQHandler
                0x08000a0c                LTDC_IRQHandler
                0x08000a0c                SAI3_IRQHandler
                0x08000a0c                ETH_WKUP_IRQHandler
                0x08000a0c                SPDIF_RX_IRQHandler
                0x08000a0c                MemManage_Handler
                0x08000a0c                SVC_Handler
                0x08000a0c                CRS_IRQHandler
                0x08000a0c                EXTI4_IRQHandler
                0x08000a0c                HRTIM1_TIMB_IRQHandler
                0x08000a0c                FDCAN2_IT1_IRQHandler
                0x08000a0c                ETH_IRQHandler
                0x08000a0c                TIM1_UP_IRQHandler
                0x08000a0c                BDMA_Channel4_IRQHandler
                0x08000a0c                WWDG_IRQHandler
                0x08000a0c                SPI6_IRQHandler
                0x08000a0c                I2C4_EV_IRQHandler
                0x08000a0c                MDIOS_IRQHandler
                0x08000a0c                FDCAN2_IT0_IRQHandler
                0x08000a0c                FDCAN1_IT0_IRQHandler
                0x08000a0c                OTG_FS_WKUP_IRQHandler
                0x08000a0c                DMA2D_IRQHandler
                0x08000a0c                TIM1_BRK_IRQHandler
                0x08000a0c                EXTI1_IRQHandler
                0x08000a0c                SDMMC2_IRQHandler
                0x08000a0c                OTG_FS_EP1_OUT_IRQHandler
                0x08000a0c                BDMA_Channel3_IRQHandler
                0x08000a0c                MDIOS_WKUP_IRQHandler
                0x08000a0c                DFSDM1_FLT0_IRQHandler
                0x08000a0c                SAI4_IRQHandler
                0x08000a0c                I2C2_ER_IRQHandler
                0x08000a0c                DMA2_Stream1_IRQHandler
                0x08000a0c                FLASH_IRQHandler
                0x08000a0c                BusFault_Handler
                0x08000a0c                OTG_FS_IRQHandler
                0x08000a0c                WAKEUP_PIN_IRQHandler
                0x08000a0c                OTG_FS_EP1_IN_IRQHandler
                0x08000a0c                I2C1_ER_IRQHandler
                0x08000a0c                FMC_IRQHandler
                0x08000a0c                FDCAN_CAL_IRQHandler
                0x08000a0c                SWPMI1_IRQHandler
                0x08000a0c                COMP1_IRQHandler
                0x08000a0c                LPTIM1_IRQHandler
                0x08000a0c                I2C4_ER_IRQHandler
                0x08000a0c                DMA2_Stream6_IRQHandler
                0x08000a0c                SAI1_IRQHandler
 .text.Reset_Handler
                0x08000a10       0x44 build/startup_stm32h750xx.o
                0x08000a10                Reset_Handler
 .text.disk_status
                0x08000a54       0x14 build/diskio.o
                0x08000a54                disk_status
 .text.disk_initialize
                0x08000a68       0x24 build/diskio.o
                0x08000a68                disk_initialize
 .text.disk_read
                0x08000a8c       0x1c build/diskio.o
                0x08000a8c                disk_read
 .text.disk_write
                0x08000aa8       0x1c build/diskio.o
                0x08000aa8                disk_write
 .text.disk_ioctl
                0x08000ac4       0x18 build/diskio.o
                0x08000ac4                disk_ioctl
 .text.get_ldnumber
                0x08000adc       0x54 build/ff.o
 .text.validate
                0x08000b30       0x30 build/ff.o
 .text.get_fileinfo
                0x08000b60       0xf8 build/ff.o
 .text.sync_window.part.0
                0x08000c58       0x54 build/ff.o
 .text.sync_fs  0x08000cac       0xc0 build/ff.o
 .text.move_window.part.0
                0x08000d6c       0x30 build/ff.o
 .text.check_fs
                0x08000d9c       0x84 build/ff.o
 .text.find_volume
                0x08000e20      0x258 build/ff.o
 .text.put_fat.part.0
                0x08001078      0x1c0 build/ff.o
 .text.get_fat.isra.0
                0x08001238      0x148 build/ff.o
 .text.remove_chain.isra.0
                0x08001380       0x80 build/ff.o
 .text.create_chain.isra.0
                0x08001400       0xbc build/ff.o
 .text.dir_next
                0x080014bc      0x148 build/ff.o
 .text.dir_read.constprop.0
                0x08001604      0x14c build/ff.o
 .text.dir_sdi  0x08001750       0xa8 build/ff.o
 .text.dir_find
                0x080017f8      0x1ec build/ff.o
 .text.follow_path
                0x080019e4      0x3a8 build/ff.o
 .text.dir_register
                0x08001d8c      0x3e4 build/ff.o
 .text.f_mount  0x08002170       0x58 build/ff.o
                0x08002170                f_mount
 .text.f_open   0x080021c8      0x278 build/ff.o
                0x080021c8                f_open
 .text.f_read   0x08002440      0x1c4 build/ff.o
                0x08002440                f_read
 .text.f_sync   0x08002604       0xec build/ff.o
                0x08002604                f_sync
 .text.f_close  0x080026f0       0x24 build/ff.o
                0x080026f0                f_close
 .text.f_opendir
                0x08002714       0x7c build/ff.o
                0x08002714                f_opendir
 .text.f_closedir
                0x08002790       0x30 build/ff.o
                0x08002790                f_closedir
 .text.f_readdir
                0x080027c0       0x5c build/ff.o
                0x080027c0                f_readdir
 .text.FATFS_LinkDriver
                0x0800281c       0x58 build/ff_gen_drv.o
                0x0800281c                FATFS_LinkDriver
 .text.ff_convert
                0x08002874       0x40 build/ccsbcs.o
                0x08002874                ff_convert
 .text.ff_wtoupper
                0x080028b4       0xa0 build/ccsbcs.o
                0x080028b4                ff_wtoupper
 .text._ZN5daisy9ParameterD2Ev
                0x08002954        0x4 build/SimpleSampler.o
                0x08002954                daisy::Parameter::~Parameter()
                0x08002954                daisy::Parameter::~Parameter()
 .text._ZN5daisy12SdmmcHandlerD2Ev
                0x08002958        0x4 build/SimpleSampler.o
                0x08002958                daisy::SdmmcHandler::~SdmmcHandler()
                0x08002958                daisy::SdmmcHandler::~SdmmcHandler()
 .text._ZN5daisy8DaisyPodD2Ev
                0x0800295c        0x4 build/SimpleSampler.o
                0x0800295c                daisy::DaisyPod::~DaisyPod()
                0x0800295c                daisy::DaisyPod::~DaisyPod()
 .text._ZN5daisy11OledDisplayINS_13SSD130xDriverILj128ELj64ENS_24SSD130x4WireSpiTransportEEEE4FillEb
                0x08002960       0x10 build/SimpleSampler.o
                0x08002960                daisy::OledDisplay<daisy::SSD130xDriver<128u, 64u, daisy::SSD130x4WireSpiTransport> >::Fill(bool)
 .text._ZN5daisy11OledDisplayINS_13SSD130xDriverILj128ELj64ENS_24SSD130x4WireSpiTransportEEEED2Ev
                0x08002970        0x4 build/SimpleSampler.o
                0x08002970                daisy::OledDisplay<daisy::SSD130xDriver<128u, 64u, daisy::SSD130x4WireSpiTransport> >::~OledDisplay()
                0x08002970                daisy::OledDisplay<daisy::SSD130xDriver<128u, 64u, daisy::SSD130x4WireSpiTransport> >::~OledDisplay()
 .text._ZNK5daisy11OledDisplayINS_13SSD130xDriverILj128ELj64ENS_24SSD130x4WireSpiTransportEEEE6HeightEv
                0x08002974        0x4 build/SimpleSampler.o
                0x08002974                daisy::OledDisplay<daisy::SSD130xDriver<128u, 64u, daisy::SSD130x4WireSpiTransport> >::Height() const
 .text._ZNK5daisy11OledDisplayINS_13SSD130xDriverILj128ELj64ENS_24SSD130x4WireSpiTransportEEEE5WidthEv
                0x08002978        0x4 build/SimpleSampler.o
                0x08002978                daisy::OledDisplay<daisy::SSD130xDriver<128u, 64u, daisy::SSD130x4WireSpiTransport> >::Width() const
 .text._ZN5daisy11OledDisplayINS_13SSD130xDriverILj128ELj64ENS_24SSD130x4WireSpiTransportEEEED0Ev
                0x0800297c       0x10 build/SimpleSampler.o
                0x0800297c                daisy::OledDisplay<daisy::SSD130xDriver<128u, 64u, daisy::SSD130x4WireSpiTransport> >::~OledDisplay()
 .text._Z13CacheFileListv.part.0
                0x0800298c       0xa0 build/SimpleSampler.o
 .text._ZN5daisy11OledDisplayINS_13SSD130xDriverILj128ELj64ENS_24SSD130x4WireSpiTransportEEEE9DrawPixelEjjb
                0x08002a2c       0x44 build/SimpleSampler.o
                0x08002a2c                daisy::OledDisplay<daisy::SSD130xDriver<128u, 64u, daisy::SSD130x4WireSpiTransport> >::DrawPixel(unsigned int, unsigned int, bool)
 .text._ZN5daisy11OledDisplayINS_13SSD130xDriverILj128ELj64ENS_24SSD130x4WireSpiTransportEEEE6UpdateEv
                0x08002a70       0x8c build/SimpleSampler.o
                0x08002a70                daisy::OledDisplay<daisy::SSD130xDriver<128u, 64u, daisy::SSD130x4WireSpiTransport> >::Update()
 .text._ZN5daisy25OneBitGraphicsDisplayImplINS_11OledDisplayINS_13SSD130xDriverILj128ELj64ENS_24SSD130x4WireSpiTransportEEEEEE8DrawLineEjjjjb
                0x08002afc       0xfc build/SimpleSampler.o
                0x08002afc                daisy::OneBitGraphicsDisplayImpl<daisy::OledDisplay<daisy::SSD130xDriver<128u, 64u, daisy::SSD130x4WireSpiTransport> > >::DrawLine(unsigned int, unsigned int, unsigned int, unsigned int, bool)
 .text._ZN5daisy25OneBitGraphicsDisplayImplINS_11OledDisplayINS_13SSD130xDriverILj128ELj64ENS_24SSD130x4WireSpiTransportEEEEEE7DrawArcEjjjiib
                0x08002bf8      0x478 build/SimpleSampler.o
                0x08002bf8                daisy::OneBitGraphicsDisplayImpl<daisy::OledDisplay<daisy::SSD130xDriver<128u, 64u, daisy::SSD130x4WireSpiTransport> > >::DrawArc(unsigned int, unsigned int, unsigned int, int, int, bool)
 .text._ZN5daisy25OneBitGraphicsDisplayImplINS_11OledDisplayINS_13SSD130xDriverILj128ELj64ENS_24SSD130x4WireSpiTransportEEEEEE11WriteStringEPKc7FontDefb
                0x08003070      0x1c0 build/SimpleSampler.o
                0x08003070                daisy::OneBitGraphicsDisplayImpl<daisy::OledDisplay<daisy::SSD130xDriver<128u, 64u, daisy::SSD130x4WireSpiTransport> > >::WriteString(char const*, FontDef, bool)
 .text._ZN5daisy25OneBitGraphicsDisplayImplINS_11OledDisplayINS_13SSD130xDriverILj128ELj64ENS_24SSD130x4WireSpiTransportEEEEEE18WriteStringAlignedEPKcRK7FontDefNS_9RectangleENS_9AlignmentEb
                0x08003230      0x26c build/SimpleSampler.o
                0x08003230                daisy::OneBitGraphicsDisplayImpl<daisy::OledDisplay<daisy::SSD130xDriver<128u, 64u, daisy::SSD130x4WireSpiTransport> > >::WriteStringAligned(char const*, FontDef const&, daisy::Rectangle, daisy::Alignment, bool)
 .text._ZN5daisy25OneBitGraphicsDisplayImplINS_11OledDisplayINS_13SSD130xDriverILj128ELj64ENS_24SSD130x4WireSpiTransportEEEEEE8DrawRectEjjjjbb
                0x0800349c      0x418 build/SimpleSampler.o
                0x0800349c                daisy::OneBitGraphicsDisplayImpl<daisy::OledDisplay<daisy::SSD130xDriver<128u, 64u, daisy::SSD130x4WireSpiTransport> > >::DrawRect(unsigned int, unsigned int, unsigned int, unsigned int, bool, bool)
 .text._ZN5daisy25OneBitGraphicsDisplayImplINS_11OledDisplayINS_13SSD130xDriverILj128ELj64ENS_24SSD130x4WireSpiTransportEEEEEE9WriteCharEc7FontDefb
                0x080038b4      0x1a0 build/SimpleSampler.o
                0x080038b4                daisy::OneBitGraphicsDisplayImpl<daisy::OledDisplay<daisy::SSD130xDriver<128u, 64u, daisy::SSD130x4WireSpiTransport> > >::WriteChar(char, FontDef, bool)
 .text._ZN5daisy21OneBitGraphicsDisplay9SetCursorEtt
                0x08003a54       0x6c build/SimpleSampler.o
                0x08003a54                daisy::OneBitGraphicsDisplay::SetCursor(unsigned short, unsigned short)
 .text._Z20custom_pool_allocatej
                0x08003ac0       0x20 build/SimpleSampler.o
                0x08003ac0                custom_pool_allocate(unsigned int)
 .text._Z20GetCurrentFolderNamev
                0x08003ae0       0x60 build/SimpleSampler.o
                0x08003ae0                GetCurrentFolderName()
 .text._Z14EnterDirectoryPKc
                0x08003b40       0xc4 build/SimpleSampler.o
                0x08003b40                EnterDirectory(char const*)
 .text._Z13CacheFileListv
                0x08003c04       0x28 build/SimpleSampler.o
                0x08003c04                CacheFileList()
 .text._Z20DisplayFilesOnScreenv
                0x08003c2c      0x4bc build/SimpleSampler.o
                0x08003c2c                DisplayFilesOnScreen()
 .text._ZN5daisy13SSD130xDriverILj128ELj64ENS_24SSD130x4WireSpiTransportEE4InitENS2_6ConfigE
                0x080040e8      0x2ec build/SimpleSampler.o
                0x080040e8                daisy::SSD130xDriver<128u, 64u, daisy::SSD130x4WireSpiTransport>::Init(daisy::SSD130xDriver<128u, 64u, daisy::SSD130x4WireSpiTransport>::Config)
 .text._ZN5daisy13SSD130xDriverILj128ELj64ENS_24SSD130x4WireSpiTransportEE6UpdateEv
                0x080043d4       0x88 build/SimpleSampler.o
                0x080043d4                daisy::SSD130xDriver<128u, 64u, daisy::SSD130x4WireSpiTransport>::Update()
 .text.startup.main
                0x0800445c      0x3e0 build/SimpleSampler.o
                0x0800445c                main
 .text.startup._GLOBAL__sub_I_hw
                0x0800483c       0xac build/SimpleSampler.o
 .text._ZN16MemoryDataSource5ftellEv
                0x080048e8        0x4 build/SampleLibrary.o
                0x080048e8                MemoryDataSource::ftell()
 .text._ZN16MemoryDataSource5freadEPvjj
                0x080048ec       0x48 build/SampleLibrary.o
                0x080048ec                MemoryDataSource::fread(void*, unsigned int, unsigned int)
 .text._ZN16MemoryDataSource5fseekEli
                0x08004934       0x30 build/SampleLibrary.o
                0x08004934                MemoryDataSource::fseek(long, int)
 .text._ZN13SampleLibraryC2ERN5daisy12SdmmcHandlerERNS0_14FatFSInterfaceE
                0x08004964       0x58 build/SampleLibrary.o
                0x08004964                SampleLibrary::SampleLibrary(daisy::SdmmcHandler&, daisy::FatFSInterface&)
                0x08004964                SampleLibrary::SampleLibrary(daisy::SdmmcHandler&, daisy::FatFSInterface&)
 .text._ZN13SampleLibrary10loadSampleEPKci
                0x080049bc       0xac build/SampleLibrary.o
                0x080049bc                SampleLibrary::loadSample(char const*, int)
 .text._ZN13SampleLibrary4initEv
                0x08004a68       0xa0 build/SampleLibrary.o
                0x08004a68                SampleLibrary::init()
 .text._ZN11AudioEngineC2EP13SampleLibrary
                0x08004b08       0x18 build/AudioEngine.o
                0x08004b08                AudioEngine::AudioEngine(SampleLibrary*)
                0x08004b08                AudioEngine::AudioEngine(SampleLibrary*)
 .text._ZN11AudioEngine4initEd
                0x08004b20       0x30 build/AudioEngine.o
                0x08004b20                AudioEngine::init(double)
 .text._ZN5VoiceC2Ed
                0x08004b50       0x1c build/Voice.o
                0x08004b50                Voice::Voice(double)
                0x08004b50                Voice::Voice(double)
 .text._ZN13b3ReadWavFileD2Ev
                0x08004b6c        0x4 build/b3ReadWavFile.o
                0x08004b6c                b3ReadWavFile::~b3ReadWavFile()
                0x08004b6c                b3ReadWavFile::~b3ReadWavFile()
 .text._ZN13b3ReadWavFileD0Ev
                0x08004b70       0x10 build/b3ReadWavFile.o
                0x08004b70                b3ReadWavFile::~b3ReadWavFile()
 .text._ZN13b3ReadWavFileC2Ev
                0x08004b80       0x10 build/b3ReadWavFile.o
                0x08004b80                b3ReadWavFile::b3ReadWavFile()
                0x08004b80                b3ReadWavFile::b3ReadWavFile()
 .text._ZN13b3ReadWavFile10getWavInfoER12b3DataSource
                0x08004b90      0x3c8 build/b3ReadWavFile.o
                0x08004b90                b3ReadWavFile::getWavInfo(b3DataSource&)
 .text._ZN5daisy8DaisyPod7DelayMsEj
                0x08004f58        0x4 ../../libDaisy//build\libdaisy.a(daisy_pod.o)
                0x08004f58                daisy::DaisyPod::DelayMs(unsigned int)
 .text._ZN5daisy8DaisyPod15AudioSampleRateEv
                0x08004f5c        0x4 ../../libDaisy//build\libdaisy.a(daisy_pod.o)
                0x08004f5c                daisy::DaisyPod::AudioSampleRate()
 .text._ZN5daisy8DaisyPod8StartAdcEv
                0x08004f60        0x8 ../../libDaisy//build\libdaisy.a(daisy_pod.o)
                0x08004f60                daisy::DaisyPod::StartAdc()
 .text._ZN5daisy8DaisyPod10UpdateLedsEv
                0x08004f68       0x18 ../../libDaisy//build\libdaisy.a(daisy_pod.o)
                0x08004f68                daisy::DaisyPod::UpdateLeds()
 .text._ZN5daisy8DaisyPod8InitLedsEv
                0x08004f80       0x98 ../../libDaisy//build\libdaisy.a(daisy_pod.o)
                0x08004f80                daisy::DaisyPod::InitLeds()
 .text._ZN5daisy8DaisyPod9InitKnobsEv
                0x08005018       0x90 ../../libDaisy//build\libdaisy.a(daisy_pod.o)
                0x08005018                daisy::DaisyPod::InitKnobs()
 .text._ZN5daisy8DaisyPod4InitEb
                0x080050a8      0x128 ../../libDaisy//build\libdaisy.a(daisy_pod.o)
                0x080050a8                daisy::DaisyPod::Init(bool)
 .text._ZN5daisy9DaisySeed9ConfigureEv
                0x080051d0        0x4 ../../libDaisy//build\libdaisy.a(daisy_seed.o)
                0x080051d0                daisy::DaisySeed::Configure()
 .text._ZN5daisy9DaisySeed6GetPinEh
                0x080051d4       0x2c ../../libDaisy//build\libdaisy.a(daisy_seed.o)
                0x080051d4                daisy::DaisySeed::GetPin(unsigned char)
 .text._ZN5daisy9DaisySeed7DelayMsEj
                0x08005200        0x8 ../../libDaisy//build\libdaisy.a(daisy_seed.o)
                0x08005200                daisy::DaisySeed::DelayMs(unsigned int)
 .text._ZN5daisy9DaisySeed15AudioSampleRateEv
                0x08005208        0x8 ../../libDaisy//build\libdaisy.a(daisy_seed.o)
                0x08005208                daisy::DaisySeed::AudioSampleRate()
 .text._ZN5daisy9DaisySeed17SetAudioBlockSizeEj
                0x08005210       0x38 ../../libDaisy//build\libdaisy.a(daisy_seed.o)
                0x08005210                daisy::DaisySeed::SetAudioBlockSize(unsigned int)
 .text._ZNK5daisy9DaisySeed17AudioCallbackRateEv
                0x08005248        0x8 ../../libDaisy//build\libdaisy.a(daisy_seed.o)
                0x08005248                daisy::DaisySeed::AudioCallbackRate() const
 .text._ZN5daisy9DaisySeed17CheckBoardVersionEv
                0x08005250       0x6c ../../libDaisy//build\libdaisy.a(daisy_seed.o)
                0x08005250                daisy::DaisySeed::CheckBoardVersion()
 .text._ZN5daisy9DaisySeed14ConfigureAudioEv
                0x080052bc      0x10c ../../libDaisy//build\libdaisy.a(daisy_seed.o)
                0x080052bc                daisy::DaisySeed::ConfigureAudio()
 .text._ZN5daisy9DaisySeed4InitEb
                0x080053c8      0x108 ../../libDaisy//build\libdaisy.a(daisy_seed.o)
                0x080053c8                daisy::DaisySeed::Init(bool)
 .text._ZN5daisy6Ak45564InitE12dsy_gpio_pin
                0x080054d0       0x44 ../../libDaisy//build\libdaisy.a(codec_ak4556.o)
                0x080054d0                daisy::Ak4556::Init(dsy_gpio_pin)
 .text._ZN5daisy6Wm873120WriteControlRegisterEht
                0x08005514       0x3c ../../libDaisy//build\libdaisy.a(codec_wm8731.o)
                0x08005514                daisy::Wm8731::WriteControlRegister(unsigned char, unsigned short)
 .text._ZN5daisy6Wm87314InitERKNS0_6ConfigENS_9I2CHandleE
                0x08005550      0x1bc ../../libDaisy//build\libdaisy.a(codec_wm8731.o)
                0x08005550                daisy::Wm8731::Init(daisy::Wm8731::Config const&, daisy::I2CHandle)
 .text._ZN11SdramHandle10DeviceInitEv
                0x0800570c       0x98 ../../libDaisy//build\libdaisy.a(sdram.o)
                0x0800570c                SdramHandle::DeviceInit()
 .text._ZN11SdramHandle4InitEv
                0x080057a4       0x7c ../../libDaisy//build\libdaisy.a(sdram.o)
                0x080057a4                SdramHandle::Init()
 .text.HAL_SDRAM_MspInit
                0x08005820      0x1a8 ../../libDaisy//build\libdaisy.a(sdram.o)
                0x08005820                HAL_SDRAM_MspInit
 .text._ZN5daisy11AudioHandle4InitERKNS0_6ConfigENS_9SaiHandleE
                0x080059c8       0x70 ../../libDaisy//build\libdaisy.a(audio.o)
                0x080059c8                daisy::AudioHandle::Init(daisy::AudioHandle::Config const&, daisy::SaiHandle)
 .text._ZNK5daisy11AudioHandle9GetConfigEv
                0x08005a38        0x8 ../../libDaisy//build\libdaisy.a(audio.o)
                0x08005a38                daisy::AudioHandle::GetConfig() const
 .text._ZN5daisy11AudioHandle12SetBlockSizeEj
                0x08005a40       0x1c ../../libDaisy//build\libdaisy.a(audio.o)
                0x08005a40                daisy::AudioHandle::SetBlockSize(unsigned int)
 .text._ZN5daisy11AudioHandle13GetSampleRateEv
                0x08005a5c        0x8 ../../libDaisy//build\libdaisy.a(audio.o)
                0x08005a5c                daisy::AudioHandle::GetSampleRate()
 .text.startup._GLOBAL__sub_I__ZN5daisy11AudioHandle4Impl4InitENS0_6ConfigENS_9SaiHandleE
                0x08005a64       0x24 ../../libDaisy//build\libdaisy.a(audio.o)
 .text._ZN5daisy13AnalogControl4InitEPtfbbf
                0x08005a88       0x64 ../../libDaisy//build\libdaisy.a(ctrl.o)
                0x08005a88                daisy::AnalogControl::Init(unsigned short*, float, bool, bool, float)
 .text._ZN5daisy13AnalogControl7ProcessEv
                0x08005aec       0x48 ../../libDaisy//build\libdaisy.a(ctrl.o)
                0x08005aec                daisy::AnalogControl::Process()
 .text._ZN5daisy13AnalogControl13SetSampleRateEf
                0x08005b34       0x58 ../../libDaisy//build\libdaisy.a(ctrl.o)
                0x08005b34                daisy::AnalogControl::SetSampleRate(float)
 .text._ZN5daisy7Encoder4InitE12dsy_gpio_pinS1_S1_f
                0x08005b8c       0x60 ../../libDaisy//build\libdaisy.a(encoder.o)
                0x08005b8c                daisy::Encoder::Init(dsy_gpio_pin, dsy_gpio_pin, dsy_gpio_pin, float)
 .text._ZN5daisy7Encoder8DebounceEv
                0x08005bec       0x7c ../../libDaisy//build\libdaisy.a(encoder.o)
                0x08005bec                daisy::Encoder::Debounce()
 .text._ZN5daisy17MidiUartTransport6ConfigC2Ev
                0x08005c68       0x28 ../../libDaisy//build\libdaisy.a(midi.o)
                0x08005c68                daisy::MidiUartTransport::Config::Config()
                0x08005c68                daisy::MidiUartTransport::Config::Config()
 .text._ZN5daisy10MidiParser5ResetEv
                0x08005c90        0xc ../../libDaisy//build\libdaisy.a(midi_parser.o)
                0x08005c90                daisy::MidiParser::Reset()
 .text._ZN5daisy9Parameter4InitENS_13AnalogControlEffNS0_5CurveE
                0x08005c9c       0x60 ../../libDaisy//build\libdaisy.a(parameter.o)
                0x08005c9c                daisy::Parameter::Init(daisy::AnalogControl, float, float, daisy::Parameter::Curve)
 .text._ZN5daisy9Parameter7ProcessEv
                0x08005cfc       0xac ../../libDaisy//build\libdaisy.a(parameter.o)
                0x08005cfc                daisy::Parameter::Process()
 .text._ZN5daisy6RgbLed4InitE12dsy_gpio_pinS1_S1_b
                0x08005da8       0x50 ../../libDaisy//build\libdaisy.a(rgb_led.o)
                0x08005da8                daisy::RgbLed::Init(dsy_gpio_pin, dsy_gpio_pin, dsy_gpio_pin, bool)
 .text._ZN5daisy6RgbLed3SetEfff
                0x08005df8       0x34 ../../libDaisy//build\libdaisy.a(rgb_led.o)
                0x08005df8                daisy::RgbLed::Set(float, float, float)
 .text._ZN5daisy6RgbLed8SetColorENS_5ColorE
                0x08005e2c       0x2c ../../libDaisy//build\libdaisy.a(rgb_led.o)
                0x08005e2c                daisy::RgbLed::SetColor(daisy::Color)
 .text._ZN5daisy6RgbLed6UpdateEv
                0x08005e58       0x1c ../../libDaisy//build\libdaisy.a(rgb_led.o)
                0x08005e58                daisy::RgbLed::Update()
 .text._ZN5daisy6Switch4InitE12dsy_gpio_pinf
                0x08005e74       0x34 ../../libDaisy//build\libdaisy.a(switch.o)
                0x08005e74                daisy::Switch::Init(dsy_gpio_pin, float)
 .text._ZN5daisy6Switch8DebounceEv
                0x08005ea8       0x5c ../../libDaisy//build\libdaisy.a(switch.o)
                0x08005ea8                daisy::Switch::Debounce()
 .text._ZN5daisy16AdcChannelConfig10InitSingleE12dsy_gpio_pinNS0_15ConversionSpeedE
                0x08005f04       0x28 ../../libDaisy//build\libdaisy.a(adc.o)
                0x08005f04                daisy::AdcChannelConfig::InitSingle(dsy_gpio_pin, daisy::AdcChannelConfig::ConversionSpeed)
 .text._ZN5daisy9AdcHandle4InitEPNS_16AdcChannelConfigEjNS0_12OverSamplingE
                0x08005f2c      0x41c ../../libDaisy//build\libdaisy.a(adc.o)
                0x08005f2c                daisy::AdcHandle::Init(daisy::AdcChannelConfig*, unsigned int, daisy::AdcHandle::OverSampling)
 .text._ZN5daisy9AdcHandle5StartEv
                0x08006348       0x2c ../../libDaisy//build\libdaisy.a(adc.o)
                0x08006348                daisy::AdcHandle::Start()
 .text._ZNK5daisy9AdcHandle6GetPtrEh
                0x08006374       0x14 ../../libDaisy//build\libdaisy.a(adc.o)
                0x08006374                daisy::AdcHandle::GetPtr(unsigned char) const
 .text.HAL_ADC_MspInit
                0x08006388       0x98 ../../libDaisy//build\libdaisy.a(adc.o)
                0x08006388                HAL_ADC_MspInit
 .text.DMA1_Stream2_IRQHandler
                0x08006420        0xc ../../libDaisy//build\libdaisy.a(adc.o)
                0x08006420                DMA1_Stream2_IRQHandler
 .text.HAL_ADC_ConvCpltCallback
                0x0800642c      0x148 ../../libDaisy//build\libdaisy.a(adc.o)
                0x0800642c                HAL_ADC_ConvCpltCallback
 .text.HAL_ADC_ErrorCallback
                0x08006574        0x4 ../../libDaisy//build\libdaisy.a(adc.o)
                0x08006574                HAL_ADC_ErrorCallback
 .text._ZN5daisy4GPIO4InitENS_3PinENS0_4ModeENS0_4PullENS0_5SpeedE
                0x08006578      0x1cc ../../libDaisy//build\libdaisy.a(gpio.o)
                0x08006578                daisy::GPIO::Init(daisy::Pin, daisy::GPIO::Mode, daisy::GPIO::Pull, daisy::GPIO::Speed)
 .text._ZN5daisy4GPIO4ReadEv
                0x08006744       0x18 ../../libDaisy//build\libdaisy.a(gpio.o)
                0x08006744                daisy::GPIO::Read()
 .text._ZN5daisy4GPIO5WriteEb
                0x0800675c       0x14 ../../libDaisy//build\libdaisy.a(gpio.o)
                0x0800675c                daisy::GPIO::Write(bool)
 .text.dsy_gpio_init
                0x08006770      0x1b8 ../../libDaisy//build\libdaisy.a(gpio.o)
                0x08006770                dsy_gpio_init
 .text.dsy_gpio_read
                0x08006928       0x1c ../../libDaisy//build\libdaisy.a(gpio.o)
                0x08006928                dsy_gpio_read
 .text.dsy_gpio_write
                0x08006944       0x24 ../../libDaisy//build\libdaisy.a(gpio.o)
                0x08006944                dsy_gpio_write
 .text._ZN5daisy9I2CHandle4Impl8InitPinsEv
                0x08006968       0x58 ../../libDaisy//build\libdaisy.a(i2c.o)
                0x08006968                daisy::I2CHandle::Impl::InitPins()
 .text.HAL_I2C_MspInit
                0x080069c0      0x1b4 ../../libDaisy//build\libdaisy.a(i2c.o)
                0x080069c0                HAL_I2C_MspInit
 .text.dsy_i2c_global_init
                0x08006b74       0x78 ../../libDaisy//build\libdaisy.a(i2c.o)
                0x08006b74                dsy_i2c_global_init
 .text.DMA1_Stream6_IRQHandler
                0x08006bec       0x34 ../../libDaisy//build\libdaisy.a(i2c.o)
                0x08006bec                DMA1_Stream6_IRQHandler
 .text.I2C1_EV_IRQHandler
                0x08006c20        0xc ../../libDaisy//build\libdaisy.a(i2c.o)
                0x08006c20                I2C1_EV_IRQHandler
 .text.I2C2_EV_IRQHandler
                0x08006c2c        0xc ../../libDaisy//build\libdaisy.a(i2c.o)
                0x08006c2c                I2C2_EV_IRQHandler
 .text.I2C3_EV_IRQHandler
                0x08006c38        0xc ../../libDaisy//build\libdaisy.a(i2c.o)
                0x08006c38                I2C3_EV_IRQHandler
 .text._ZN5daisy9I2CHandle4InitERKNS0_6ConfigE
                0x08006c44      0x12c ../../libDaisy//build\libdaisy.a(i2c.o)
                0x08006c44                daisy::I2CHandle::Init(daisy::I2CHandle::Config const&)
 .text._ZN5daisy9I2CHandle16TransmitBlockingEtPhtm
                0x08006d70       0x50 ../../libDaisy//build\libdaisy.a(i2c.o)
                0x08006d70                daisy::I2CHandle::TransmitBlocking(unsigned short, unsigned char*, unsigned short, unsigned long)
 .text.startup._GLOBAL__sub_I__ZN5daisy9I2CHandle4Impl10GlobalInitEv
                0x08006dc0       0x18 ../../libDaisy//build\libdaisy.a(i2c.o)
 .text._ZN5daisy10QSPIHandle4Impl11WriteEnableEv
                0x08006dd8       0x8c ../../libDaisy//build\libdaisy.a(qspi.o)
                0x08006dd8                daisy::QSPIHandle::Impl::WriteEnable()
 *fill*         0x08006e64        0x4 
 .text._ZN5daisy10QSPIHandle4Impl17DummyCyclesConfigENS0_6Config6DeviceE
                0x08006e68      0x118 ../../libDaisy//build\libdaisy.a(qspi.o)
                0x08006e68                daisy::QSPIHandle::Impl::DummyCyclesConfig(daisy::QSPIHandle::Config::Device)
 .text._ZN5daisy10QSPIHandle4Impl10QuadEnableEv
                0x08006f80      0x158 ../../libDaisy//build\libdaisy.a(qspi.o)
                0x08006f80                daisy::QSPIHandle::Impl::QuadEnable()
 .text._ZN5daisy10QSPIHandle4InitERKNS0_6ConfigE
                0x080070d8      0x198 ../../libDaisy//build\libdaisy.a(qspi.o)
                0x080070d8                daisy::QSPIHandle::Init(daisy::QSPIHandle::Config const&)
 .text.HAL_QSPI_MspInit
                0x08007270      0x11c ../../libDaisy//build\libdaisy.a(qspi.o)
                0x08007270                HAL_QSPI_MspInit
 .text.HAL_QSPI_MspDeInit
                0x0800738c       0x54 ../../libDaisy//build\libdaisy.a(qspi.o)
                0x0800738c                HAL_QSPI_MspDeInit
 .text.QUADSPI_IRQHandler
                0x080073e0        0xc ../../libDaisy//build\libdaisy.a(qspi.o)
                0x080073e0                QUADSPI_IRQHandler
 .text.startup._GLOBAL__sub_I__ZN5daisy10QSPIHandle4Impl4InitERKNS0_6ConfigE
                0x080073ec       0x28 ../../libDaisy//build\libdaisy.a(qspi.o)
 .text._ZN5daisy9SaiHandle4Impl7InitDmaENS1_15PeripheralBlockE
                0x08007414       0xa0 ../../libDaisy//build\libdaisy.a(sai.o)
                0x08007414                daisy::SaiHandle::Impl::InitDma(daisy::SaiHandle::Impl::PeripheralBlock)
 .text._ZN5daisy9SaiHandle4Impl8InitPinsEv
                0x080074b4       0xa8 ../../libDaisy//build\libdaisy.a(sai.o)
                0x080074b4                daisy::SaiHandle::Impl::InitPins()
 .text.HAL_SAI_MspInit
                0x0800755c      0x164 ../../libDaisy//build\libdaisy.a(sai.o)
                0x0800755c                HAL_SAI_MspInit
 .text.DMA1_Stream0_IRQHandler
                0x080076c0        0xc ../../libDaisy//build\libdaisy.a(sai.o)
                0x080076c0                DMA1_Stream0_IRQHandler
 .text.DMA1_Stream1_IRQHandler
                0x080076cc        0xc ../../libDaisy//build\libdaisy.a(sai.o)
                0x080076cc                DMA1_Stream1_IRQHandler
 .text.DMA1_Stream3_IRQHandler
                0x080076d8        0xc ../../libDaisy//build\libdaisy.a(sai.o)
                0x080076d8                DMA1_Stream3_IRQHandler
 .text.DMA1_Stream4_IRQHandler
                0x080076e4        0xc ../../libDaisy//build\libdaisy.a(sai.o)
                0x080076e4                DMA1_Stream4_IRQHandler
 .text._ZN5daisy9SaiHandle4InitERKNS0_6ConfigE
                0x080076f0      0x1f0 ../../libDaisy//build\libdaisy.a(sai.o)
                0x080076f0                daisy::SaiHandle::Init(daisy::SaiHandle::Config const&)
 .text._ZNK5daisy9SaiHandle9GetConfigEv
                0x080078e0        0x4 ../../libDaisy//build\libdaisy.a(sai.o)
                0x080078e0                daisy::SaiHandle::GetConfig() const
 .text._ZN5daisy9SaiHandle13GetSampleRateEv
                0x080078e4       0x24 ../../libDaisy//build\libdaisy.a(sai.o)
                0x080078e4                daisy::SaiHandle::GetSampleRate()
 .text._ZN5daisy12SdmmcHandler4InitERKNS0_6ConfigE
                0x08007908       0x80 ../../libDaisy//build\libdaisy.a(sdmmc.o)
                0x08007908                daisy::SdmmcHandler::Init(daisy::SdmmcHandler::Config const&)
 .text.HAL_SD_MspInit
                0x08007988       0xe4 ../../libDaisy//build\libdaisy.a(sdmmc.o)
                0x08007988                HAL_SD_MspInit
 .text.SDMMC1_IRQHandler
                0x08007a6c        0xc ../../libDaisy//build\libdaisy.a(sdmmc.o)
                0x08007a6c                SDMMC1_IRQHandler
 .text._ZN5daisy9SpiHandle4Impl7InitDmaEv
                0x08007a78       0xec ../../libDaisy//build\libdaisy.a(spi.o)
                0x08007a78                daisy::SpiHandle::Impl::InitDma()
 .text._ZN5daisy9SpiHandle4Impl10StartDmaTxEPhjPFvPvEPFvS3_NS0_6ResultEES3_
                0x08007b64       0xc8 ../../libDaisy//build\libdaisy.a(spi.o)
                0x08007b64                daisy::SpiHandle::Impl::StartDmaTx(unsigned char*, unsigned int, void (*)(void*), void (*)(void*, daisy::SpiHandle::Result), void*)
 .text._ZN5daisy9SpiHandle4Impl10StartDmaRxEPhjPFvPvEPFvS3_NS0_6ResultEES3_
                0x08007c2c       0xc8 ../../libDaisy//build\libdaisy.a(spi.o)
                0x08007c2c                daisy::SpiHandle::Impl::StartDmaRx(unsigned char*, unsigned int, void (*)(void*), void (*)(void*, daisy::SpiHandle::Result), void*)
 .text._ZN5daisy9SpiHandle4Impl12StartDmaRxTxEPhS2_jPFvPvEPFvS3_NS0_6ResultEES3_
                0x08007cf4       0xcc ../../libDaisy//build\libdaisy.a(spi.o)
                0x08007cf4                daisy::SpiHandle::Impl::StartDmaRxTx(unsigned char*, unsigned char*, unsigned int, void (*)(void*), void (*)(void*, daisy::SpiHandle::Result), void*)
 .text._ZN5daisy9SpiHandle4Impl8InitPinsEv
                0x08007dc0      0x274 ../../libDaisy//build\libdaisy.a(spi.o)
                0x08007dc0                daisy::SpiHandle::Impl::InitPins()
 .text.HAL_SPI_MspInit
                0x08008034      0x1a8 ../../libDaisy//build\libdaisy.a(spi.o)
                0x08008034                HAL_SPI_MspInit
 .text.dsy_spi_global_init
                0x080081dc       0x80 ../../libDaisy//build\libdaisy.a(spi.o)
                0x080081dc                dsy_spi_global_init
 .text.SPI1_IRQHandler
                0x0800825c        0xc ../../libDaisy//build\libdaisy.a(spi.o)
                0x0800825c                SPI1_IRQHandler
 .text.SPI2_IRQHandler
                0x08008268        0xc ../../libDaisy//build\libdaisy.a(spi.o)
                0x08008268                SPI2_IRQHandler
 .text.SPI3_IRQHandler
                0x08008274        0xc ../../libDaisy//build\libdaisy.a(spi.o)
                0x08008274                SPI3_IRQHandler
 .text.SPI4_IRQHandler
                0x08008280        0xc ../../libDaisy//build\libdaisy.a(spi.o)
                0x08008280                SPI4_IRQHandler
 .text.SPI5_IRQHandler
                0x0800828c        0xc ../../libDaisy//build\libdaisy.a(spi.o)
                0x0800828c                SPI5_IRQHandler
 .text.DMA2_Stream2_IRQHandler
                0x08008298       0x34 ../../libDaisy//build\libdaisy.a(spi.o)
                0x08008298                DMA2_Stream2_IRQHandler
 .text.DMA2_Stream3_IRQHandler
                0x080082cc       0x38 ../../libDaisy//build\libdaisy.a(spi.o)
                0x080082cc                DMA2_Stream3_IRQHandler
 .text.HAL_SPI_TxCpltCallback
                0x08008304       0xc4 ../../libDaisy//build\libdaisy.a(spi.o)
                0x08008304                HAL_SPI_TxCpltCallback
 .text.HAL_SPI_RxCpltCallback
                0x080083c8       0xc4 ../../libDaisy//build\libdaisy.a(spi.o)
                0x080083c8                HAL_SPI_RxCpltCallback
 .text.HAL_SPI_TxRxCpltCallback
                0x0800848c       0xc4 ../../libDaisy//build\libdaisy.a(spi.o)
                0x0800848c                HAL_SPI_TxRxCpltCallback
 .text.HAL_SPI_ErrorCallback
                0x08008550       0xc8 ../../libDaisy//build\libdaisy.a(spi.o)
                0x08008550                HAL_SPI_ErrorCallback
 .text._ZN5daisy9SpiHandle4InitERKNS0_6ConfigE
                0x08008618      0x110 ../../libDaisy//build\libdaisy.a(spi.o)
                0x08008618                daisy::SpiHandle::Init(daisy::SpiHandle::Config const&)
 .text._ZN5daisy9SpiHandle16BlockingTransmitEPhjm
                0x08008728       0x14 ../../libDaisy//build\libdaisy.a(spi.o)
                0x08008728                daisy::SpiHandle::BlockingTransmit(unsigned char*, unsigned int, unsigned long)
 .text.startup._GLOBAL__sub_I__Z19MapInstanceToHandleP11SPI_TypeDef
                0x0800873c      0x1b0 ../../libDaisy//build\libdaisy.a(spi.o)
 .text._ZL20UART_CheckRxListenerPN5daisy11UartHandler4ImplE
                0x080088ec       0x84 ../../libDaisy//build\libdaisy.a(uart.o)
 .text._ZN5daisy11UartHandler4Impl10StartDmaTxEPhjPFvPvEPFvS3_NS0_6ResultEES3_
                0x08008970      0x184 ../../libDaisy//build\libdaisy.a(uart.o)
                0x08008970                daisy::UartHandler::Impl::StartDmaTx(unsigned char*, unsigned int, void (*)(void*), void (*)(void*, daisy::UartHandler::Result), void*)
 .text._ZN5daisy11UartHandler4Impl10StartDmaRxEPhjPFvPvEPFvS3_NS0_6ResultEES3_
                0x08008af4      0x184 ../../libDaisy//build\libdaisy.a(uart.o)
                0x08008af4                daisy::UartHandler::Impl::StartDmaRx(unsigned char*, unsigned int, void (*)(void*), void (*)(void*, daisy::UartHandler::Result), void*)
 .text._ZN5daisy11UartHandler4Impl19DmaTransferFinishedEP20__UART_HandleTypeDefNS0_6ResultE
                0x08008c78       0xc0 ../../libDaisy//build\libdaisy.a(uart.o)
                0x08008c78                daisy::UartHandler::Impl::DmaTransferFinished(__UART_HandleTypeDef*, daisy::UartHandler::Result)
 .text._ZN5daisy11UartHandler4Impl8InitPinsEv
                0x08008d38      0x154 ../../libDaisy//build\libdaisy.a(uart.o)
                0x08008d38                daisy::UartHandler::Impl::InitPins()
 .text.HAL_UART_MspInit
                0x08008e8c      0x210 ../../libDaisy//build\libdaisy.a(uart.o)
                0x08008e8c                HAL_UART_MspInit
 .text.dsy_uart_global_init
                0x0800909c      0x110 ../../libDaisy//build\libdaisy.a(uart.o)
                0x0800909c                dsy_uart_global_init
 .text.USART1_IRQHandler
                0x080091ac       0x2c ../../libDaisy//build\libdaisy.a(uart.o)
                0x080091ac                USART1_IRQHandler
 .text.USART2_IRQHandler
                0x080091d8       0x34 ../../libDaisy//build\libdaisy.a(uart.o)
                0x080091d8                USART2_IRQHandler
 .text.USART3_IRQHandler
                0x0800920c       0x34 ../../libDaisy//build\libdaisy.a(uart.o)
                0x0800920c                USART3_IRQHandler
 .text.UART4_IRQHandler
                0x08009240       0x34 ../../libDaisy//build\libdaisy.a(uart.o)
                0x08009240                UART4_IRQHandler
 .text.UART5_IRQHandler
                0x08009274       0x34 ../../libDaisy//build\libdaisy.a(uart.o)
                0x08009274                UART5_IRQHandler
 .text.USART6_IRQHandler
                0x080092a8       0x34 ../../libDaisy//build\libdaisy.a(uart.o)
                0x080092a8                USART6_IRQHandler
 .text.UART7_IRQHandler
                0x080092dc       0x34 ../../libDaisy//build\libdaisy.a(uart.o)
                0x080092dc                UART7_IRQHandler
 .text.UART8_IRQHandler
                0x08009310       0x34 ../../libDaisy//build\libdaisy.a(uart.o)
                0x08009310                UART8_IRQHandler
 .text.LPUART1_IRQHandler
                0x08009344       0x34 ../../libDaisy//build\libdaisy.a(uart.o)
                0x08009344                LPUART1_IRQHandler
 .text.DMA1_Stream5_IRQHandler
                0x08009378       0x34 ../../libDaisy//build\libdaisy.a(uart.o)
                0x08009378                DMA1_Stream5_IRQHandler
 .text.DMA2_Stream4_IRQHandler
                0x080093ac       0x38 ../../libDaisy//build\libdaisy.a(uart.o)
                0x080093ac                DMA2_Stream4_IRQHandler
 .text.HAL_UART_TxCpltCallback
                0x080093e4        0x8 ../../libDaisy//build\libdaisy.a(uart.o)
                0x080093e4                HAL_UART_TxCpltCallback
 .text.HAL_UART_RxCpltCallback
                0x080093ec       0x94 ../../libDaisy//build\libdaisy.a(uart.o)
                0x080093ec                HAL_UART_RxCpltCallback
 .text.HAL_UART_RxHalfCpltCallback
                0x08009480       0x90 ../../libDaisy//build\libdaisy.a(uart.o)
                0x08009480                HAL_UART_RxHalfCpltCallback
 .text.HAL_UART_ErrorCallback
                0x08009510        0x8 ../../libDaisy//build\libdaisy.a(uart.o)
                0x08009510                HAL_UART_ErrorCallback
 .text._ZN5daisy11UartHandler4InitERKNS0_6ConfigE
                0x08009518       0xd4 ../../libDaisy//build\libdaisy.a(uart.o)
                0x08009518                daisy::UartHandler::Init(daisy::UartHandler::Config const&)
 .text.startup._GLOBAL__sub_I__Z19MapInstanceToHandleP13USART_TypeDef
                0x080095ec      0x194 ../../libDaisy//build\libdaisy.a(uart.o)
 .text.dsy_dma_init
                0x08009780      0x100 ../../libDaisy//build\libdaisy.a(dma.o)
                0x08009780                dsy_dma_init
 .text.dsy_dma_invalidate_cache_for_buffer
                0x08009880       0x2c ../../libDaisy//build\libdaisy.a(dma.o)
                0x08009880                dsy_dma_invalidate_cache_for_buffer
 .text._ZN5daisy14FatFSInterface4InitEh
                0x080098ac       0x48 ../../libDaisy//build\libdaisy.a(fatfs.o)
                0x080098ac                daisy::FatFSInterface::Init(unsigned char)
 .text.get_fattime
                0x080098f4        0x4 ../../libDaisy//build\libdaisy.a(fatfs.o)
                0x080098f4                get_fattime
 .text._ZN5daisy11TimerHandleD2Ev
                0x080098f8        0x4 ../../libDaisy//build\libdaisy.a(system.o)
                0x080098f8                daisy::TimerHandle::~TimerHandle()
                0x080098f8                daisy::TimerHandle::~TimerHandle()
 .text.SysTick_Handler
                0x080098fc       0x10 ../../libDaisy//build\libdaisy.a(system.o)
                0x080098fc                SysTick_Handler
 .text.OTG_HS_EP1_OUT_IRQHandler
                0x0800990c       0x24 ../../libDaisy//build\libdaisy.a(system.o)
                0x0800990c                OTG_HS_EP1_OUT_IRQHandler
 .text.OTG_HS_EP1_IN_IRQHandler
                0x08009930       0x24 ../../libDaisy//build\libdaisy.a(system.o)
                0x08009930                OTG_HS_EP1_IN_IRQHandler
 .text.OTG_HS_IRQHandler
                0x08009954       0x24 ../../libDaisy//build\libdaisy.a(system.o)
                0x08009954                OTG_HS_IRQHandler
 .text.HardFault_Handler
                0x08009978       0xe0 ../../libDaisy//build\libdaisy.a(system.o)
                0x08009978                HardFault_Handler
 .text._ZN5daisy6System6GetNowEv
                0x08009a58        0x4 ../../libDaisy//build\libdaisy.a(system.o)
                0x08009a58                daisy::System::GetNow()
 .text._ZN5daisy6System5DelayEm
                0x08009a5c        0x4 ../../libDaisy//build\libdaisy.a(system.o)
                0x08009a5c                daisy::System::Delay(unsigned long)
 .text._ZN5daisy6System20GetBootloaderVersionEv
                0x08009a60       0x34 ../../libDaisy//build\libdaisy.a(system.o)
                0x08009a60                daisy::System::GetBootloaderVersion()
 .text._ZN5daisy6System15ConfigureClocksEv
                0x08009a94      0x194 ../../libDaisy//build\libdaisy.a(system.o)
                0x08009a94                daisy::System::ConfigureClocks()
 .text._ZN5daisy6System12ConfigureMpuEv
                0x08009c28       0x7c ../../libDaisy//build\libdaisy.a(system.o)
                0x08009c28                daisy::System::ConfigureMpu()
 .text._ZN5daisy6System4InitERKNS0_6ConfigE
                0x08009ca4       0xec ../../libDaisy//build\libdaisy.a(system.o)
                0x08009ca4                daisy::System::Init(daisy::System::Config const&)
 .text._ZN5daisy6System12GetPClk1FreqEv
                0x08009d90        0x4 ../../libDaisy//build\libdaisy.a(system.o)
                0x08009d90                daisy::System::GetPClk1Freq()
 .text._ZN5daisy6System22GetProgramMemoryRegionEv
                0x08009d94       0x78 ../../libDaisy//build\libdaisy.a(system.o)
                0x08009d94                daisy::System::GetProgramMemoryRegion()
 .text.startup._GLOBAL__sub_I__ZN5daisy9boot_infoE
                0x08009e0c       0x1c ../../libDaisy//build\libdaisy.a(system.o)
 .text.SystemInit
                0x08009e28       0x9c ../../libDaisy//build\libdaisy.a(system_stm32h7xx.o)
                0x08009e28                SystemInit
 .text.HAL_PCD_SetupStageCallback
                0x08009ec4        0xc ../../libDaisy//build\libdaisy.a(usbd_conf.o)
                0x08009ec4                HAL_PCD_SetupStageCallback
 .text.HAL_PCD_DataOutStageCallback
                0x08009ed0       0x14 ../../libDaisy//build\libdaisy.a(usbd_conf.o)
                0x08009ed0                HAL_PCD_DataOutStageCallback
 .text.HAL_PCD_DataInStageCallback
                0x08009ee4       0x14 ../../libDaisy//build\libdaisy.a(usbd_conf.o)
                0x08009ee4                HAL_PCD_DataInStageCallback
 .text.HAL_PCD_SOFCallback
                0x08009ef8        0x8 ../../libDaisy//build\libdaisy.a(usbd_conf.o)
                0x08009ef8                HAL_PCD_SOFCallback
 .text.HAL_PCD_ResetCallback
                0x08009f00       0x24 ../../libDaisy//build\libdaisy.a(usbd_conf.o)
                0x08009f00                HAL_PCD_ResetCallback
 .text.HAL_PCD_SuspendCallback
                0x08009f24       0x30 ../../libDaisy//build\libdaisy.a(usbd_conf.o)
                0x08009f24                HAL_PCD_SuspendCallback
 .text.HAL_PCD_ResumeCallback
                0x08009f54        0x8 ../../libDaisy//build\libdaisy.a(usbd_conf.o)
                0x08009f54                HAL_PCD_ResumeCallback
 .text.HAL_PCD_ISOOUTIncompleteCallback
                0x08009f5c        0x8 ../../libDaisy//build\libdaisy.a(usbd_conf.o)
                0x08009f5c                HAL_PCD_ISOOUTIncompleteCallback
 .text.HAL_PCD_ISOINIncompleteCallback
                0x08009f64        0x8 ../../libDaisy//build\libdaisy.a(usbd_conf.o)
                0x08009f64                HAL_PCD_ISOINIncompleteCallback
 .text.HAL_PCD_ConnectCallback
                0x08009f6c        0x8 ../../libDaisy//build\libdaisy.a(usbd_conf.o)
                0x08009f6c                HAL_PCD_ConnectCallback
 .text.HAL_PCD_DisconnectCallback
                0x08009f74        0x8 ../../libDaisy//build\libdaisy.a(usbd_conf.o)
                0x08009f74                HAL_PCD_DisconnectCallback
 .text.USBD_LL_OpenEP
                0x08009f7c       0x24 ../../libDaisy//build\libdaisy.a(usbd_conf.o)
                0x08009f7c                USBD_LL_OpenEP
 .text.USBD_LL_StallEP
                0x08009fa0       0x1c ../../libDaisy//build\libdaisy.a(usbd_conf.o)
                0x08009fa0                USBD_LL_StallEP
 .text.USBD_LL_ClearStallEP
                0x08009fbc       0x1c ../../libDaisy//build\libdaisy.a(usbd_conf.o)
                0x08009fbc                USBD_LL_ClearStallEP
 .text.USBD_LL_IsStallEP
                0x08009fd8       0x28 ../../libDaisy//build\libdaisy.a(usbd_conf.o)
                0x08009fd8                USBD_LL_IsStallEP
 .text.USBD_LL_SetUSBAddress
                0x0800a000       0x1c ../../libDaisy//build\libdaisy.a(usbd_conf.o)
                0x0800a000                USBD_LL_SetUSBAddress
 .text.USBD_LL_Transmit
                0x0800a01c       0x1c ../../libDaisy//build\libdaisy.a(usbd_conf.o)
                0x0800a01c                USBD_LL_Transmit
 .text.USBD_LL_PrepareReceive
                0x0800a038       0x1c ../../libDaisy//build\libdaisy.a(usbd_conf.o)
                0x0800a038                USBD_LL_PrepareReceive
 .text.HAL_HCD_SOF_Callback
                0x0800a054        0x8 ../../libDaisy//build\libdaisy.a(usbh_conf.o)
                0x0800a054                HAL_HCD_SOF_Callback
 .text.HAL_HCD_Connect_Callback
                0x0800a05c        0x8 ../../libDaisy//build\libdaisy.a(usbh_conf.o)
                0x0800a05c                HAL_HCD_Connect_Callback
 .text.HAL_HCD_Disconnect_Callback
                0x0800a064        0x8 ../../libDaisy//build\libdaisy.a(usbh_conf.o)
                0x0800a064                HAL_HCD_Disconnect_Callback
 .text.HAL_HCD_HC_NotifyURBChange_Callback
                0x0800a06c        0x4 ../../libDaisy//build\libdaisy.a(usbh_conf.o)
                0x0800a06c                HAL_HCD_HC_NotifyURBChange_Callback
 .text.HAL_HCD_PortEnabled_Callback
                0x0800a070        0x8 ../../libDaisy//build\libdaisy.a(usbh_conf.o)
                0x0800a070                HAL_HCD_PortEnabled_Callback
 .text.HAL_HCD_PortDisabled_Callback
                0x0800a078        0x8 ../../libDaisy//build\libdaisy.a(usbh_conf.o)
                0x0800a078                HAL_HCD_PortDisabled_Callback
 .text.USBH_LL_Stop
                0x0800a080       0x1c ../../libDaisy//build\libdaisy.a(usbh_conf.o)
                0x0800a080                USBH_LL_Stop
 .text.USBH_LL_GetLastXferSize
                0x0800a09c        0x8 ../../libDaisy//build\libdaisy.a(usbh_conf.o)
                0x0800a09c                USBH_LL_GetLastXferSize
 .text.USBH_LL_SubmitURB
                0x0800a0a4       0x38 ../../libDaisy//build\libdaisy.a(usbh_conf.o)
                0x0800a0a4                USBH_LL_SubmitURB
 .text.USBH_LL_GetURBState
                0x0800a0dc        0x8 ../../libDaisy//build\libdaisy.a(usbh_conf.o)
                0x0800a0dc                USBH_LL_GetURBState
 .text.USBH_LL_SetToggle
                0x0800a0e4       0x24 ../../libDaisy//build\libdaisy.a(usbh_conf.o)
                0x0800a0e4                USBH_LL_SetToggle
 .text.USBH_LL_GetToggle
                0x0800a108       0x20 ../../libDaisy//build\libdaisy.a(usbh_conf.o)
                0x0800a108                USBH_LL_GetToggle
 .text._ZN5daisy5Color4InitENS0_11PresetColorE
                0x0800a128       0x20 ../../libDaisy//build\libdaisy.a(color.o)
                0x0800a128                daisy::Color::Init(daisy::Color::PresetColor)
 .text.dsy_hal_map_get_port
                0x0800a148       0x10 ../../libDaisy//build\libdaisy.a(hal_map.o)
                0x0800a148                dsy_hal_map_get_port
 .text.dsy_hal_map_get_pin
                0x0800a158       0x10 ../../libDaisy//build\libdaisy.a(hal_map.o)
                0x0800a158                dsy_hal_map_get_pin
 .text.dsy_hal_map_gpio_clk_enable
                0x0800a168      0x150 ../../libDaisy//build\libdaisy.a(hal_map.o)
                0x0800a168                dsy_hal_map_gpio_clk_enable
 .text.SD_initialize
                0x0800a2b8       0x30 ../../libDaisy//build\libdaisy.a(sd_diskio.o)
                0x0800a2b8                SD_initialize
 .text.SD_status
                0x0800a2e8       0x20 ../../libDaisy//build\libdaisy.a(sd_diskio.o)
                0x0800a2e8                SD_status
 .text.SD_read  0x0800a308       0xcc ../../libDaisy//build\libdaisy.a(sd_diskio.o)
                0x0800a308                SD_read
 .text.SD_write
                0x0800a3d4       0xa4 ../../libDaisy//build\libdaisy.a(sd_diskio.o)
                0x0800a3d4                SD_write
 .text.SD_ioctl
                0x0800a478       0x68 ../../libDaisy//build\libdaisy.a(sd_diskio.o)
                0x0800a478                SD_ioctl
 .text.BSP_SD_WriteCpltCallback
                0x0800a4e0        0xc ../../libDaisy//build\libdaisy.a(sd_diskio.o)
                0x0800a4e0                BSP_SD_WriteCpltCallback
 .text.BSP_SD_ReadCpltCallback
                0x0800a4ec        0xc ../../libDaisy//build\libdaisy.a(sd_diskio.o)
                0x0800a4ec                BSP_SD_ReadCpltCallback
 .text.USBH_initialize
                0x0800a4f8        0x4 ../../libDaisy//build\libdaisy.a(usbh_diskio.o)
                0x0800a4f8                USBH_initialize
 .text.USBH_status
                0x0800a4fc       0x18 ../../libDaisy//build\libdaisy.a(usbh_diskio.o)
                0x0800a4fc                USBH_status
 .text.USBH_read
                0x0800a514      0x14c ../../libDaisy//build\libdaisy.a(usbh_diskio.o)
                0x0800a514                USBH_read
 .text.USBH_write
                0x0800a660      0x104 ../../libDaisy//build\libdaisy.a(usbh_diskio.o)
                0x0800a660                USBH_write
 .text.USBH_ioctl
                0x0800a764       0x68 ../../libDaisy//build\libdaisy.a(usbh_diskio.o)
                0x0800a764                USBH_ioctl
 .text.HAL_MspInit
                0x0800a7cc        0x4 ../../libDaisy//build\libdaisy.a(stm32h7xx_hal.o)
                0x0800a7cc                HAL_MspInit
 .text.HAL_InitTick
                0x0800a7d0       0x4c ../../libDaisy//build\libdaisy.a(stm32h7xx_hal.o)
                0x0800a7d0                HAL_InitTick
 .text.HAL_Init
                0x0800a81c       0x60 ../../libDaisy//build\libdaisy.a(stm32h7xx_hal.o)
                0x0800a81c                HAL_Init
 .text.HAL_IncTick
                0x0800a87c       0x18 ../../libDaisy//build\libdaisy.a(stm32h7xx_hal.o)
                0x0800a87c                HAL_IncTick
 .text.HAL_GetTick
                0x0800a894        0xc ../../libDaisy//build\libdaisy.a(stm32h7xx_hal.o)
                0x0800a894                HAL_GetTick
 .text.HAL_Delay
                0x0800a8a0       0x24 ../../libDaisy//build\libdaisy.a(stm32h7xx_hal.o)
                0x0800a8a0                HAL_Delay
 .text.HAL_GetREVID
                0x0800a8c4        0xc ../../libDaisy//build\libdaisy.a(stm32h7xx_hal.o)
                0x0800a8c4                HAL_GetREVID
 .text.HAL_ADC_ConvHalfCpltCallback
                0x0800a8d0        0x4 ../../libDaisy//build\libdaisy.a(stm32h7xx_hal_adc.o)
                0x0800a8d0                HAL_ADC_ConvHalfCpltCallback
 .text.ADC_DMAHalfConvCplt
                0x0800a8d4        0xc ../../libDaisy//build\libdaisy.a(stm32h7xx_hal_adc.o)
                0x0800a8d4                ADC_DMAHalfConvCplt
 .text.ADC_DMAConvCplt
                0x0800a8e0       0x6c ../../libDaisy//build\libdaisy.a(stm32h7xx_hal_adc.o)
                0x0800a8e0                ADC_DMAConvCplt
 .text.ADC_DMAError
                0x0800a94c       0x1c ../../libDaisy//build\libdaisy.a(stm32h7xx_hal_adc.o)
                0x0800a94c                ADC_DMAError
 .text.HAL_ADC_ConfigChannel
                0x0800a968      0x3fc ../../libDaisy//build\libdaisy.a(stm32h7xx_hal_adc.o)
                0x0800a968                HAL_ADC_ConfigChannel
 .text.ADC_Enable
                0x0800ad64       0xac ../../libDaisy//build\libdaisy.a(stm32h7xx_hal_adc.o)
                0x0800ad64                ADC_Enable
 .text.HAL_ADC_Start_DMA
                0x0800ae10      0x114 ../../libDaisy//build\libdaisy.a(stm32h7xx_hal_adc.o)
                0x0800ae10                HAL_ADC_Start_DMA
 .text.ADC_Disable
                0x0800af24       0x68 ../../libDaisy//build\libdaisy.a(stm32h7xx_hal_adc.o)
                0x0800af24                ADC_Disable
 .text.ADC_ConfigureBoostMode
                0x0800af8c      0x184 ../../libDaisy//build\libdaisy.a(stm32h7xx_hal_adc.o)
                0x0800af8c                ADC_ConfigureBoostMode
 .text.HAL_ADC_Init
                0x0800b110      0x218 ../../libDaisy//build\libdaisy.a(stm32h7xx_hal_adc.o)
                0x0800b110                HAL_ADC_Init
 .text.HAL_ADCEx_Calibration_Start
                0x0800b328       0xa4 ../../libDaisy//build\libdaisy.a(stm32h7xx_hal_adc_ex.o)
                0x0800b328                HAL_ADCEx_Calibration_Start
 .text.HAL_ADCEx_MultiModeConfigChannel
                0x0800b3cc       0xc4 ../../libDaisy//build\libdaisy.a(stm32h7xx_hal_adc_ex.o)
                0x0800b3cc                HAL_ADCEx_MultiModeConfigChannel
 .text.HAL_NVIC_SetPriorityGrouping
                0x0800b490       0x24 ../../libDaisy//build\libdaisy.a(stm32h7xx_hal_cortex.o)
                0x0800b490                HAL_NVIC_SetPriorityGrouping
 .text.HAL_NVIC_SetPriority
                0x0800b4b4       0x7c ../../libDaisy//build\libdaisy.a(stm32h7xx_hal_cortex.o)
                0x0800b4b4                HAL_NVIC_SetPriority
 .text.HAL_NVIC_EnableIRQ
                0x0800b530       0x1c ../../libDaisy//build\libdaisy.a(stm32h7xx_hal_cortex.o)
                0x0800b530                HAL_NVIC_EnableIRQ
 .text.HAL_NVIC_DisableIRQ
                0x0800b54c       0x28 ../../libDaisy//build\libdaisy.a(stm32h7xx_hal_cortex.o)
                0x0800b54c                HAL_NVIC_DisableIRQ
 .text.HAL_SYSTICK_Config
                0x0800b574       0x2c ../../libDaisy//build\libdaisy.a(stm32h7xx_hal_cortex.o)
                0x0800b574                HAL_SYSTICK_Config
 .text.HAL_MPU_Disable
                0x0800b5a0       0x1c ../../libDaisy//build\libdaisy.a(stm32h7xx_hal_cortex.o)
                0x0800b5a0                HAL_MPU_Disable
 .text.HAL_MPU_Enable
                0x0800b5bc       0x20 ../../libDaisy//build\libdaisy.a(stm32h7xx_hal_cortex.o)
                0x0800b5bc                HAL_MPU_Enable
 .text.HAL_MPU_ConfigRegion
                0x0800b5dc       0x64 ../../libDaisy//build\libdaisy.a(stm32h7xx_hal_cortex.o)
                0x0800b5dc                HAL_MPU_ConfigRegion
 .text.HAL_SYSTICK_Callback
                0x0800b640        0x4 ../../libDaisy//build\libdaisy.a(stm32h7xx_hal_cortex.o)
                0x0800b640                HAL_SYSTICK_Callback
 .text.HAL_SYSTICK_IRQHandler
                0x0800b644        0x8 ../../libDaisy//build\libdaisy.a(stm32h7xx_hal_cortex.o)
                0x0800b644                HAL_SYSTICK_IRQHandler
 .text.DMA_CalcBaseAndBitshift
                0x0800b64c       0xf4 ../../libDaisy//build\libdaisy.a(stm32h7xx_hal_dma.o)
 .text.DMA_CalcDMAMUXChannelBaseAndMask
                0x0800b740       0xd8 ../../libDaisy//build\libdaisy.a(stm32h7xx_hal_dma.o)
 .text.HAL_DMA_Init
                0x0800b818      0x37c ../../libDaisy//build\libdaisy.a(stm32h7xx_hal_dma.o)
                0x0800b818                HAL_DMA_Init
 .text.HAL_DMA_Start_IT
                0x0800bb94      0x240 ../../libDaisy//build\libdaisy.a(stm32h7xx_hal_dma.o)
                0x0800bb94                HAL_DMA_Start_IT
 .text.HAL_DMA_Abort_IT
                0x0800bdd4      0x134 ../../libDaisy//build\libdaisy.a(stm32h7xx_hal_dma.o)
                0x0800bdd4                HAL_DMA_Abort_IT
 .text.HAL_DMA_IRQHandler
                0x0800bf08      0x6a0 ../../libDaisy//build\libdaisy.a(stm32h7xx_hal_dma.o)
                0x0800bf08                HAL_DMA_IRQHandler
 .text.HAL_DMA_GetError
                0x0800c5a8        0x4 ../../libDaisy//build\libdaisy.a(stm32h7xx_hal_dma.o)
                0x0800c5a8                HAL_DMA_GetError
 .text.HAL_GPIO_Init
                0x0800c5ac      0x280 ../../libDaisy//build\libdaisy.a(stm32h7xx_hal_gpio.o)
                0x0800c5ac                HAL_GPIO_Init
 .text.HAL_GPIO_DeInit
                0x0800c82c      0x190 ../../libDaisy//build\libdaisy.a(stm32h7xx_hal_gpio.o)
                0x0800c82c                HAL_GPIO_DeInit
 .text.HAL_GPIO_ReadPin
                0x0800c9bc        0xc ../../libDaisy//build\libdaisy.a(stm32h7xx_hal_gpio.o)
                0x0800c9bc                HAL_GPIO_ReadPin
 .text.HAL_GPIO_WritePin
                0x0800c9c8        0x8 ../../libDaisy//build\libdaisy.a(stm32h7xx_hal_gpio.o)
                0x0800c9c8                HAL_GPIO_WritePin
 .text.HAL_HCD_HC_SubmitRequest
                0x0800c9d0       0xd0 ../../libDaisy//build\libdaisy.a(stm32h7xx_hal_hcd.o)
                0x0800c9d0                HAL_HCD_HC_SubmitRequest
 .text.HAL_HCD_IRQHandler
                0x0800caa0      0x780 ../../libDaisy//build\libdaisy.a(stm32h7xx_hal_hcd.o)
                0x0800caa0                HAL_HCD_IRQHandler
 .text.HAL_HCD_Stop
                0x0800d220       0x28 ../../libDaisy//build\libdaisy.a(stm32h7xx_hal_hcd.o)
                0x0800d220                HAL_HCD_Stop
 .text.HAL_HCD_HC_GetURBState
                0x0800d248       0x10 ../../libDaisy//build\libdaisy.a(stm32h7xx_hal_hcd.o)
                0x0800d248                HAL_HCD_HC_GetURBState
 .text.HAL_HCD_HC_GetXferCount
                0x0800d258        0xc ../../libDaisy//build\libdaisy.a(stm32h7xx_hal_hcd.o)
                0x0800d258                HAL_HCD_HC_GetXferCount
 .text.I2C_WaitOnTXISFlagUntilTimeout
                0x0800d264       0xb8 ../../libDaisy//build\libdaisy.a(stm32h7xx_hal_i2c.o)
 .text.I2C_WaitOnSTOPFlagUntilTimeout
                0x0800d31c       0xac ../../libDaisy//build\libdaisy.a(stm32h7xx_hal_i2c.o)
 .text.HAL_I2C_Init
                0x0800d3c8       0xac ../../libDaisy//build\libdaisy.a(stm32h7xx_hal_i2c.o)
                0x0800d3c8                HAL_I2C_Init
 .text.HAL_I2C_Master_Transmit
                0x0800d474      0x1a8 ../../libDaisy//build\libdaisy.a(stm32h7xx_hal_i2c.o)
                0x0800d474                HAL_I2C_Master_Transmit
 .text.HAL_I2C_Slave_Transmit
                0x0800d61c      0x1c8 ../../libDaisy//build\libdaisy.a(stm32h7xx_hal_i2c.o)
                0x0800d61c                HAL_I2C_Slave_Transmit
 .text.HAL_I2C_EV_IRQHandler
                0x0800d7e4       0x10 ../../libDaisy//build\libdaisy.a(stm32h7xx_hal_i2c.o)
                0x0800d7e4                HAL_I2C_EV_IRQHandler
 .text.HAL_I2C_GetState
                0x0800d7f4        0x8 ../../libDaisy//build\libdaisy.a(stm32h7xx_hal_i2c.o)
                0x0800d7f4                HAL_I2C_GetState
 .text.HAL_I2CEx_ConfigAnalogFilter
                0x0800d7fc       0x54 ../../libDaisy//build\libdaisy.a(stm32h7xx_hal_i2c_ex.o)
                0x0800d7fc                HAL_I2CEx_ConfigAnalogFilter
 .text.HAL_I2CEx_ConfigDigitalFilter
                0x0800d850       0x58 ../../libDaisy//build\libdaisy.a(stm32h7xx_hal_i2c_ex.o)
                0x0800d850                HAL_I2CEx_ConfigDigitalFilter
 .text.HAL_PCD_IRQHandler
                0x0800d8a8      0x69c ../../libDaisy//build\libdaisy.a(stm32h7xx_hal_pcd.o)
                0x0800d8a8                HAL_PCD_IRQHandler
 .text.HAL_PCD_SetAddress
                0x0800df44       0x2c ../../libDaisy//build\libdaisy.a(stm32h7xx_hal_pcd.o)
                0x0800df44                HAL_PCD_SetAddress
 .text.HAL_PCD_EP_Open
                0x0800df70       0x7c ../../libDaisy//build\libdaisy.a(stm32h7xx_hal_pcd.o)
                0x0800df70                HAL_PCD_EP_Open
 .text.HAL_PCD_EP_Receive
                0x0800dfec       0x50 ../../libDaisy//build\libdaisy.a(stm32h7xx_hal_pcd.o)
                0x0800dfec                HAL_PCD_EP_Receive
 .text.HAL_PCD_EP_Transmit
                0x0800e03c       0x50 ../../libDaisy//build\libdaisy.a(stm32h7xx_hal_pcd.o)
                0x0800e03c                HAL_PCD_EP_Transmit
 .text.HAL_PCD_EP_SetStall
                0x0800e08c       0x88 ../../libDaisy//build\libdaisy.a(stm32h7xx_hal_pcd.o)
                0x0800e08c                HAL_PCD_EP_SetStall
 .text.HAL_PCD_EP_ClrStall
                0x0800e114       0x78 ../../libDaisy//build\libdaisy.a(stm32h7xx_hal_pcd.o)
                0x0800e114                HAL_PCD_EP_ClrStall
 .text.HAL_PCDEx_LPM_Callback
                0x0800e18c        0x4 ../../libDaisy//build\libdaisy.a(stm32h7xx_hal_pcd_ex.o)
                0x0800e18c                HAL_PCDEx_LPM_Callback
 .text.HAL_PWREx_ConfigSupply
                0x0800e190       0x4c ../../libDaisy//build\libdaisy.a(stm32h7xx_hal_pwr_ex.o)
                0x0800e190                HAL_PWREx_ConfigSupply
 .text.HAL_PWREx_EnableUSBVoltageDetector
                0x0800e1dc       0x10 ../../libDaisy//build\libdaisy.a(stm32h7xx_hal_pwr_ex.o)
                0x0800e1dc                HAL_PWREx_EnableUSBVoltageDetector
 .text.QSPI_Config
                0x0800e1ec      0x174 ../../libDaisy//build\libdaisy.a(stm32h7xx_hal_qspi.o)
 .text.HAL_QSPI_Init
                0x0800e360       0xd8 ../../libDaisy//build\libdaisy.a(stm32h7xx_hal_qspi.o)
                0x0800e360                HAL_QSPI_Init
 .text.HAL_QSPI_DeInit
                0x0800e438       0x3c ../../libDaisy//build\libdaisy.a(stm32h7xx_hal_qspi.o)
                0x0800e438                HAL_QSPI_DeInit
 .text.HAL_QSPI_Command
                0x0800e474       0xd4 ../../libDaisy//build\libdaisy.a(stm32h7xx_hal_qspi.o)
                0x0800e474                HAL_QSPI_Command
 .text.HAL_QSPI_Transmit
                0x0800e548       0xfc ../../libDaisy//build\libdaisy.a(stm32h7xx_hal_qspi.o)
                0x0800e548                HAL_QSPI_Transmit
 .text.HAL_QSPI_Receive
                0x0800e644      0x108 ../../libDaisy//build\libdaisy.a(stm32h7xx_hal_qspi.o)
                0x0800e644                HAL_QSPI_Receive
 .text.HAL_QSPI_AutoPolling
                0x0800e74c       0xf0 ../../libDaisy//build\libdaisy.a(stm32h7xx_hal_qspi.o)
                0x0800e74c                HAL_QSPI_AutoPolling
 .text.HAL_QSPI_MemoryMapped
                0x0800e83c       0xc0 ../../libDaisy//build\libdaisy.a(stm32h7xx_hal_qspi.o)
                0x0800e83c                HAL_QSPI_MemoryMapped
 .text.HAL_QSPI_ErrorCallback
                0x0800e8fc        0x4 ../../libDaisy//build\libdaisy.a(stm32h7xx_hal_qspi.o)
                0x0800e8fc                HAL_QSPI_ErrorCallback
 .text.QSPI_DMAAbortCplt
                0x0800e900       0x38 ../../libDaisy//build\libdaisy.a(stm32h7xx_hal_qspi.o)
 .text.HAL_QSPI_AbortCpltCallback
                0x0800e938        0x4 ../../libDaisy//build\libdaisy.a(stm32h7xx_hal_qspi.o)
                0x0800e938                HAL_QSPI_AbortCpltCallback
 .text.HAL_QSPI_CmdCpltCallback
                0x0800e93c        0x4 ../../libDaisy//build\libdaisy.a(stm32h7xx_hal_qspi.o)
                0x0800e93c                HAL_QSPI_CmdCpltCallback
 .text.HAL_QSPI_RxCpltCallback
                0x0800e940        0x4 ../../libDaisy//build\libdaisy.a(stm32h7xx_hal_qspi.o)
                0x0800e940                HAL_QSPI_RxCpltCallback
 .text.HAL_QSPI_TxCpltCallback
                0x0800e944        0x4 ../../libDaisy//build\libdaisy.a(stm32h7xx_hal_qspi.o)
                0x0800e944                HAL_QSPI_TxCpltCallback
 .text.HAL_QSPI_FifoThresholdCallback
                0x0800e948        0x4 ../../libDaisy//build\libdaisy.a(stm32h7xx_hal_qspi.o)
                0x0800e948                HAL_QSPI_FifoThresholdCallback
 .text.HAL_QSPI_StatusMatchCallback
                0x0800e94c        0x4 ../../libDaisy//build\libdaisy.a(stm32h7xx_hal_qspi.o)
                0x0800e94c                HAL_QSPI_StatusMatchCallback
 .text.HAL_QSPI_TimeOutCallback
                0x0800e950        0x4 ../../libDaisy//build\libdaisy.a(stm32h7xx_hal_qspi.o)
                0x0800e950                HAL_QSPI_TimeOutCallback
 .text.HAL_QSPI_IRQHandler
                0x0800e954      0x210 ../../libDaisy//build\libdaisy.a(stm32h7xx_hal_qspi.o)
                0x0800e954                HAL_QSPI_IRQHandler
 .text.HAL_RCC_OscConfig
                0x0800eb64      0x51c ../../libDaisy//build\libdaisy.a(stm32h7xx_hal_rcc.o)
                0x0800eb64                HAL_RCC_OscConfig
 .text.HAL_RCC_GetSysClockFreq
                0x0800f080      0x140 ../../libDaisy//build\libdaisy.a(stm32h7xx_hal_rcc.o)
                0x0800f080                HAL_RCC_GetSysClockFreq
 .text.HAL_RCC_ClockConfig
                0x0800f1c0      0x234 ../../libDaisy//build\libdaisy.a(stm32h7xx_hal_rcc.o)
                0x0800f1c0                HAL_RCC_ClockConfig
 .text.HAL_RCC_GetHCLKFreq
                0x0800f3f4       0x2c ../../libDaisy//build\libdaisy.a(stm32h7xx_hal_rcc.o)
                0x0800f3f4                HAL_RCC_GetHCLKFreq
 .text.HAL_RCC_GetPCLK1Freq
                0x0800f420       0x38 ../../libDaisy//build\libdaisy.a(stm32h7xx_hal_rcc.o)
                0x0800f420                HAL_RCC_GetPCLK1Freq
 .text.HAL_RCC_GetPCLK2Freq
                0x0800f458       0x38 ../../libDaisy//build\libdaisy.a(stm32h7xx_hal_rcc.o)
                0x0800f458                HAL_RCC_GetPCLK2Freq
 .text.RCCEx_PLL2_Config
                0x0800f490       0xf4 ../../libDaisy//build\libdaisy.a(stm32h7xx_hal_rcc_ex.o)
 .text.RCCEx_PLL3_Config
                0x0800f584       0xf4 ../../libDaisy//build\libdaisy.a(stm32h7xx_hal_rcc_ex.o)
 .text.HAL_RCCEx_PeriphCLKConfig
                0x0800f678      0xa7c ../../libDaisy//build\libdaisy.a(stm32h7xx_hal_rcc_ex.o)
                0x0800f678                HAL_RCCEx_PeriphCLKConfig
 .text.HAL_RCCEx_GetD3PCLK1Freq
                0x080100f4       0x24 ../../libDaisy//build\libdaisy.a(stm32h7xx_hal_rcc_ex.o)
                0x080100f4                HAL_RCCEx_GetD3PCLK1Freq
 .text.HAL_RCCEx_GetPLL2ClockFreq
                0x08010118      0x17c ../../libDaisy//build\libdaisy.a(stm32h7xx_hal_rcc_ex.o)
                0x08010118                HAL_RCCEx_GetPLL2ClockFreq
 .text.HAL_RCCEx_GetPLL3ClockFreq
                0x08010294      0x17c ../../libDaisy//build\libdaisy.a(stm32h7xx_hal_rcc_ex.o)
                0x08010294                HAL_RCCEx_GetPLL3ClockFreq
 .text.HAL_RCCEx_GetPLL1ClockFreq
                0x08010410      0x17c ../../libDaisy//build\libdaisy.a(stm32h7xx_hal_rcc_ex.o)
                0x08010410                HAL_RCCEx_GetPLL1ClockFreq
 .text.HAL_RCCEx_GetPeriphCLKFreq
                0x0801058c      0x198 ../../libDaisy//build\libdaisy.a(stm32h7xx_hal_rcc_ex.o)
                0x0801058c                HAL_RCCEx_GetPeriphCLKFreq
 .text.HAL_RCCEx_GetD1SysClockFreq
                0x08010724       0x2c ../../libDaisy//build\libdaisy.a(stm32h7xx_hal_rcc_ex.o)
                0x08010724                HAL_RCCEx_GetD1SysClockFreq
 .text.HAL_SAI_Init.part.0
                0x08010750      0x348 ../../libDaisy//build\libdaisy.a(stm32h7xx_hal_sai.o)
 .text.HAL_SAI_InitProtocol
                0x08010a98      0x178 ../../libDaisy//build\libdaisy.a(stm32h7xx_hal_sai.o)
                0x08010a98                HAL_SAI_InitProtocol
 .text.SD_FindSCR
                0x08010c10       0xe4 ../../libDaisy//build\libdaisy.a(stm32h7xx_hal_sd.o)
 .text.SD_HighSpeed
                0x08010cf4      0x114 ../../libDaisy//build\libdaisy.a(stm32h7xx_hal_sd.o)
 .text.HAL_SD_ReadBlocks_DMA
                0x08010e08      0x114 ../../libDaisy//build\libdaisy.a(stm32h7xx_hal_sd.o)
                0x08010e08                HAL_SD_ReadBlocks_DMA
 .text.HAL_SD_WriteBlocks_DMA
                0x08010f1c      0x108 ../../libDaisy//build\libdaisy.a(stm32h7xx_hal_sd.o)
                0x08010f1c                HAL_SD_WriteBlocks_DMA
 .text.HAL_SD_ErrorCallback
                0x08011024        0x4 ../../libDaisy//build\libdaisy.a(stm32h7xx_hal_sd.o)
                0x08011024                HAL_SD_ErrorCallback
 .text.HAL_SD_GetCardCSD
                0x08011028      0x17c ../../libDaisy//build\libdaisy.a(stm32h7xx_hal_sd.o)
                0x08011028                HAL_SD_GetCardCSD
 .text.HAL_SD_InitCard
                0x080111a4      0x1f4 ../../libDaisy//build\libdaisy.a(stm32h7xx_hal_sd.o)
                0x080111a4                HAL_SD_InitCard
 .text.HAL_SD_GetCardStatus
                0x08011398      0x178 ../../libDaisy//build\libdaisy.a(stm32h7xx_hal_sd.o)
                0x08011398                HAL_SD_GetCardStatus
 .text.HAL_SD_GetCardInfo
                0x08011510       0x28 ../../libDaisy//build\libdaisy.a(stm32h7xx_hal_sd.o)
                0x08011510                HAL_SD_GetCardInfo
 .text.HAL_SD_ConfigWideBusOperation
                0x08011538      0x12c ../../libDaisy//build\libdaisy.a(stm32h7xx_hal_sd.o)
                0x08011538                HAL_SD_ConfigWideBusOperation
 .text.HAL_SD_Init
                0x08011664       0xc8 ../../libDaisy//build\libdaisy.a(stm32h7xx_hal_sd.o)
                0x08011664                HAL_SD_Init
 .text.HAL_SD_ConfigSpeedBusOperation
                0x0801172c       0xc0 ../../libDaisy//build\libdaisy.a(stm32h7xx_hal_sd.o)
                0x0801172c                HAL_SD_ConfigSpeedBusOperation
 .text.HAL_SD_GetCardState
                0x080117ec       0x28 ../../libDaisy//build\libdaisy.a(stm32h7xx_hal_sd.o)
                0x080117ec                HAL_SD_GetCardState
 .text.HAL_SDEx_Read_DMADoubleBuf0CpltCallback
                0x08011814        0x4 ../../libDaisy//build\libdaisy.a(stm32h7xx_hal_sd.o)
                0x08011814                HAL_SDEx_Read_DMADoubleBuf0CpltCallback
 .text.HAL_SDEx_Read_DMADoubleBuf1CpltCallback
                0x08011818        0x4 ../../libDaisy//build\libdaisy.a(stm32h7xx_hal_sd.o)
                0x08011818                HAL_SDEx_Read_DMADoubleBuf1CpltCallback
 .text.HAL_SDEx_Write_DMADoubleBuf0CpltCallback
                0x0801181c        0x4 ../../libDaisy//build\libdaisy.a(stm32h7xx_hal_sd.o)
                0x0801181c                HAL_SDEx_Write_DMADoubleBuf0CpltCallback
 .text.HAL_SDEx_Write_DMADoubleBuf1CpltCallback
                0x08011820        0x4 ../../libDaisy//build\libdaisy.a(stm32h7xx_hal_sd.o)
                0x08011820                HAL_SDEx_Write_DMADoubleBuf1CpltCallback
 .text.HAL_SD_IRQHandler
                0x08011824      0x248 ../../libDaisy//build\libdaisy.a(stm32h7xx_hal_sd.o)
                0x08011824                HAL_SD_IRQHandler
 .text.HAL_SDRAM_Init
                0x08011a6c       0x54 ../../libDaisy//build\libdaisy.a(stm32h7xx_hal_sdram.o)
                0x08011a6c                HAL_SDRAM_Init
 .text.HAL_SDRAM_SendCommand
                0x08011ac0       0x40 ../../libDaisy//build\libdaisy.a(stm32h7xx_hal_sdram.o)
                0x08011ac0                HAL_SDRAM_SendCommand
 .text.HAL_SDRAM_ProgramRefreshRate
                0x08011b00       0x30 ../../libDaisy//build\libdaisy.a(stm32h7xx_hal_sdram.o)
                0x08011b00                HAL_SDRAM_ProgramRefreshRate
 .text.SPI_CloseTransfer
                0x08011b30       0xb8 ../../libDaisy//build\libdaisy.a(stm32h7xx_hal_spi.o)
 .text.HAL_SPI_Init
                0x08011be8      0x15c ../../libDaisy//build\libdaisy.a(stm32h7xx_hal_spi.o)
                0x08011be8                HAL_SPI_Init
 .text.HAL_SPI_Transmit
                0x08011d44      0x314 ../../libDaisy//build\libdaisy.a(stm32h7xx_hal_spi.o)
                0x08011d44                HAL_SPI_Transmit
 .text.HAL_SPI_Transmit_DMA
                0x08012058      0x170 ../../libDaisy//build\libdaisy.a(stm32h7xx_hal_spi.o)
                0x08012058                HAL_SPI_Transmit_DMA
 .text.HAL_SPI_TransmitReceive_DMA
                0x080121c8      0x218 ../../libDaisy//build\libdaisy.a(stm32h7xx_hal_spi.o)
                0x080121c8                HAL_SPI_TransmitReceive_DMA
 .text.HAL_SPI_Receive_DMA
                0x080123e0      0x1b4 ../../libDaisy//build\libdaisy.a(stm32h7xx_hal_spi.o)
                0x080123e0                HAL_SPI_Receive_DMA
 .text.SPI_DMATransmitCplt
                0x08012594       0x28 ../../libDaisy//build\libdaisy.a(stm32h7xx_hal_spi.o)
 .text.SPI_DMAReceiveCplt
                0x080125bc       0x28 ../../libDaisy//build\libdaisy.a(stm32h7xx_hal_spi.o)
 .text.SPI_DMATransmitReceiveCplt
                0x080125e4       0x28 ../../libDaisy//build\libdaisy.a(stm32h7xx_hal_spi.o)
 .text.HAL_SPI_TxHalfCpltCallback
                0x0801260c        0x4 ../../libDaisy//build\libdaisy.a(stm32h7xx_hal_spi.o)
                0x0801260c                HAL_SPI_TxHalfCpltCallback
 .text.SPI_DMAHalfTransmitCplt
                0x08012610        0xc ../../libDaisy//build\libdaisy.a(stm32h7xx_hal_spi.o)
 .text.HAL_SPI_RxHalfCpltCallback
                0x0801261c        0x4 ../../libDaisy//build\libdaisy.a(stm32h7xx_hal_spi.o)
                0x0801261c                HAL_SPI_RxHalfCpltCallback
 .text.SPI_DMAHalfReceiveCplt
                0x08012620        0xc ../../libDaisy//build\libdaisy.a(stm32h7xx_hal_spi.o)
 .text.HAL_SPI_TxRxHalfCpltCallback
                0x0801262c        0x4 ../../libDaisy//build\libdaisy.a(stm32h7xx_hal_spi.o)
                0x0801262c                HAL_SPI_TxRxHalfCpltCallback
 .text.SPI_DMAHalfTransmitReceiveCplt
                0x08012630        0xc ../../libDaisy//build\libdaisy.a(stm32h7xx_hal_spi.o)
 .text.SPI_DMAError
                0x0801263c       0xd8 ../../libDaisy//build\libdaisy.a(stm32h7xx_hal_spi.o)
 .text.HAL_SPI_IRQHandler
                0x08012714      0x23c ../../libDaisy//build\libdaisy.a(stm32h7xx_hal_spi.o)
                0x08012714                HAL_SPI_IRQHandler
 .text.SPI_DMAAbortOnError
                0x08012950       0x1c ../../libDaisy//build\libdaisy.a(stm32h7xx_hal_spi.o)
 .text.HAL_SPI_GetState
                0x0801296c        0x8 ../../libDaisy//build\libdaisy.a(stm32h7xx_hal_spi.o)
                0x0801296c                HAL_SPI_GetState
 .text.HAL_UART_Transmit_DMA
                0x08012974       0xa4 ../../libDaisy//build\libdaisy.a(stm32h7xx_hal_uart.o)
                0x08012974                HAL_UART_Transmit_DMA
 .text.HAL_UART_Receive_DMA
                0x08012a18       0xac ../../libDaisy//build\libdaisy.a(stm32h7xx_hal_uart.o)
                0x08012a18                HAL_UART_Receive_DMA
 .text.UART_DMATransmitCplt
                0x08012ac4       0x2c ../../libDaisy//build\libdaisy.a(stm32h7xx_hal_uart.o)
 .text.HAL_UART_TxHalfCpltCallback
                0x08012af0        0x4 ../../libDaisy//build\libdaisy.a(stm32h7xx_hal_uart.o)
                0x08012af0                HAL_UART_TxHalfCpltCallback
 .text.UART_DMATxHalfCplt
                0x08012af4        0xc ../../libDaisy//build\libdaisy.a(stm32h7xx_hal_uart.o)
 .text.UART_DMAReceiveCplt
                0x08012b00       0x38 ../../libDaisy//build\libdaisy.a(stm32h7xx_hal_uart.o)
 .text.UART_DMARxHalfCplt
                0x08012b38        0xc ../../libDaisy//build\libdaisy.a(stm32h7xx_hal_uart.o)
 .text.UART_DMAError
                0x08012b44       0x78 ../../libDaisy//build\libdaisy.a(stm32h7xx_hal_uart.o)
 .text.HAL_UART_IRQHandler
                0x08012bbc      0x1d0 ../../libDaisy//build\libdaisy.a(stm32h7xx_hal_uart.o)
                0x08012bbc                HAL_UART_IRQHandler
 .text.UART_DMAAbortOnError
                0x08012d8c       0x14 ../../libDaisy//build\libdaisy.a(stm32h7xx_hal_uart.o)
 .text.HAL_UART_GetState
                0x08012da0        0xc ../../libDaisy//build\libdaisy.a(stm32h7xx_hal_uart.o)
                0x08012da0                HAL_UART_GetState
 .text.UART_SetConfig
                0x08012dac     0x14b8 ../../libDaisy//build\libdaisy.a(stm32h7xx_hal_uart.o)
                0x08012dac                UART_SetConfig
 .text.UART_AdvFeatureConfig
                0x08014264       0xb0 ../../libDaisy//build\libdaisy.a(stm32h7xx_hal_uart.o)
                0x08014264                UART_AdvFeatureConfig
 .text.UART_CheckIdleState
                0x08014314       0x84 ../../libDaisy//build\libdaisy.a(stm32h7xx_hal_uart.o)
                0x08014314                UART_CheckIdleState
 .text.HAL_UART_Init
                0x08014398       0x68 ../../libDaisy//build\libdaisy.a(stm32h7xx_hal_uart.o)
                0x08014398                HAL_UART_Init
 .text.HAL_UARTEx_WakeupCallback
                0x08014400        0x4 ../../libDaisy//build\libdaisy.a(stm32h7xx_hal_uart_ex.o)
                0x08014400                HAL_UARTEx_WakeupCallback
 .text.HAL_UARTEx_RxFifoFullCallback
                0x08014404        0x4 ../../libDaisy//build\libdaisy.a(stm32h7xx_hal_uart_ex.o)
                0x08014404                HAL_UARTEx_RxFifoFullCallback
 .text.HAL_UARTEx_TxFifoEmptyCallback
                0x08014408        0x4 ../../libDaisy//build\libdaisy.a(stm32h7xx_hal_uart_ex.o)
                0x08014408                HAL_UARTEx_TxFifoEmptyCallback
 .text.HAL_UARTEx_DisableFifoMode
                0x0801440c       0x3c ../../libDaisy//build\libdaisy.a(stm32h7xx_hal_uart_ex.o)
                0x0801440c                HAL_UARTEx_DisableFifoMode
 .text.HAL_UARTEx_SetTxFifoThreshold
                0x08014448       0x9c ../../libDaisy//build\libdaisy.a(stm32h7xx_hal_uart_ex.o)
                0x08014448                HAL_UARTEx_SetTxFifoThreshold
 .text.HAL_UARTEx_SetRxFifoThreshold
                0x080144e4       0x9c ../../libDaisy//build\libdaisy.a(stm32h7xx_hal_uart_ex.o)
                0x080144e4                HAL_UARTEx_SetRxFifoThreshold
 .text.FMC_SDRAM_Init
                0x08014580       0x7c ../../libDaisy//build\libdaisy.a(stm32h7xx_ll_fmc.o)
                0x08014580                FMC_SDRAM_Init
 .text.FMC_SDRAM_Timing_Init
                0x080145fc       0x98 ../../libDaisy//build\libdaisy.a(stm32h7xx_ll_fmc.o)
                0x080145fc                FMC_SDRAM_Timing_Init
 .text.FMC_SDRAM_SendCommand
                0x08014694       0x28 ../../libDaisy//build\libdaisy.a(stm32h7xx_ll_fmc.o)
                0x08014694                FMC_SDRAM_SendCommand
 .text.FMC_SDRAM_ProgramRefreshRate
                0x080146bc       0x1c ../../libDaisy//build\libdaisy.a(stm32h7xx_ll_fmc.o)
                0x080146bc                FMC_SDRAM_ProgramRefreshRate
 .text.SDMMC_Init
                0x080146d8       0x38 ../../libDaisy//build\libdaisy.a(stm32h7xx_ll_sdmmc.o)
                0x080146d8                SDMMC_Init
 .text.SDMMC_ReadFIFO
                0x08014710        0x8 ../../libDaisy//build\libdaisy.a(stm32h7xx_ll_sdmmc.o)
                0x08014710                SDMMC_ReadFIFO
 .text.SDMMC_WriteFIFO
                0x08014718        0xc ../../libDaisy//build\libdaisy.a(stm32h7xx_ll_sdmmc.o)
                0x08014718                SDMMC_WriteFIFO
 .text.SDMMC_PowerState_ON
                0x08014724       0x18 ../../libDaisy//build\libdaisy.a(stm32h7xx_ll_sdmmc.o)
                0x08014724                SDMMC_PowerState_ON
 .text.SDMMC_GetPowerState
                0x0801473c        0x8 ../../libDaisy//build\libdaisy.a(stm32h7xx_ll_sdmmc.o)
                0x0801473c                SDMMC_GetPowerState
 .text.SDMMC_GetResponse
                0x08014744        0x8 ../../libDaisy//build\libdaisy.a(stm32h7xx_ll_sdmmc.o)
                0x08014744                SDMMC_GetResponse
 .text.SDMMC_ConfigData
                0x0801474c       0x2c ../../libDaisy//build\libdaisy.a(stm32h7xx_ll_sdmmc.o)
                0x0801474c                SDMMC_ConfigData
 .text.SDMMC_CmdBlockLength
                0x08014778      0x14c ../../libDaisy//build\libdaisy.a(stm32h7xx_ll_sdmmc.o)
                0x08014778                SDMMC_CmdBlockLength
 .text.SDMMC_CmdReadSingleBlock
                0x080148c4      0x14c ../../libDaisy//build\libdaisy.a(stm32h7xx_ll_sdmmc.o)
                0x080148c4                SDMMC_CmdReadSingleBlock
 .text.SDMMC_CmdReadMultiBlock
                0x08014a10      0x14c ../../libDaisy//build\libdaisy.a(stm32h7xx_ll_sdmmc.o)
                0x08014a10                SDMMC_CmdReadMultiBlock
 .text.SDMMC_CmdWriteSingleBlock
                0x08014b5c      0x14c ../../libDaisy//build\libdaisy.a(stm32h7xx_ll_sdmmc.o)