Archive member included to satisfy reference by file (symbol)

../../libDaisy//build\libdaisy.a(daisy_pod.o)
                              build/SimpleSampler.o (daisy::DaisyPod::StartAdc())
../../libDaisy//build\libdaisy.a(daisy_seed.o)
                              ../../libDaisy//build\libdaisy.a(daisy_pod.o) (daisy::DaisySeed::Configure())
../../libDaisy//build\libdaisy.a(codec_ak4556.o)
                              ../../libDaisy//build\libdaisy.a(daisy_seed.o) (daisy::Ak4556::Init(dsy_gpio_pin))
../../libDaisy//build\libdaisy.a(codec_wm8731.o)
                              ../../libDaisy//build\libdaisy.a(daisy_seed.o) (daisy::Wm8731::Init(daisy::Wm8731::Config const&, daisy::I2CHandle))
../../libDaisy//build\libdaisy.a(sdram.o)
                              ../../libDaisy//build\libdaisy.a(daisy_seed.o) (SdramHandle::Init())
../../libDaisy//build\libdaisy.a(audio.o)
                              ../../libDaisy//build\libdaisy.a(daisy_seed.o) (daisy::AudioHandle::Init(daisy::AudioHandle::Config const&, daisy::SaiHandle))
../../libDaisy//build\libdaisy.a(ctrl.o)
                              ../../libDaisy//build\libdaisy.a(daisy_pod.o) (daisy::AnalogControl::Init(unsigned short*, float, bool, bool, float))
../../libDaisy//build\libdaisy.a(encoder.o)
                              ../../libDaisy//build\libdaisy.a(daisy_pod.o) (daisy::Encoder::Init(dsy_gpio_pin, dsy_gpio_pin, dsy_gpio_pin, float))
../../libDaisy//build\libdaisy.a(midi.o)
                              build/SimpleSampler.o (daisy::MidiUartTransport::Config::Config())
../../libDaisy//build\libdaisy.a(midi_parser.o)
                              ../../libDaisy//build\libdaisy.a(daisy_pod.o) (daisy::MidiParser::Reset())
../../libDaisy//build\libdaisy.a(parameter.o)
                              build/SimpleSampler.o (daisy::Parameter::Init(daisy::AnalogControl, float, float, daisy::Parameter::Curve))
../../libDaisy//build\libdaisy.a(rgb_led.o)
                              ../../libDaisy//build\libdaisy.a(daisy_pod.o) (daisy::RgbLed::Init(dsy_gpio_pin, dsy_gpio_pin, dsy_gpio_pin, bool))
../../libDaisy//build\libdaisy.a(switch.o)
                              ../../libDaisy//build\libdaisy.a(daisy_pod.o) (daisy::Switch::Init(dsy_gpio_pin, float))
../../libDaisy//build\libdaisy.a(adc.o)
                              ../../libDaisy//build\libdaisy.a(daisy_pod.o) (daisy::AdcChannelConfig::InitSingle(dsy_gpio_pin, daisy::AdcChannelConfig::ConversionSpeed))
../../libDaisy//build\libdaisy.a(gpio.o)
                              ../../libDaisy//build\libdaisy.a(daisy_seed.o) (daisy::GPIO::Init(daisy::Pin, daisy::GPIO::Mode, daisy::GPIO::Pull, daisy::GPIO::Speed))
../../libDaisy//build\libdaisy.a(i2c.o)
                              ../../libDaisy//build\libdaisy.a(daisy_seed.o) (daisy::I2CHandle::Init(daisy::I2CHandle::Config const&))
../../libDaisy//build\libdaisy.a(qspi.o)
                              ../../libDaisy//build\libdaisy.a(daisy_seed.o) (daisy::QSPIHandle::Init(daisy::QSPIHandle::Config const&))
../../libDaisy//build\libdaisy.a(sai.o)
                              ../../libDaisy//build\libdaisy.a(daisy_seed.o) (daisy::SaiHandle::Init(daisy::SaiHandle::Config const&))
../../libDaisy//build\libdaisy.a(sdmmc.o)
                              build/SimpleSampler.o (daisy::SdmmcHandler::Init(daisy::SdmmcHandler::Config const&))
../../libDaisy//build\libdaisy.a(spi.o)
                              build/SimpleSampler.o (daisy::SpiHandle::Init(daisy::SpiHandle::Config const&))
../../libDaisy//build\libdaisy.a(uart.o)
                              ../../libDaisy//build\libdaisy.a(daisy_pod.o) (daisy::UartHandler::Init(daisy::UartHandler::Config const&))
../../libDaisy//build\libdaisy.a(dma.o)
                              ../../libDaisy//build\libdaisy.a(uart.o) (dsy_dma_invalidate_cache_for_buffer)
../../libDaisy//build\libdaisy.a(fatfs.o)
                              build/SimpleSampler.o (daisy::FatFSInterface::Init(unsigned char))
../../libDaisy//build\libdaisy.a(system.o)
                              ../../libDaisy//build\libdaisy.a(daisy_seed.o) (daisy::System::DeInit())
../../libDaisy//build\libdaisy.a(system_stm32h7xx.o)
                              build/startup_stm32h750xx.o (SystemInit)
../../libDaisy//build\libdaisy.a(usbd_conf.o)
                              ../../libDaisy//build\libdaisy.a(system.o) (hpcd_USB_OTG_HS)
../../libDaisy//build\libdaisy.a(usbh_conf.o)
                              ../../libDaisy//build\libdaisy.a(system.o) (hhcd_USB_OTG_HS)
../../libDaisy//build\libdaisy.a(color.o)
                              ../../libDaisy//build\libdaisy.a(daisy_pod.o) (daisy::Color::Init(daisy::Color::PresetColor))
../../libDaisy//build\libdaisy.a(hal_map.o)
                              ../../libDaisy//build\libdaisy.a(gpio.o) (dsy_hal_map_get_port)
../../libDaisy//build\libdaisy.a(oled_fonts.o)
                              build/SimpleSampler.o (Font_7x10)
../../libDaisy//build\libdaisy.a(sd_diskio.o)
[...]
Memory Configuration

Name             Origin             Length             Attributes
FLASH            0x08000000         0x00020000         xr
DTCMRAM          0x20000000         0x00020000         xrw
SRAM             0x24000000         0x00080000         xrw
RAM_D2           0x30000000         0x00048000         xrw
RAM_D3           0x38000000         0x00010000         xrw
BACKUP_SRAM      0x38800000         0x00001000         xrw
ITCMRAM          0x00000000         0x00010000         xrw
SDRAM            0xc0000000         0x04000000         xrw
QSPIFLASH        0x90000000         0x00800000         xr
*default*        0x00000000         0xffffffff

Linker script and memory map

LOAD c:/program files/daisytoolchain/bin/../lib/gcc/arm-none-eabi/10.2.1/thumb/v7e-m+dp/hard/crti.o
LOAD c:/program files/daisytoolchain/bin/../lib/gcc/arm-none-eabi/10.2.1/thumb/v7e-m+dp/hard/crtbegin.o
LOAD c:/program files/daisytoolchain/bin/../lib/gcc/arm-none-eabi/10.2.1/../../../../arm-none-eabi/lib/thumb/v7e-m+dp/hard/crt0.o
LOAD build/startup_stm32h750xx.o
LOAD build/diskio.o
LOAD build/ff.o
LOAD build/ff_gen_drv.o
LOAD build/ccsbcs.o
LOAD build/SimpleSampler.o
LOAD ../../libDaisy//build\libdaisy.a
LOAD c:/program files/daisytoolchain/bin/../lib/gcc/arm-none-eabi/10.2.1/../../../../arm-none-eabi/lib/thumb/v7e-m+dp/hard\libnosys.a
LOAD ../../DaisySP//build\libdaisysp.a
LOAD c:/program files/daisytoolchain/bin/../lib/gcc/arm-none-eabi/10.2.1/../../../../arm-none-eabi/lib/thumb/v7e-m+dp/hard\libstdc++_nano.a
LOAD c:/program files/daisytoolchain/bin/../lib/gcc/arm-none-eabi/10.2.1/../../../../arm-none-eabi/lib/thumb/v7e-m+dp/hard\libm.a
LOAD c:/program files/daisytoolchain/bin/../lib/gcc/arm-none-eabi/10.2.1/../../../../arm-none-eabi/lib/thumb/v7e-m+dp/hard\libc_nano.a
START GROUP
LOAD c:/program files/daisytoolchain/bin/../lib/gcc/arm-none-eabi/10.2.1/thumb/v7e-m+dp/hard\libgcc.a
LOAD c:/program files/daisytoolchain/bin/../lib/gcc/arm-none-eabi/10.2.1/../../../../arm-none-eabi/lib/thumb/v7e-m+dp/hard\libc_nano.a
END GROUP
START GROUP
LOAD c:/program files/daisytoolchain/bin/../lib/gcc/arm-none-eabi/10.2.1/thumb/v7e-m+dp/hard\libgcc.a
LOAD c:/program files/daisytoolchain/bin/../lib/gcc/arm-none-eabi/10.2.1/../../../../arm-none-eabi/lib/thumb/v7e-m+dp/hard\libc_nano.a
LOAD c:/program files/daisytoolchain/bin/../lib/gcc/arm-none-eabi/10.2.1/../../../../arm-none-eabi/lib/thumb/v7e-m+dp/hard\libnosys.a
END GROUP
START GROUP
LOAD c:/program files/daisytoolchain/bin/../lib/gcc/arm-none-eabi/10.2.1/thumb/v7e-m+dp/hard\libgcc.a
LOAD c:/program files/daisytoolchain/bin/../lib/gcc/arm-none-eabi/10.2.1/../../../../arm-none-eabi/lib/thumb/v7e-m+dp/hard\libc_nano.a
LOAD c:/program files/daisytoolchain/bin/../lib/gcc/arm-none-eabi/10.2.1/../../../../arm-none-eabi/lib/thumb/v7e-m+dp/hard\libnosys.a
END GROUP
LOAD c:/program files/daisytoolchain/bin/../lib/gcc/arm-none-eabi/10.2.1/thumb/v7e-m+dp/hard/crtend.o
LOAD c:/program files/daisytoolchain/bin/../lib/gcc/arm-none-eabi/10.2.1/thumb/v7e-m+dp/hard/crtn.o
                0x20020000                _estack = 0x20020000

.isr_vector     0x08000000      0x298
                0x08000000                . = ALIGN (0x4)
 *(.isr_vector)
 .isr_vector    0x08000000      0x298 build/startup_stm32h750xx.o
                0x08000000                g_pfnVectors
                0x08000298                . = ALIGN (0x4)

.text           0x080002a0    0x19a04
                0x080002a0                . = ALIGN (0x4)
                0x080002a0                _stext = .
 *(.text)
 .text          0x080002a0       0x40 c:/program files/daisytoolchain/bin/../lib/gcc/arm-none-eabi/10.2.1/thumb/v7e-m+dp/hard/crtbegin.o
 .text          0x080002e0       0x10 c:/program files/daisytoolchain/bin/../lib/gcc/arm-none-eabi/10.2.1/../../../../arm-none-eabi/lib/thumb/v7e-m+dp/hard\libc_nano.a(lib_a-strlen.o)
                0x080002e0                strlen
 .text          0x080002f0       0xa0 c:/program files/daisytoolchain/bin/../lib/gcc/arm-none-eabi/10.2.1/../../../../arm-none-eabi/lib/thumb/v7e-m+dp/hard\libc_nano.a(lib_a-memchr.o)
                0x080002f0                memchr
 .text          0x08000390      0x378 c:/program files/daisytoolchain/bin/../lib/gcc/arm-none-eabi/10.2.1/thumb/v7e-m+dp/hard\libgcc.a(_arm_addsubdf3.o)
                0x08000390                __aeabi_drsub
                0x08000398                __aeabi_dsub
                0x08000398                __subdf3
                0x0800039c                __aeabi_dadd
                0x0800039c                __adddf3
                0x08000614                __floatunsidf
                0x08000614                __aeabi_ui2d
                0x08000634                __floatsidf
                0x08000634                __aeabi_i2d
                0x08000658                __aeabi_f2d
                0x08000658                __extendsfdf2
                0x0800069c                __floatundidf
                0x0800069c                __aeabi_ul2d
                0x080006ac                __floatdidf
                0x080006ac                __aeabi_l2d
 .text          0x08000708       0x30 c:/program files/daisytoolchain/bin/../lib/gcc/arm-none-eabi/10.2.1/thumb/v7e-m+dp/hard\libgcc.a(_aeabi_uldivmod.o)
                0x08000708                __aeabi_uldivmod
 .text          0x08000738      0x2d0 c:/program files/daisytoolchain/bin/../lib/gcc/arm-none-eabi/10.2.1/thumb/v7e-m+dp/hard\libgcc.a(_udivmoddi4.o)
                0x08000738                __udivmoddi4
 .text          0x08000a08        0x4 c:/program files/daisytoolchain/bin/../lib/gcc/arm-none-eabi/10.2.1/thumb/v7e-m+dp/hard\libgcc.a(_dvmd_tls.o)
                0x08000a08                __aeabi_idiv0
                0x08000a08                __aeabi_ldiv0
 *(.text*)
 .text.Default_Handler
                0x08000a0c        0x4 build/startup_stm32h750xx.o
                0x08000a0c                RTC_Alarm_IRQHandler
                0x08000a0c                HASH_RNG_IRQHandler
                0x08000a0c                EXTI2_IRQHandler
                0x08000a0c                TIM8_CC_IRQHandler
                0x08000a0c                HRTIM1_Master_IRQHandler
                0x08000a0c                DebugMon_Handler
                0x08000a0c                TIM1_CC_IRQHandler
                0x08000a0c                BDMA_Channel6_IRQHandler
                0x08000a0c                DMA2_Stream5_IRQHandler
                0x08000a0c                HRTIM1_FLT_IRQHandler
                0x08000a0c                JPEG_IRQHandler
                0x08000a0c                BDMA_Channel1_IRQHandler
                0x08000a0c                HRTIM1_TIMD_IRQHandler
                0x08000a0c                TAMP_STAMP_IRQHandler
                0x08000a0c                PendSV_Handler
                0x08000a0c                NMI_Handler
                0x08000a0c                EXTI3_IRQHandler
                0x08000a0c                LPTIM4_IRQHandler
                0x08000a0c                TIM8_TRG_COM_TIM14_IRQHandler
                0x08000a0c                LPTIM2_IRQHandler
                0x08000a0c                DFSDM1_FLT1_IRQHandler
                0x08000a0c                DMAMUX2_OVR_IRQHandler
                0x08000a0c                TIM8_UP_TIM13_IRQHandler
                0x08000a0c                I2C3_ER_IRQHandler
                0x08000a0c                DFSDM1_FLT2_IRQHandler
                0x08000a0c                MDMA_IRQHandler
                0x08000a0c                LPTIM3_IRQHandler
                0x08000a0c                HSEM1_IRQHandler
                0x08000a0c                EXTI0_IRQHandler
                0x08000a0c                FPU_IRQHandler
                0x08000a0c                OTG_HS_WKUP_IRQHandler
                0x08000a0c                FDCAN1_IT1_IRQHandler
                0x08000a0c                UsageFault_Handler
                0x08000a0c                LTDC_ER_IRQHandler
                0x08000a0c                HRTIM1_TIME_IRQHandler
                0x08000a0c                TIM6_DAC_IRQHandler
                0x08000a0c                DCMI_IRQHandler
                0x08000a0c                HRTIM1_TIMC_IRQHandler
                0x08000a0c                SAI2_IRQHandler
                0x08000a0c                DFSDM1_FLT3_IRQHandler
                0x08000a0c                TIM17_IRQHandler
                0x08000a0c                CRYP_IRQHandler
                0x08000a0c                BDMA_Channel7_IRQHandler
                0x08000a0c                LPTIM5_IRQHandler
                0x08000a0c                ADC3_IRQHandler
                0x08000a0c                DMA2_Stream0_IRQHandler
                0x08000a0c                BDMA_Channel2_IRQHandler
                0x08000a0c                DMAMUX1_OVR_IRQHandler
                0x08000a0c                TIM16_IRQHandler
                0x08000a0c                BDMA_Channel5_IRQHandler
                0x08000a0c                RCC_IRQHandler
                0x08000a0c                TIM8_BRK_TIM12_IRQHandler
                0x08000a0c                TIM1_TRG_COM_IRQHandler
                0x08000a0c                Default_Handler
                0x08000a0c                ECC_IRQHandler
                0x08000a0c                CEC_IRQHandler
                0x08000a0c                EXTI15_10_IRQHandler
                0x08000a0c                BDMA_Channel0_IRQHandler
                0x08000a0c                ADC_IRQHandler
                0x08000a0c                DMA1_Stream7_IRQHandler
                0x08000a0c                HRTIM1_TIMA_IRQHandler
                0x08000a0c                TIM7_IRQHandler
                0x08000a0c                DMA2_Stream7_IRQHandler
                0x08000a0c                TIM15_IRQHandler
                0x08000a0c                PVD_AVD_IRQHandler
                0x08000a0c                EXTI9_5_IRQHandler
                0x08000a0c                RTC_WKUP_IRQHandler
                0x08000a0c                LTDC_IRQHandler
                0x08000a0c                SAI3_IRQHandler
                0x08000a0c                ETH_WKUP_IRQHandler
                0x08000a0c                SPDIF_RX_IRQHandler
                0x08000a0c                MemManage_Handler
                0x08000a0c                SVC_Handler
                0x08000a0c                CRS_IRQHandler
                0x08000a0c                EXTI4_IRQHandler
                0x08000a0c                HRTIM1_TIMB_IRQHandler
                0x08000a0c                FDCAN2_IT1_IRQHandler
                0x08000a0c                ETH_IRQHandler
                0x08000a0c                TIM1_UP_IRQHandler
                0x08000a0c                BDMA_Channel4_IRQHandler
                0x08000a0c                WWDG_IRQHandler
                0x08000a0c                SPI6_IRQHandler
                0x08000a0c                I2C4_EV_IRQHandler
                0x08000a0c                MDIOS_IRQHandler
                0x08000a0c                FDCAN2_IT0_IRQHandler
                0x08000a0c                FDCAN1_IT0_IRQHandler
                0x08000a0c                OTG_FS_WKUP_IRQHandler
                0x08000a0c                DMA2D_IRQHandler
                0x08000a0c                TIM1_BRK_IRQHandler
                0x08000a0c                EXTI1_IRQHandler
                0x08000a0c                SDMMC2_IRQHandler
                0x08000a0c                OTG_FS_EP1_OUT_IRQHandler
                0x08000a0c                BDMA_Channel3_IRQHandler
                0x08000a0c                MDIOS_WKUP_IRQHandler
                0x08000a0c                DFSDM1_FLT0_IRQHandler
                0x08000a0c                SAI4_IRQHandler
                0x08000a0c                I2C2_ER_IRQHandler
                0x08000a0c                DMA2_Stream1_IRQHandler
                0x08000a0c                FLASH_IRQHandler
                0x08000a0c                BusFault_Handler
                0x08000a0c                OTG_FS_IRQHandler
                0x08000a0c                WAKEUP_PIN_IRQHandler
                0x08000a0c                OTG_FS_EP1_IN_IRQHandler
                0x08000a0c                I2C1_ER_IRQHandler
                0x08000a0c                FMC_IRQHandler
                0x08000a0c                FDCAN_CAL_IRQHandler
                0x08000a0c                SWPMI1_IRQHandler
                0x08000a0c                COMP1_IRQHandler
                0x08000a0c                LPTIM1_IRQHandler
                0x08000a0c                I2C4_ER_IRQHandler
                0x08000a0c                DMA2_Stream6_IRQHandler
                0x08000a0c                SAI1_IRQHandler
 .text.Reset_Handler
                0x08000a10       0x44 build/startup_stm32h750xx.o
                0x08000a10                Reset_Handler
 .text.disk_status
                0x08000a54       0x14 build/diskio.o
                0x08000a54                disk_status
 .text.disk_initialize
                0x08000a68       0x24 build/diskio.o
                0x08000a68                disk_initialize
 .text.disk_read
                0x08000a8c       0x1c build/diskio.o
                0x08000a8c                disk_read
 .text.disk_write
                0x08000aa8       0x1c build/diskio.o
                0x08000aa8                disk_write
 .text.get_ldnumber
                0x08000ac4       0x54 build/ff.o
 .text.get_fileinfo
                0x08000b18       0xf8 build/ff.o
 .text.sync_window.part.0
                0x08000c10       0x54 build/ff.o
 .text.move_window.part.0
                0x08000c64       0x30 build/ff.o
 .text.check_fs
                0x08000c94       0x84 build/ff.o
 .text.find_volume
                0x08000d18      0x258 build/ff.o
 .text.put_fat.part.0
                0x08000f70      0x1c0 build/ff.o
 .text.get_fat.isra.0
                0x08001130      0x148 build/ff.o
 .text.create_chain.isra.0
                0x08001278       0xbc build/ff.o
 .text.dir_next
                0x08001334      0x148 build/ff.o
 .text.dir_read.constprop.0
                0x0800147c      0x14c build/ff.o
 .text.dir_sdi  0x080015c8       0xa8 build/ff.o
 .text.dir_find
                0x08001670      0x1ec build/ff.o
 .text.follow_path
                0x0800185c      0x3a8 build/ff.o
 .text.f_mount  0x08001c04       0x58 build/ff.o
                0x08001c04                f_mount
 .text.f_opendir
                0x08001c5c       0x7c build/ff.o
                0x08001c5c                f_opendir
 .text.f_closedir
                0x08001cd8       0x30 build/ff.o
                0x08001cd8                f_closedir
 .text.f_readdir
                0x08001d08       0x5c build/ff.o
                0x08001d08                f_readdir
 .text.FATFS_LinkDriver
                0x08001d64       0x58 build/ff_gen_drv.o
                0x08001d64                FATFS_LinkDriver
 .text.ff_convert
                0x08001dbc       0x40 build/ccsbcs.o
                0x08001dbc                ff_convert
 .text.ff_wtoupper
                0x08001dfc       0xa0 build/ccsbcs.o
                0x08001dfc                ff_wtoupper
 .text._ZN5daisy9ParameterD2Ev
                0x08001e9c        0x4 build/SimpleSampler.o
                0x08001e9c                daisy::Parameter::~Parameter()
                0x08001e9c                daisy::Parameter::~Parameter()
 .text._ZN5daisy12SdmmcHandlerD2Ev
                0x08001ea0        0x4 build/SimpleSampler.o
                0x08001ea0                daisy::SdmmcHandler::~SdmmcHandler()
                0x08001ea0                daisy::SdmmcHandler::~SdmmcHandler()
 .text._ZN5daisy8DaisyPodD2Ev
                0x08001ea4        0x4 build/SimpleSampler.o
                0x08001ea4                daisy::DaisyPod::~DaisyPod()
                0x08001ea4                daisy::DaisyPod::~DaisyPod()
 .text._ZN5daisy11OledDisplayINS_13SSD130xDriverILj128ELj64ENS_24SSD130x4WireSpiTransportEEEE4FillEb
                0x08001ea8       0x10 build/SimpleSampler.o
                0x08001ea8                daisy::OledDisplay<daisy::SSD130xDriver<128u, 64u, daisy::SSD130x4WireSpiTransport> >::Fill(bool)
 .text._ZN5daisy11OledDisplayINS_13SSD130xDriverILj128ELj64ENS_24SSD130x4WireSpiTransportEEEED2Ev
                0x08001eb8        0x4 build/SimpleSampler.o
                0x08001eb8                daisy::OledDisplay<daisy::SSD130xDriver<128u, 64u, daisy::SSD130x4WireSpiTransport> >::~OledDisplay()
                0x08001eb8                daisy::OledDisplay<daisy::SSD130xDriver<128u, 64u, daisy::SSD130x4WireSpiTransport> >::~OledDisplay()
 .text._ZNK5daisy11OledDisplayINS_13SSD130xDriverILj128ELj64ENS_24SSD130x4WireSpiTransportEEEE6HeightEv
                0x08001ebc        0x4 build/SimpleSampler.o
                0x08001ebc                daisy::OledDisplay<daisy::SSD130xDriver<128u, 64u, daisy::SSD130x4WireSpiTransport> >::Height() const
 .text._ZNK5daisy11OledDisplayINS_13SSD130xDriverILj128ELj64ENS_24SSD130x4WireSpiTransportEEEE5WidthEv
                0x08001ec0        0x4 build/SimpleSampler.o
                0x08001ec0                daisy::OledDisplay<daisy::SSD130xDriver<128u, 64u, daisy::SSD130x4WireSpiTransport> >::Width() const
 .text._ZN5daisy11OledDisplayINS_13SSD130xDriverILj128ELj64ENS_24SSD130x4WireSpiTransportEEEED0Ev
                0x08001ec4       0x10 build/SimpleSampler.o
                0x08001ec4                daisy::OledDisplay<daisy::SSD130xDriver<128u, 64u, daisy::SSD130x4WireSpiTransport> >::~OledDisplay()
 .text._Z13CacheFileListv.part.0
                0x08001ed4       0xa0 build/SimpleSampler.o
 .text._ZN5daisy11OledDisplayINS_13SSD130xDriverILj128ELj64ENS_24SSD130x4WireSpiTransportEEEE6UpdateEv
                0x08001f74       0x8c build/SimpleSampler.o
                0x08001f74                daisy::OledDisplay<daisy::SSD130xDriver<128u, 64u, daisy::SSD130x4WireSpiTransport> >::Update()
 .text._ZN5daisy25OneBitGraphicsDisplayImplINS_11OledDisplayINS_13SSD130xDriverILj128ELj64ENS_24SSD130x4WireSpiTransportEEEEEE9WriteCharEc7FontDefb
                0x08002000      0x1a0 build/SimpleSampler.o
                0x08002000                daisy::OneBitGraphicsDisplayImpl<daisy::OledDisplay<daisy::SSD130xDriver<128u, 64u, daisy::SSD130x4WireSpiTransport> > >::WriteChar(char, FontDef, bool)
 .text._ZN5daisy11OledDisplayINS_13SSD130xDriverILj128ELj64ENS_24SSD130x4WireSpiTransportEEEE9DrawPixelEjjb
                0x080021a0       0x44 build/SimpleSampler.o
                0x080021a0                daisy::OledDisplay<daisy::SSD130xDriver<128u, 64u, daisy::SSD130x4WireSpiTransport> >::DrawPixel(unsigned int, unsigned int, bool)
 .text._ZN5daisy25OneBitGraphicsDisplayImplINS_11OledDisplayINS_13SSD130xDriverILj128ELj64ENS_24SSD130x4WireSpiTransportEEEEEE8DrawLineEjjjjb
                0x080021e4       0xfc build/SimpleSampler.o
                0x080021e4                daisy::OneBitGraphicsDisplayImpl<daisy::OledDisplay<daisy::SSD130xDriver<128u, 64u, daisy::SSD130x4WireSpiTransport> > >::DrawLine(unsigned int, unsigned int, unsigned int, unsigned int, bool)
 .text._ZN5daisy25OneBitGraphicsDisplayImplINS_11OledDisplayINS_13SSD130xDriverILj128ELj64ENS_24SSD130x4WireSpiTransportEEEEEE7DrawArcEjjjiib
                0x080022e0      0x478 build/SimpleSampler.o
                0x080022e0                daisy::OneBitGraphicsDisplayImpl<daisy::OledDisplay<daisy::SSD130xDriver<128u, 64u, daisy::SSD130x4WireSpiTransport> > >::DrawArc(unsigned int, unsigned int, unsigned int, int, int, bool)
 .text._ZN5daisy25OneBitGraphicsDisplayImplINS_11OledDisplayINS_13SSD130xDriverILj128ELj64ENS_24SSD130x4WireSpiTransportEEEEEE11WriteStringEPKc7FontDefb
                0x08002758      0x1c0 build/SimpleSampler.o
                0x08002758                daisy::OneBitGraphicsDisplayImpl<daisy::OledDisplay<daisy::SSD130xDriver<128u, 64u, daisy::SSD130x4WireSpiTransport> > >::WriteString(char const*, FontDef, bool)
 .text._ZN5daisy25OneBitGraphicsDisplayImplINS_11OledDisplayINS_13SSD130xDriverILj128ELj64ENS_24SSD130x4WireSpiTransportEEEEEE18WriteStringAlignedEPKcRK7FontDefNS_9RectangleENS_9AlignmentEb
                0x08002918      0x3f0 build/SimpleSampler.o
                0x08002918                daisy::OneBitGraphicsDisplayImpl<daisy::OledDisplay<daisy::SSD130xDriver<128u, 64u, daisy::SSD130x4WireSpiTransport> > >::WriteStringAligned(char const*, FontDef const&, daisy::Rectangle, daisy::Alignment, bool)
 .text._ZN5daisy25OneBitGraphicsDisplayImplINS_11OledDisplayINS_13SSD130xDriverILj128ELj64ENS_24SSD130x4WireSpiTransportEEEEEE8DrawRectEjjjjbb
                0x08002d08      0x418 build/SimpleSampler.o
                0x08002d08                daisy::OneBitGraphicsDisplayImpl<daisy::OledDisplay<daisy::SSD130xDriver<128u, 64u, daisy::SSD130x4WireSpiTransport> > >::DrawRect(unsigned int, unsigned int, unsigned int, unsigned int, bool, bool)
 .text._Z14EnterDirectoryPKc
                0x08003120       0x98 build/SimpleSampler.o
                0x08003120                EnterDirectory(char const*)
 .text._Z13CacheFileListv
                0x080031b8       0x28 build/SimpleSampler.o
                0x080031b8                CacheFileList()
 .text._Z20DisplayFilesOnScreenv
                0x080031e0      0x508 build/SimpleSampler.o
                0x080031e0                DisplayFilesOnScreen()
 .text._ZN5daisy13SSD130xDriverILj128ELj64ENS_24SSD130x4WireSpiTransportEE4InitENS2_6ConfigE
                0x080036e8      0x2ec build/SimpleSampler.o
                0x080036e8                daisy::SSD130xDriver<128u, 64u, daisy::SSD130x4WireSpiTransport>::Init(daisy::SSD130xDriver<128u, 64u, daisy::SSD130x4WireSpiTransport>::Config)
 .text.startup.main
                0x080039d4      0x28c build/SimpleSampler.o
                0x080039d4                main
 .text.startup._GLOBAL__sub_I_hw
                0x08003c60       0xac build/SimpleSampler.o
 .text._ZN5daisy8DaisyPod8StartAdcEv
                0x08003d0c        0x8 ../../libDaisy//build\libdaisy.a(daisy_pod.o)
                0x08003d0c                daisy::DaisyPod::StartAdc()
 .text._ZN5daisy8DaisyPod10UpdateLedsEv
                0x08003d14       0x18 ../../libDaisy//build\libdaisy.a(daisy_pod.o)
                0x08003d14                daisy::DaisyPod::UpdateLeds()
 .text._ZN5daisy8DaisyPod8InitLedsEv
                0x08003d2c       0x98 ../../libDaisy//build\libdaisy.a(daisy_pod.o)
                0x08003d2c                daisy::DaisyPod::InitLeds()
 .text._ZN5daisy8DaisyPod9InitKnobsEv
                0x08003dc4       0x90 ../../libDaisy//build\libdaisy.a(daisy_pod.o)
                0x08003dc4                daisy::DaisyPod::InitKnobs()
 .text._ZN5daisy8DaisyPod4InitEb
                0x08003e54      0x128 ../../libDaisy//build\libdaisy.a(daisy_pod.o)
                0x08003e54                daisy::DaisyPod::Init(bool)
 .text._ZN5daisy9DaisySeed9ConfigureEv
                0x08003f7c        0x4 ../../libDaisy//build\libdaisy.a(daisy_seed.o)
                0x08003f7c                daisy::DaisySeed::Configure()
 .text._ZN5daisy9DaisySeed6GetPinEh
                0x08003f80       0x2c ../../libDaisy//build\libdaisy.a(daisy_seed.o)
                0x08003f80                daisy::DaisySeed::GetPin(unsigned char)
 .text._ZN5daisy9DaisySeed17SetAudioBlockSizeEj
                0x08003fac       0x38 ../../libDaisy//build\libdaisy.a(daisy_seed.o)
                0x08003fac                daisy::DaisySeed::SetAudioBlockSize(unsigned int)
 .text._ZNK5daisy9DaisySeed17AudioCallbackRateEv
                0x08003fe4        0x8 ../../libDaisy//build\libdaisy.a(daisy_seed.o)
                0x08003fe4                daisy::DaisySeed::AudioCallbackRate() const
 .text._ZN5daisy9DaisySeed17CheckBoardVersionEv
                0x08003fec       0x6c ../../libDaisy//build\libdaisy.a(daisy_seed.o)
                0x08003fec                daisy::DaisySeed::CheckBoardVersion()
 .text._ZN5daisy9DaisySeed14ConfigureAudioEv
                0x08004058      0x10c ../../libDaisy//build\libdaisy.a(daisy_seed.o)
                0x08004058                daisy::DaisySeed::ConfigureAudio()
 .text._ZN5daisy9DaisySeed4InitEb
                0x08004164      0x108 ../../libDaisy//build\libdaisy.a(daisy_seed.o)
                0x08004164                daisy::DaisySeed::Init(bool)
 .text._ZN5daisy6Ak45564InitE12dsy_gpio_pin
                0x0800426c       0x44 ../../libDaisy//build\libdaisy.a(codec_ak4556.o)
                0x0800426c                daisy::Ak4556::Init(dsy_gpio_pin)
 .text._ZN5daisy6Wm873120WriteControlRegisterEht
                0x080042b0       0x3c ../../libDaisy//build\libdaisy.a(codec_wm8731.o)
                0x080042b0                daisy::Wm8731::WriteControlRegister(unsigned char, unsigned short)
 .text._ZN5daisy6Wm87314InitERKNS0_6ConfigENS_9I2CHandleE
                0x080042ec      0x1bc ../../libDaisy//build\libdaisy.a(codec_wm8731.o)
                0x080042ec                daisy::Wm8731::Init(daisy::Wm8731::Config const&, daisy::I2CHandle)
 .text._ZN11SdramHandle10DeviceInitEv
                0x080044a8       0x98 ../../libDaisy//build\libdaisy.a(sdram.o)
                0x080044a8                SdramHandle::DeviceInit()
 .text._ZN11SdramHandle4InitEv
                0x08004540       0x7c ../../libDaisy//build\libdaisy.a(sdram.o)
                0x08004540                SdramHandle::Init()
 .text.HAL_SDRAM_MspInit
                0x080045bc      0x1a8 ../../libDaisy//build\libdaisy.a(sdram.o)
                0x080045bc                HAL_SDRAM_MspInit
 .text._ZN5daisy11AudioHandle4InitERKNS0_6ConfigENS_9SaiHandleE
                0x08004764       0x70 ../../libDaisy//build\libdaisy.a(audio.o)
                0x08004764                daisy::AudioHandle::Init(daisy::AudioHandle::Config const&, daisy::SaiHandle)
 .text._ZNK5daisy11AudioHandle9GetConfigEv
                0x080047d4        0x8 ../../libDaisy//build\libdaisy.a(audio.o)
                0x080047d4                daisy::AudioHandle::GetConfig() const
 .text._ZN5daisy11AudioHandle12SetBlockSizeEj
                0x080047dc       0x1c ../../libDaisy//build\libdaisy.a(audio.o)
                0x080047dc                daisy::AudioHandle::SetBlockSize(unsigned int)
 .text._ZN5daisy11AudioHandle13GetSampleRateEv
                0x080047f8        0x8 ../../libDaisy//build\libdaisy.a(audio.o)
                0x080047f8                daisy::AudioHandle::GetSampleRate()
 .text.startup._GLOBAL__sub_I__ZN5daisy11AudioHandle4Impl4InitENS0_6ConfigENS_9SaiHandleE
                0x08004800       0x24 ../../libDaisy//build\libdaisy.a(audio.o)
 .text._ZN5daisy13AnalogControl4InitEPtfbbf
                0x08004824       0x64 ../../libDaisy//build\libdaisy.a(ctrl.o)
                0x08004824                daisy::AnalogControl::Init(unsigned short*, float, bool, bool, float)
 .text._ZN5daisy13AnalogControl7ProcessEv
                0x08004888       0x48 ../../libDaisy//build\libdaisy.a(ctrl.o)
                0x08004888                daisy::AnalogControl::Process()
 .text._ZN5daisy13AnalogControl13SetSampleRateEf
                0x080048d0       0x58 ../../libDaisy//build\libdaisy.a(ctrl.o)
                0x080048d0                daisy::AnalogControl::SetSampleRate(float)
 .text._ZN5daisy7Encoder4InitE12dsy_gpio_pinS1_S1_f
                0x08004928       0x60 ../../libDaisy//build\libdaisy.a(encoder.o)
                0x08004928                daisy::Encoder::Init(dsy_gpio_pin, dsy_gpio_pin, dsy_gpio_pin, float)
 .text._ZN5daisy7Encoder8DebounceEv
                0x08004988       0x7c ../../libDaisy//build\libdaisy.a(encoder.o)
                0x08004988                daisy::Encoder::Debounce()
 .text._ZN5daisy17MidiUartTransport6ConfigC2Ev
                0x08004a04       0x28 ../../libDaisy//build\libdaisy.a(midi.o)
                0x08004a04                daisy::MidiUartTransport::Config::Config()
                0x08004a04                daisy::MidiUartTransport::Config::Config()
 .text._ZN5daisy10MidiParser5ResetEv
                0x08004a2c        0xc ../../libDaisy//build\libdaisy.a(midi_parser.o)
                0x08004a2c                daisy::MidiParser::Reset()
 .text._ZN5daisy9Parameter4InitENS_13AnalogControlEffNS0_5CurveE
                0x08004a38       0x60 ../../libDaisy//build\libdaisy.a(parameter.o)
                0x08004a38                daisy::Parameter::Init(daisy::AnalogControl, float, float, daisy::Parameter::Curve)
 .text._ZN5daisy9Parameter7ProcessEv
                0x08004a98       0xac ../../libDaisy//build\libdaisy.a(parameter.o)
                0x08004a98                daisy::Parameter::Process()
 .text._ZN5daisy6RgbLed4InitE12dsy_gpio_pinS1_S1_b
                0x08004b44       0x50 ../../libDaisy//build\libdaisy.a(rgb_led.o)
                0x08004b44                daisy::RgbLed::Init(dsy_gpio_pin, dsy_gpio_pin, dsy_gpio_pin, bool)
 .text._ZN5daisy6RgbLed3SetEfff
                0x08004b94       0x34 ../../libDaisy//build\libdaisy.a(rgb_led.o)
                0x08004b94                daisy::RgbLed::Set(float, float, float)
 .text._ZN5daisy6RgbLed8SetColorENS_5ColorE
                0x08004bc8       0x2c ../../libDaisy//build\libdaisy.a(rgb_led.o)
                0x08004bc8                daisy::RgbLed::SetColor(daisy::Color)
 .text._ZN5daisy6RgbLed6UpdateEv
                0x08004bf4       0x1c ../../libDaisy//build\libdaisy.a(rgb_led.o)
                0x08004bf4                daisy::RgbLed::Update()
 .text._ZN5daisy6Switch4InitE12dsy_gpio_pinf
                0x08004c10       0x34 ../../libDaisy//build\libdaisy.a(switch.o)
                0x08004c10                daisy::Switch::Init(dsy_gpio_pin, float)
 .text._ZN5daisy6Switch8DebounceEv
                0x08004c44       0x5c ../../libDaisy//build\libdaisy.a(switch.o)
                0x08004c44                daisy::Switch::Debounce()
 .text._ZN5daisy16AdcChannelConfig10InitSingleE12dsy_gpio_pinNS0_15ConversionSpeedE
                0x08004ca0       0x28 ../../libDaisy//build\libdaisy.a(adc.o)
                0x08004ca0                daisy::AdcChannelConfig::InitSingle(dsy_gpio_pin, daisy::AdcChannelConfig::ConversionSpeed)
 .text._ZN5daisy9AdcHandle4InitEPNS_16AdcChannelConfigEjNS0_12OverSamplingE
                0x08004cc8      0x41c ../../libDaisy//build\libdaisy.a(adc.o)
                0x08004cc8                daisy::AdcHandle::Init(daisy::AdcChannelConfig*, unsigned int, daisy::AdcHandle::OverSampling)
 .text._ZN5daisy9AdcHandle5StartEv
                0x080050e4       0x2c ../../libDaisy//build\libdaisy.a(adc.o)
                0x080050e4                daisy::AdcHandle::Start()
 .text._ZNK5daisy9AdcHandle6GetPtrEh
                0x08005110       0x14 ../../libDaisy//build\libdaisy.a(adc.o)
                0x08005110                daisy::AdcHandle::GetPtr(unsigned char) const
 .text.HAL_ADC_MspInit
                0x08005124       0x98 ../../libDaisy//build\libdaisy.a(adc.o)
                0x08005124                HAL_ADC_MspInit
 .text.DMA1_Stream2_IRQHandler
                0x080051bc        0xc ../../libDaisy//build\libdaisy.a(adc.o)
                0x080051bc                DMA1_Stream2_IRQHandler
 .text.HAL_ADC_ConvCpltCallback
                0x080051c8      0x148 ../../libDaisy//build\libdaisy.a(adc.o)
                0x080051c8                HAL_ADC_ConvCpltCallback
 .text.HAL_ADC_ErrorCallback
                0x08005310        0x4 ../../libDaisy//build\libdaisy.a(adc.o)
                0x08005310                HAL_ADC_ErrorCallback
 .text._ZN5daisy4GPIO4InitENS_3PinENS0_4ModeENS0_4PullENS0_5SpeedE
                0x08005314      0x1cc ../../libDaisy//build\libdaisy.a(gpio.o)
                0x08005314                daisy::GPIO::Init(daisy::Pin, daisy::GPIO::Mode, daisy::GPIO::Pull, daisy::GPIO::Speed)
 .text._ZN5daisy4GPIO4ReadEv
                0x080054e0       0x18 ../../libDaisy//build\libdaisy.a(gpio.o)
                0x080054e0                daisy::GPIO::Read()
 .text._ZN5daisy4GPIO5WriteEb
                0x080054f8       0x14 ../../libDaisy//build\libdaisy.a(gpio.o)
                0x080054f8                daisy::GPIO::Write(bool)
 .text.dsy_gpio_init
                0x0800550c      0x1b8 ../../libDaisy//build\libdaisy.a(gpio.o)
                0x0800550c                dsy_gpio_init
 .text.dsy_gpio_read
                0x080056c4       0x1c ../../libDaisy//build\libdaisy.a(gpio.o)
                0x080056c4                dsy_gpio_read
 .text.dsy_gpio_write
                0x080056e0       0x24 ../../libDaisy//build\libdaisy.a(gpio.o)
                0x080056e0                dsy_gpio_write
 .text._ZN5daisy9I2CHandle4Impl8InitPinsEv
                0x08005704       0x58 ../../libDaisy//build\libdaisy.a(i2c.o)
                0x08005704                daisy::I2CHandle::Impl::InitPins()
 .text.HAL_I2C_MspInit
                0x0800575c      0x1b4 ../../libDaisy//build\libdaisy.a(i2c.o)
                0x0800575c                HAL_I2C_MspInit
 .text.dsy_i2c_global_init
                0x08005910       0x78 ../../libDaisy//build\libdaisy.a(i2c.o)
                0x08005910                dsy_i2c_global_init
 .text.DMA1_Stream6_IRQHandler
                0x08005988       0x34 ../../libDaisy//build\libdaisy.a(i2c.o)
                0x08005988                DMA1_Stream6_IRQHandler
 .text.I2C1_EV_IRQHandler
                0x080059bc        0xc ../../libDaisy//build\libdaisy.a(i2c.o)
                0x080059bc                I2C1_EV_IRQHandler
 .text.I2C2_EV_IRQHandler
                0x080059c8        0xc ../../libDaisy//build\libdaisy.a(i2c.o)
                0x080059c8                I2C2_EV_IRQHandler
 .text.I2C3_EV_IRQHandler
                0x080059d4        0xc ../../libDaisy//build\libdaisy.a(i2c.o)
                0x080059d4                I2C3_EV_IRQHandler
 .text._ZN5daisy9I2CHandle4InitERKNS0_6ConfigE
                0x080059e0      0x12c ../../libDaisy//build\libdaisy.a(i2c.o)
                0x080059e0                daisy::I2CHandle::Init(daisy::I2CHandle::Config const&)
 .text._ZN5daisy9I2CHandle16TransmitBlockingEtPhtm
                0x08005b0c       0x50 ../../libDaisy//build\libdaisy.a(i2c.o)
                0x08005b0c                daisy::I2CHandle::TransmitBlocking(unsigned short, unsigned char*, unsigned short, unsigned long)
 .text.startup._GLOBAL__sub_I__ZN5daisy9I2CHandle4Impl10GlobalInitEv
                0x08005b5c       0x18 ../../libDaisy//build\libdaisy.a(i2c.o)
 .text._ZN5daisy10QSPIHandle4Impl11WriteEnableEv
                0x08005b74       0x8c ../../libDaisy//build\libdaisy.a(qspi.o)
                0x08005b74                daisy::QSPIHandle::Impl::WriteEnable()
 .text._ZN5daisy10QSPIHandle4Impl17DummyCyclesConfigENS0_6Config6DeviceE
                0x08005c00      0x118 ../../libDaisy//build\libdaisy.a(qspi.o)
                0x08005c00                daisy::QSPIHandle::Impl::DummyCyclesConfig(daisy::QSPIHandle::Config::Device)
 .text._ZN5daisy10QSPIHandle4Impl10QuadEnableEv
                0x08005d18      0x158 ../../libDaisy//build\libdaisy.a(qspi.o)
                0x08005d18                daisy::QSPIHandle::Impl::QuadEnable()
 .text._ZN5daisy10QSPIHandle4InitERKNS0_6ConfigE
                0x08005e70      0x198 ../../libDaisy//build\libdaisy.a(qspi.o)
                0x08005e70                daisy::QSPIHandle::Init(daisy::QSPIHandle::Config const&)
 .text.HAL_QSPI_MspInit
                0x08006008      0x11c ../../libDaisy//build\libdaisy.a(qspi.o)
                0x08006008                HAL_QSPI_MspInit
 .text.HAL_QSPI_MspDeInit
                0x08006124       0x54 ../../libDaisy//build\libdaisy.a(qspi.o)
                0x08006124                HAL_QSPI_MspDeInit
 .text.QUADSPI_IRQHandler
                0x08006178        0xc ../../libDaisy//build\libdaisy.a(qspi.o)
                0x08006178                QUADSPI_IRQHandler
 .text.startup._GLOBAL__sub_I__ZN5daisy10QSPIHandle4Impl4InitERKNS0_6ConfigE
                0x08006184       0x28 ../../libDaisy//build\libdaisy.a(qspi.o)
 .text._ZN5daisy9SaiHandle4Impl7InitDmaENS1_15PeripheralBlockE
                0x080061ac       0xa0 ../../libDaisy//build\libdaisy.a(sai.o)
                0x080061ac                daisy::SaiHandle::Impl::InitDma(daisy::SaiHandle::Impl::PeripheralBlock)
 .text._ZN5daisy9SaiHandle4Impl8InitPinsEv
                0x0800624c       0xa8 ../../libDaisy//build\libdaisy.a(sai.o)
                0x0800624c                daisy::SaiHandle::Impl::InitPins()
 .text.HAL_SAI_MspInit
                0x080062f4      0x164 ../../libDaisy//build\libdaisy.a(sai.o)
                0x080062f4                HAL_SAI_MspInit
 .text.DMA1_Stream0_IRQHandler
                0x08006458        0xc ../../libDaisy//build\libdaisy.a(sai.o)
                0x08006458                DMA1_Stream0_IRQHandler
 .text.DMA1_Stream1_IRQHandler
                0x08006464        0xc ../../libDaisy//build\libdaisy.a(sai.o)
                0x08006464                DMA1_Stream1_IRQHandler
 .text.DMA1_Stream3_IRQHandler
                0x08006470        0xc ../../libDaisy//build\libdaisy.a(sai.o)
                0x08006470                DMA1_Stream3_IRQHandler
 .text.DMA1_Stream4_IRQHandler
                0x0800647c        0xc ../../libDaisy//build\libdaisy.a(sai.o)
                0x0800647c                DMA1_Stream4_IRQHandler
 .text._ZN5daisy9SaiHandle4InitERKNS0_6ConfigE
                0x08006488      0x1f0 ../../libDaisy//build\libdaisy.a(sai.o)
                0x08006488                daisy::SaiHandle::Init(daisy::SaiHandle::Config const&)
 .text._ZNK5daisy9SaiHandle9GetConfigEv
                0x08006678        0x4 ../../libDaisy//build\libdaisy.a(sai.o)
                0x08006678                daisy::SaiHandle::GetConfig() const
 .text._ZN5daisy9SaiHandle13GetSampleRateEv
                0x0800667c       0x24 ../../libDaisy//build\libdaisy.a(sai.o)
                0x0800667c                daisy::SaiHandle::GetSampleRate()
 .text._ZN5daisy12SdmmcHandler4InitERKNS0_6ConfigE
                0x080066a0       0x80 ../../libDaisy//build\libdaisy.a(sdmmc.o)
                0x080066a0                daisy::SdmmcHandler::Init(daisy::SdmmcHandler::Config const&)
 .text.HAL_SD_MspInit
                0x08006720       0xe4 ../../libDaisy//build\libdaisy.a(sdmmc.o)
                0x08006720                HAL_SD_MspInit
 .text.SDMMC1_IRQHandler
                0x08006804        0xc ../../libDaisy//build\libdaisy.a(sdmmc.o)
                0x08006804                SDMMC1_IRQHandler
 .text._ZN5daisy9SpiHandle4Impl7InitDmaEv
                0x08006810       0xec ../../libDaisy//build\libdaisy.a(spi.o)
                0x08006810                daisy::SpiHandle::Impl::InitDma()
 .text._ZN5daisy9SpiHandle4Impl10StartDmaTxEPhjPFvPvEPFvS3_NS0_6ResultEES3_
                0x080068fc       0xc8 ../../libDaisy//build\libdaisy.a(spi.o)
                0x080068fc                daisy::SpiHandle::Impl::StartDmaTx(unsigned char*, unsigned int, void (*)(void*), void (*)(void*, daisy::SpiHandle::Result), void*)
 .text._ZN5daisy9SpiHandle4Impl10StartDmaRxEPhjPFvPvEPFvS3_NS0_6ResultEES3_
                0x080069c4       0xc8 ../../libDaisy//build\libdaisy.a(spi.o)
                0x080069c4                daisy::SpiHandle::Impl::StartDmaRx(unsigned char*, unsigned int, void (*)(void*), void (*)(void*, daisy::SpiHandle::Result), void*)
 .text._ZN5daisy9SpiHandle4Impl12StartDmaRxTxEPhS2_jPFvPvEPFvS3_NS0_6ResultEES3_
                0x08006a8c       0xcc ../../libDaisy//build\libdaisy.a(spi.o)
                0x08006a8c                daisy::SpiHandle::Impl::StartDmaRxTx(unsigned char*, unsigned char*, unsigned int, void (*)(void*), void (*)(void*, daisy::SpiHandle::Result), void*)
 .text._ZN5daisy9SpiHandle4Impl8InitPinsEv
                0x08006b58      0x274 ../../libDaisy//build\libdaisy.a(spi.o)
                0x08006b58                daisy::SpiHandle::Impl::InitPins()
 .text.HAL_SPI_MspInit
                0x08006dcc      0x1a8 ../../libDaisy//build\libdaisy.a(spi.o)
                0x08006dcc                HAL_SPI_MspInit
 .text.dsy_spi_global_init
                0x08006f74       0x80 ../../libDaisy//build\libdaisy.a(spi.o)
                0x08006f74                dsy_spi_global_init
 .text.SPI1_IRQHandler
                0x08006ff4        0xc ../../libDaisy//build\libdaisy.a(spi.o)
                0x08006ff4                SPI1_IRQHandler
 .text.SPI2_IRQHandler
                0x08007000        0xc ../../libDaisy//build\libdaisy.a(spi.o)
                0x08007000                SPI2_IRQHandler
 .text.SPI3_IRQHandler
                0x0800700c        0xc ../../libDaisy//build\libdaisy.a(spi.o)
                0x0800700c                SPI3_IRQHandler
 .text.SPI4_IRQHandler
                0x08007018        0xc ../../libDaisy//build\libdaisy.a(spi.o)
                0x08007018                SPI4_IRQHandler
 .text.SPI5_IRQHandler
                0x08007024        0xc ../../libDaisy//build\libdaisy.a(spi.o)
                0x08007024                SPI5_IRQHandler
 .text.DMA2_Stream2_IRQHandler
                0x08007030       0x34 ../../libDaisy//build\libdaisy.a(spi.o)
                0x08007030                DMA2_Stream2_IRQHandler
 .text.DMA2_Stream3_IRQHandler
                0x08007064       0x38 ../../libDaisy//build\libdaisy.a(spi.o)
                0x08007064                DMA2_Stream3_IRQHandler
 .text.HAL_SPI_TxCpltCallback
                0x0800709c       0xc4 ../../libDaisy//build\libdaisy.a(spi.o)
                0x0800709c                HAL_SPI_TxCpltCallback
 .text.HAL_SPI_RxCpltCallback
                0x08007160       0xc4 ../../libDaisy//build\libdaisy.a(spi.o)
                0x08007160                HAL_SPI_RxCpltCallback
 .text.HAL_SPI_TxRxCpltCallback
                0x08007224       0xc4 ../../libDaisy//build\libdaisy.a(spi.o)
                0x08007224                HAL_SPI_TxRxCpltCallback
 .text.HAL_SPI_ErrorCallback
                0x080072e8       0xc8 ../../libDaisy//build\libdaisy.a(spi.o)
                0x080072e8                HAL_SPI_ErrorCallback
 .text._ZN5daisy9SpiHandle4InitERKNS0_6ConfigE
                0x080073b0      0x110 ../../libDaisy//build\libdaisy.a(spi.o)
                0x080073b0                daisy::SpiHandle::Init(daisy::SpiHandle::Config const&)
 .text._ZN5daisy9SpiHandle16BlockingTransmitEPhjm
                0x080074c0       0x14 ../../libDaisy//build\libdaisy.a(spi.o)
                0x080074c0                daisy::SpiHandle::BlockingTransmit(unsigned char*, unsigned int, unsigned long)
 .text.startup._GLOBAL__sub_I__Z19MapInstanceToHandleP11SPI_TypeDef
                0x080074d4      0x1b0 ../../libDaisy//build\libdaisy.a(spi.o)
 .text._ZL20UART_CheckRxListenerPN5daisy11UartHandler4ImplE
                0x08007684       0x84 ../../libDaisy//build\libdaisy.a(uart.o)
 .text._ZN5daisy11UartHandler4Impl10StartDmaTxEPhjPFvPvEPFvS3_NS0_6ResultEES3_
                0x08007708      0x184 ../../libDaisy//build\libdaisy.a(uart.o)
                0x08007708                daisy::UartHandler::Impl::StartDmaTx(unsigned char*, unsigned int, void (*)(void*), void (*)(void*, daisy::UartHandler::Result), void*)
 .text._ZN5daisy11UartHandler4Impl10StartDmaRxEPhjPFvPvEPFvS3_NS0_6ResultEES3_
                0x0800788c      0x184 ../../libDaisy//build\libdaisy.a(uart.o)
                0x0800788c                daisy::UartHandler::Impl::StartDmaRx(unsigned char*, unsigned int, void (*)(void*), void (*)(void*, daisy::UartHandler::Result), void*)
 .text._ZN5daisy11UartHandler4Impl19DmaTransferFinishedEP20__UART_HandleTypeDefNS0_6ResultE
                0x08007a10       0xc0 ../../libDaisy//build\libdaisy.a(uart.o)
                0x08007a10                daisy::UartHandler::Impl::DmaTransferFinished(__UART_HandleTypeDef*, daisy::UartHandler::Result)
 .text._ZN5daisy11UartHandler4Impl8InitPinsEv
                0x08007ad0      0x154 ../../libDaisy//build\libdaisy.a(uart.o)
                0x08007ad0                daisy::UartHandler::Impl::InitPins()
 .text.HAL_UART_MspInit
                0x08007c24      0x210 ../../libDaisy//build\libdaisy.a(uart.o)
                0x08007c24                HAL_UART_MspInit
 .text.dsy_uart_global_init
                0x08007e34      0x110 ../../libDaisy//build\libdaisy.a(uart.o)
                0x08007e34                dsy_uart_global_init
 .text.USART1_IRQHandler
                0x08007f44       0x2c ../../libDaisy//build\libdaisy.a(uart.o)
                0x08007f44                USART1_IRQHandler
 .text.USART2_IRQHandler
                0x08007f70       0x34 ../../libDaisy//build\libdaisy.a(uart.o)
                0x08007f70                USART2_IRQHandler
 .text.USART3_IRQHandler
                0x08007fa4       0x34 ../../libDaisy//build\libdaisy.a(uart.o)
                0x08007fa4                USART3_IRQHandler
 .text.UART4_IRQHandler
                0x08007fd8       0x34 ../../libDaisy//build\libdaisy.a(uart.o)
                0x08007fd8                UART4_IRQHandler
 .text.UART5_IRQHandler
                0x0800800c       0x34 ../../libDaisy//build\libdaisy.a(uart.o)
                0x0800800c                UART5_IRQHandler
 .text.USART6_IRQHandler
                0x08008040       0x34 ../../libDaisy//build\libdaisy.a(uart.o)
                0x08008040                USART6_IRQHandler
 .text.UART7_IRQHandler
                0x08008074       0x34 ../../libDaisy//build\libdaisy.a(uart.o)
                0x08008074                UART7_IRQHandler
 .text.UART8_IRQHandler
                0x080080a8       0x34 ../../libDaisy//build\libdaisy.a(uart.o)
                0x080080a8                UART8_IRQHandler
 .text.LPUART1_IRQHandler
                0x080080dc       0x34 ../../libDaisy//build\libdaisy.a(uart.o)
                0x080080dc                LPUART1_IRQHandler
 .text.DMA1_Stream5_IRQHandler
                0x08008110       0x34 ../../libDaisy//build\libdaisy.a(uart.o)
                0x08008110                DMA1_Stream5_IRQHandler
 .text.DMA2_Stream4_IRQHandler
                0x08008144       0x38 ../../libDaisy//build\libdaisy.a(uart.o)
                0x08008144                DMA2_Stream4_IRQHandler
 .text.HAL_UART_TxCpltCallback
                0x0800817c        0x8 ../../libDaisy//build\libdaisy.a(uart.o)
                0x0800817c                HAL_UART_TxCpltCallback
 .text.HAL_UART_RxCpltCallback
                0x08008184       0x94 ../../libDaisy//build\libdaisy.a(uart.o)
                0x08008184                HAL_UART_RxCpltCallback
 .text.HAL_UART_RxHalfCpltCallback
                0x08008218       0x90 ../../libDaisy//build\libdaisy.a(uart.o)
                0x08008218                HAL_UART_RxHalfCpltCallback
 .text.HAL_UART_ErrorCallback
                0x080082a8        0x8 ../../libDaisy//build\libdaisy.a(uart.o)
                0x080082a8                HAL_UART_ErrorCallback
 .text._ZN5daisy11UartHandler4InitERKNS0_6ConfigE
                0x080082b0       0xd4 ../../libDaisy//build\libdaisy.a(uart.o)
                0x080082b0                daisy::UartHandler::Init(daisy::UartHandler::Config const&)
 .text.startup._GLOBAL__sub_I__Z19MapInstanceToHandleP13USART_TypeDef
                0x08008384      0x194 ../../libDaisy//build\libdaisy.a(uart.o)
 .text.dsy_dma_init
                0x08008518      0x100 ../../libDaisy//build\libdaisy.a(dma.o)
                0x08008518                dsy_dma_init
 .text.dsy_dma_invalidate_cache_for_buffer
                0x08008618       0x2c ../../libDaisy//build\libdaisy.a(dma.o)
                0x08008618                dsy_dma_invalidate_cache_for_buffer
 .text._ZN5daisy14FatFSInterface4InitEh
                0x08008644       0x48 ../../libDaisy//build\libdaisy.a(fatfs.o)
                0x08008644                daisy::FatFSInterface::Init(unsigned char)
 .text._ZN5daisy11TimerHandleD2Ev
                0x0800868c        0x4 ../../libDaisy//build\libdaisy.a(system.o)
                0x0800868c                daisy::TimerHandle::~TimerHandle()
                0x0800868c                daisy::TimerHandle::~TimerHandle()
 .text.SysTick_Handler
                0x08008690       0x10 ../../libDaisy//build\libdaisy.a(system.o)
                0x08008690                SysTick_Handler
 .text.OTG_HS_EP1_OUT_IRQHandler
                0x080086a0       0x24 ../../libDaisy//build\libdaisy.a(system.o)
                0x080086a0                OTG_HS_EP1_OUT_IRQHandler
 .text.OTG_HS_EP1_IN_IRQHandler
                0x080086c4       0x24 ../../libDaisy//build\libdaisy.a(system.o)
                0x080086c4                OTG_HS_EP1_IN_IRQHandler
 .text.OTG_HS_IRQHandler
                0x080086e8       0x24 ../../libDaisy//build\libdaisy.a(system.o)
                0x080086e8                OTG_HS_IRQHandler
 .text.HardFault_Handler
                0x0800870c       0xe0 ../../libDaisy//build\libdaisy.a(system.o)
                0x0800870c                HardFault_Handler
 .text._ZN5daisy6System6GetNowEv
                0x080087ec        0x4 ../../libDaisy//build\libdaisy.a(system.o)
                0x080087ec                daisy::System::GetNow()
 .text._ZN5daisy6System5DelayEm
                0x080087f0        0x4 ../../libDaisy//build\libdaisy.a(system.o)
                0x080087f0                daisy::System::Delay(unsigned long)
 .text._ZN5daisy6System20GetBootloaderVersionEv
                0x080087f4       0x34 ../../libDaisy//build\libdaisy.a(system.o)
                0x080087f4                daisy::System::GetBootloaderVersion()
 .text._ZN5daisy6System15ConfigureClocksEv
                0x08008828      0x194 ../../libDaisy//build\libdaisy.a(system.o)
                0x08008828                daisy::System::ConfigureClocks()
 .text._ZN5daisy6System12ConfigureMpuEv
                0x080089bc       0x7c ../../libDaisy//build\libdaisy.a(system.o)
                0x080089bc                daisy::System::ConfigureMpu()
 .text._ZN5daisy6System4InitERKNS0_6ConfigE
                0x08008a38       0xec ../../libDaisy//build\libdaisy.a(system.o)
                0x08008a38                daisy::System::Init(daisy::System::Config const&)
 .text._ZN5daisy6System12GetPClk1FreqEv
                0x08008b24        0x4 ../../libDaisy//build\libdaisy.a(system.o)
                0x08008b24                daisy::System::GetPClk1Freq()
 .text._ZN5daisy6System22GetProgramMemoryRegionEv
                0x08008b28       0x78 ../../libDaisy//build\libdaisy.a(system.o)
                0x08008b28                daisy::System::GetProgramMemoryRegion()
 .text.startup._GLOBAL__sub_I__ZN5daisy9boot_infoE
                0x08008ba0       0x1c ../../libDaisy//build\libdaisy.a(system.o)
 .text.SystemInit
                0x08008bbc       0x9c ../../libDaisy//build\libdaisy.a(system_stm32h7xx.o)
                0x08008bbc                SystemInit
 .text.HAL_PCD_SetupStageCallback
                0x08008c58        0xc ../../libDaisy//build\libdaisy.a(usbd_conf.o)
                0x08008c58                HAL_PCD_SetupStageCallback
 .text.HAL_PCD_DataOutStageCallback
                0x08008c64       0x14 ../../libDaisy//build\libdaisy.a(usbd_conf.o)
                0x08008c64                HAL_PCD_DataOutStageCallback
 .text.HAL_PCD_DataInStageCallback
                0x08008c78       0x14 ../../libDaisy//build\libdaisy.a(usbd_conf.o)
                0x08008c78                HAL_PCD_DataInStageCallback
 .text.HAL_PCD_SOFCallback
                0x08008c8c        0x8 ../../libDaisy//build\libdaisy.a(usbd_conf.o)
                0x08008c8c                HAL_PCD_SOFCallback
 .text.HAL_PCD_ResetCallback
                0x08008c94       0x24 ../../libDaisy//build\libdaisy.a(usbd_conf.o)
                0x08008c94                HAL_PCD_ResetCallback
 .text.HAL_PCD_SuspendCallback
                0x08008cb8       0x30 ../../libDaisy//build\libdaisy.a(usbd_conf.o)
                0x08008cb8                HAL_PCD_SuspendCallback
 .text.HAL_PCD_ResumeCallback
                0x08008ce8        0x8 ../../libDaisy//build\libdaisy.a(usbd_conf.o)
                0x08008ce8                HAL_PCD_ResumeCallback
 .text.HAL_PCD_ISOOUTIncompleteCallback
                0x08008cf0        0x8 ../../libDaisy//build\libdaisy.a(usbd_conf.o)
                0x08008cf0                HAL_PCD_ISOOUTIncompleteCallback
 .text.HAL_PCD_ISOINIncompleteCallback
                0x08008cf8        0x8 ../../libDaisy//build\libdaisy.a(usbd_conf.o)
                0x08008cf8                HAL_PCD_ISOINIncompleteCallback
 .text.HAL_PCD_ConnectCallback
                0x08008d00        0x8 ../../libDaisy//build\libdaisy.a(usbd_conf.o)
                0x08008d00                HAL_PCD_ConnectCallback
 .text.HAL_PCD_DisconnectCallback
                0x08008d08        0x8 ../../libDaisy//build\libdaisy.a(usbd_conf.o)
                0x08008d08                HAL_PCD_DisconnectCallback
 .text.USBD_LL_OpenEP
                0x08008d10       0x24 ../../libDaisy//build\libdaisy.a(usbd_conf.o)
                0x08008d10                USBD_LL_OpenEP
 .text.USBD_LL_StallEP
                0x08008d34       0x1c ../../libDaisy//build\libdaisy.a(usbd_conf.o)
                0x08008d34                USBD_LL_StallEP
 .text.USBD_LL_ClearStallEP
                0x08008d50       0x1c ../../libDaisy//build\libdaisy.a(usbd_conf.o)
                0x08008d50                USBD_LL_ClearStallEP
 .text.USBD_LL_IsStallEP
                0x08008d6c       0x28 ../../libDaisy//build\libdaisy.a(usbd_conf.o)
                0x08008d6c                USBD_LL_IsStallEP
 .text.USBD_LL_SetUSBAddress
                0x08008d94       0x1c ../../libDaisy//build\libdaisy.a(usbd_conf.o)
                0x08008d94                USBD_LL_SetUSBAddress
 .text.USBD_LL_Transmit
                0x08008db0       0x1c ../../libDaisy//build\libdaisy.a(usbd_conf.o)
                0x08008db0                USBD_LL_Transmit
 .text.USBD_LL_PrepareReceive
                0x08008dcc       0x1c ../../libDaisy//build\libdaisy.a(usbd_conf.o)
                0x08008dcc                USBD_LL_PrepareReceive
 .text.HAL_HCD_SOF_Callback
                0x08008de8        0x8 ../../libDaisy//build\libdaisy.a(usbh_conf.o)
                0x08008de8                HAL_HCD_SOF_Callback
 .text.HAL_HCD_Connect_Callback
                0x08008df0        0x8 ../../libDaisy//build\libdaisy.a(usbh_conf.o)
                0x08008df0                HAL_HCD_Connect_Callback
 .text.HAL_HCD_Disconnect_Callback
                0x08008df8        0x8 ../../libDaisy//build\libdaisy.a(usbh_conf.o)
                0x08008df8                HAL_HCD_Disconnect_Callback
 .text.HAL_HCD_HC_NotifyURBChange_Callback
                0x08008e00        0x4 ../../libDaisy//build\libdaisy.a(usbh_conf.o)
                0x08008e00                HAL_HCD_HC_NotifyURBChange_Callback
 .text.HAL_HCD_PortEnabled_Callback
                0x08008e04        0x8 ../../libDaisy//build\libdaisy.a(usbh_conf.o)
                0x08008e04                HAL_HCD_PortEnabled_Callback
 .text.HAL_HCD_PortDisabled_Callback
                0x08008e0c        0x8 ../../libDaisy//build\libdaisy.a(usbh_conf.o)
                0x08008e0c                HAL_HCD_PortDisabled_Callback
 .text.USBH_LL_Stop
                0x08008e14       0x1c ../../libDaisy//build\libdaisy.a(usbh_conf.o)
                0x08008e14                USBH_LL_Stop
 .text.USBH_LL_GetLastXferSize
                0x08008e30        0x8 ../../libDaisy//build\libdaisy.a(usbh_conf.o)
                0x08008e30                USBH_LL_GetLastXferSize
 .text.USBH_LL_SubmitURB
                0x08008e38       0x38 ../../libDaisy//build\libdaisy.a(usbh_conf.o)
                0x08008e38                USBH_LL_SubmitURB
 .text.USBH_LL_GetURBState
                0x08008e70        0x8 ../../libDaisy//build\libdaisy.a(usbh_conf.o)
                0x08008e70                USBH_LL_GetURBState
 .text.USBH_LL_SetToggle
                0x08008e78       0x24 ../../libDaisy//build\libdaisy.a(usbh_conf.o)
                0x08008e78                USBH_LL_SetToggle
 .text.USBH_LL_GetToggle
                0x08008e9c       0x20 ../../libDaisy//build\libdaisy.a(usbh_conf.o)
                0x08008e9c                USBH_LL_GetToggle
 .text._ZN5daisy5Color4InitENS0_11PresetColorE
                0x08008ebc       0x20 ../../libDaisy//build\libdaisy.a(color.o)
                0x08008ebc                daisy::Color::Init(daisy::Color::PresetColor)
 .text.dsy_hal_map_get_port
                0x08008edc       0x10 ../../libDaisy//build\libdaisy.a(hal_map.o)
                0x08008edc                dsy_hal_map_get_port
 .text.dsy_hal_map_get_pin
                0x08008eec       0x10 ../../libDaisy//build\libdaisy.a(hal_map.o)
                0x08008eec                dsy_hal_map_get_pin
 .text.dsy_hal_map_gpio_clk_enable
                0x08008efc      0x150 ../../libDaisy//build\libdaisy.a(hal_map.o)
                0x08008efc                dsy_hal_map_gpio_clk_enable
 .text.SD_initialize
                0x0800904c       0x30 ../../libDaisy//build\libdaisy.a(sd_diskio.o)
                0x0800904c                SD_initialize
 .text.SD_status
                0x0800907c       0x20 ../../libDaisy//build\libdaisy.a(sd_diskio.o)
                0x0800907c                SD_status
 .text.SD_read  0x0800909c       0xcc ../../libDaisy//build\libdaisy.a(sd_diskio.o)
                0x0800909c                SD_read
 .text.SD_write
                0x08009168       0xa4 ../../libDaisy//build\libdaisy.a(sd_diskio.o)
                0x08009168                SD_write
 .text.SD_ioctl
                0x0800920c       0x68 ../../libDaisy//build\libdaisy.a(sd_diskio.o)
                0x0800920c                SD_ioctl
 .text.BSP_SD_WriteCpltCallback
                0x08009274        0xc ../../libDaisy//build\libdaisy.a(sd_diskio.o)
                0x08009274                BSP_SD_WriteCpltCallback
 .text.BSP_SD_ReadCpltCallback
                0x08009280        0xc ../../libDaisy//build\libdaisy.a(sd_diskio.o)
                0x08009280                BSP_SD_ReadCpltCallback
 .text.USBH_initialize
                0x0800928c        0x4 ../../libDaisy//build\libdaisy.a(usbh_diskio.o)
                0x0800928c                USBH_initialize
 .text.USBH_status
                0x08009290       0x18 ../../libDaisy//build\libdaisy.a(usbh_diskio.o)
                0x08009290                USBH_status
 .text.USBH_read
                0x080092a8      0x14c ../../libDaisy//build\libdaisy.a(usbh_diskio.o)
                0x080092a8                USBH_read
 .text.USBH_write
                0x080093f4      0x104 ../../libDaisy//build\libdaisy.a(usbh_diskio.o)
                0x080093f4                USBH_write
 .text.USBH_ioctl
                0x080094f8       0x68 ../../libDaisy//build\libdaisy.a(usbh_diskio.o)
                0x080094f8                USBH_ioctl
 .text.HAL_MspInit
                0x08009560        0x4 ../../libDaisy//build\libdaisy.a(stm32h7xx_hal.o)
                0x08009560                HAL_MspInit
 .text.HAL_InitTick
                0x08009564       0x4c ../../libDaisy//build\libdaisy.a(stm32h7xx_hal.o)
                0x08009564                HAL_InitTick
 .text.HAL_Init
                0x080095b0       0x60 ../../libDaisy//build\libdaisy.a(stm32h7xx_hal.o)
                0x080095b0                HAL_Init
 .text.HAL_IncTick
                0x08009610       0x18 ../../libDaisy//build\libdaisy.a(stm32h7xx_hal.o)
                0x08009610                HAL_IncTick
 .text.HAL_GetTick
                0x08009628        0xc ../../libDaisy//build\libdaisy.a(stm32h7xx_hal.o)
                0x08009628                HAL_GetTick
 .text.HAL_Delay
                0x08009634       0x24 ../../libDaisy//build\libdaisy.a(stm32h7xx_hal.o)
                0x08009634                HAL_Delay
 .text.HAL_GetREVID
                0x08009658        0xc ../../libDaisy//build\libdaisy.a(stm32h7xx_hal.o)
                0x08009658                HAL_GetREVID
 .text.HAL_ADC_ConvHalfCpltCallback
                0x08009664        0x4 ../../libDaisy//build\libdaisy.a(stm32h7xx_hal_adc.o)
                0x08009664                HAL_ADC_ConvHalfCpltCallback
 .text.ADC_DMAHalfConvCplt
                0x08009668        0xc ../../libDaisy//build\libdaisy.a(stm32h7xx_hal_adc.o)
                0x08009668                ADC_DMAHalfConvCplt
 .text.ADC_DMAConvCplt
                0x08009674       0x6c ../../libDaisy//build\libdaisy.a(stm32h7xx_hal_adc.o)
                0x08009674                ADC_DMAConvCplt
 .text.ADC_DMAError
                0x080096e0       0x1c ../../libDaisy//build\libdaisy.a(stm32h7xx_hal_adc.o)
                0x080096e0                ADC_DMAError
 .text.HAL_ADC_ConfigChannel
                0x080096fc      0x3fc ../../libDaisy//build\libdaisy.a(stm32h7xx_hal_adc.o)
                0x080096fc                HAL_ADC_ConfigChannel
 .text.ADC_Enable
                0x08009af8       0xac ../../libDaisy//build\libdaisy.a(stm32h7xx_hal_adc.o)
                0x08009af8                ADC_Enable
 .text.HAL_ADC_Start_DMA
                0x08009ba4      0x114 ../../libDaisy//build\libdaisy.a(stm32h7xx_hal_adc.o)
                0x08009ba4                HAL_ADC_Start_DMA
 .text.ADC_Disable
                0x08009cb8       0x68 ../../libDaisy//build\libdaisy.a(stm32h7xx_hal_adc.o)
                0x08009cb8                ADC_Disable
 .text.ADC_ConfigureBoostMode
                0x08009d20      0x184 ../../libDaisy//build\libdaisy.a(stm32h7xx_hal_adc.o)
                0x08009d20                ADC_ConfigureBoostMode
 .text.HAL_ADC_Init
                0x08009ea4      0x218 ../../libDaisy//build\libdaisy.a(stm32h7xx_hal_adc.o)
                0x08009ea4                HAL_ADC_Init
 .text.HAL_ADCEx_Calibration_Start
                0x0800a0bc       0xa4 ../../libDaisy//build\libdaisy.a(stm32h7xx_hal_adc_ex.o)
                0x0800a0bc                HAL_ADCEx_Calibration_Start
 .text.HAL_ADCEx_MultiModeConfigChannel
                0x0800a160       0xc4 ../../libDaisy//build\libdaisy.a(stm32h7xx_hal_adc_ex.o)
                0x0800a160                HAL_ADCEx_MultiModeConfigChannel
 .text.HAL_NVIC_SetPriorityGrouping
                0x0800a224       0x24 ../../libDaisy//build\libdaisy.a(stm32h7xx_hal_cortex.o)
                0x0800a224                HAL_NVIC_SetPriorityGrouping
 .text.HAL_NVIC_SetPriority
                0x0800a248       0x7c ../../libDaisy//build\libdaisy.a(stm32h7xx_hal_cortex.o)
                0x0800a248                HAL_NVIC_SetPriority
 .text.HAL_NVIC_EnableIRQ
                0x0800a2c4       0x1c ../../libDaisy//build\libdaisy.a(stm32h7xx_hal_cortex.o)
                0x0800a2c4                HAL_NVIC_EnableIRQ
 .text.HAL_NVIC_DisableIRQ
                0x0800a2e0       0x28 ../../libDaisy//build\libdaisy.a(stm32h7xx_hal_cortex.o)
                0x0800a2e0                HAL_NVIC_DisableIRQ
 .text.HAL_SYSTICK_Config
                0x0800a308       0x2c ../../libDaisy//build\libdaisy.a(stm32h7xx_hal_cortex.o)
                0x0800a308                HAL_SYSTICK_Config
 .text.HAL_MPU_Disable
                0x0800a334       0x1c ../../libDaisy//build\libdaisy.a(stm32h7xx_hal_cortex.o)
                0x0800a334                HAL_MPU_Disable
 .text.HAL_MPU_Enable
                0x0800a350       0x20 ../../libDaisy//build\libdaisy.a(stm32h7xx_hal_cortex.o)
                0x0800a350                HAL_MPU_Enable
 .text.HAL_MPU_ConfigRegion
                0x0800a370       0x64 ../../libDaisy//build\libdaisy.a(stm32h7xx_hal_cortex.o)
                0x0800a370                HAL_MPU_ConfigRegion
 .text.HAL_SYSTICK_Callback
                0x0800a3d4        0x4 ../../libDaisy//build\libdaisy.a(stm32h7xx_hal_cortex.o)
                0x0800a3d4                HAL_SYSTICK_Callback
 .text.HAL_SYSTICK_IRQHandler
                0x0800a3d8        0x8 ../../libDaisy//build\libdaisy.a(stm32h7xx_hal_cortex.o)
                0x0800a3d8                HAL_SYSTICK_IRQHandler
 .text.DMA_CalcBaseAndBitshift
                0x0800a3e0       0xf4 ../../libDaisy//build\libdaisy.a(stm32h7xx_hal_dma.o)
 .text.DMA_CalcDMAMUXChannelBaseAndMask
                0x0800a4d4       0xd8 ../../libDaisy//build\libdaisy.a(stm32h7xx_hal_dma.o)
 .text.HAL_DMA_Init
                0x0800a5ac      0x37c ../../libDaisy//build\libdaisy.a(stm32h7xx_hal_dma.o)
                0x0800a5ac                HAL_DMA_Init
 .text.HAL_DMA_Start_IT
                0x0800a928      0x240 ../../libDaisy//build\libdaisy.a(stm32h7xx_hal_dma.o)
                0x0800a928                HAL_DMA_Start_IT
 .text.HAL_DMA_Abort_IT
                0x0800ab68      0x134 ../../libDaisy//build\libdaisy.a(stm32h7xx_hal_dma.o)
                0x0800ab68                HAL_DMA_Abort_IT
 .text.HAL_DMA_IRQHandler
                0x0800ac9c      0x6a0 ../../libDaisy//build\libdaisy.a(stm32h7xx_hal_dma.o)
                0x0800ac9c                HAL_DMA_IRQHandler
 .text.HAL_DMA_GetError
                0x0800b33c        0x4 ../../libDaisy//build\libdaisy.a(stm32h7xx_hal_dma.o)
                0x0800b33c                HAL_DMA_GetError
 .text.HAL_GPIO_Init
                0x0800b340      0x280 ../../libDaisy//build\libdaisy.a(stm32h7xx_hal_gpio.o)
                0x0800b340                HAL_GPIO_Init
 .text.HAL_GPIO_DeInit
                0x0800b5c0      0x190 ../../libDaisy//build\libdaisy.a(stm32h7xx_hal_gpio.o)
                0x0800b5c0                HAL_GPIO_DeInit
 .text.HAL_GPIO_ReadPin
                0x0800b750        0xc ../../libDaisy//build\libdaisy.a(stm32h7xx_hal_gpio.o)
                0x0800b750                HAL_GPIO_ReadPin
 .text.HAL_GPIO_WritePin
                0x0800b75c        0x8 ../../libDaisy//build\libdaisy.a(stm32h7xx_hal_gpio.o)
                0x0800b75c                HAL_GPIO_WritePin
 .text.HAL_HCD_HC_SubmitRequest
                0x0800b764       0xd0 ../../libDaisy//build\libdaisy.a(stm32h7xx_hal_hcd.o)
                0x0800b764                HAL_HCD_HC_SubmitRequest
 .text.HAL_HCD_IRQHandler
                0x0800b834      0x780 ../../libDaisy//build\libdaisy.a(stm32h7xx_hal_hcd.o)
                0x0800b834                HAL_HCD_IRQHandler
 .text.HAL_HCD_Stop
                0x0800bfb4       0x28 ../../libDaisy//build\libdaisy.a(stm32h7xx_hal_hcd.o)
                0x0800bfb4                HAL_HCD_Stop
 .text.HAL_HCD_HC_GetURBState
                0x0800bfdc       0x10 ../../libDaisy//build\libdaisy.a(stm32h7xx_hal_hcd.o)
                0x0800bfdc                HAL_HCD_HC_GetURBState
 .text.HAL_HCD_HC_GetXferCount
                0x0800bfec        0xc ../../libDaisy//build\libdaisy.a(stm32h7xx_hal_hcd.o)
                0x0800bfec                HAL_HCD_HC_GetXferCount
 .text.I2C_WaitOnTXISFlagUntilTimeout
                0x0800bff8       0xb8 ../../libDaisy//build\libdaisy.a(stm32h7xx_hal_i2c.o)
 .text.I2C_WaitOnSTOPFlagUntilTimeout
                0x0800c0b0       0xac ../../libDaisy//build\libdaisy.a(stm32h7xx_hal_i2c.o)
 .text.HAL_I2C_Init
                0x0800c15c       0xac ../../libDaisy//build\libdaisy.a(stm32h7xx_hal_i2c.o)
                0x0800c15c                HAL_I2C_Init
 .text.HAL_I2C_Master_Transmit
                0x0800c208      0x1a8 ../../libDaisy//build\libdaisy.a(stm32h7xx_hal_i2c.o)
                0x0800c208                HAL_I2C_Master_Transmit
 .text.HAL_I2C_Slave_Transmit
                0x0800c3b0      0x1c8 ../../libDaisy//build\libdaisy.a(stm32h7xx_hal_i2c.o)
                0x0800c3b0                HAL_I2C_Slave_Transmit
 .text.HAL_I2C_EV_IRQHandler
                0x0800c578       0x10 ../../libDaisy//build\libdaisy.a(stm32h7xx_hal_i2c.o)
                0x0800c578                HAL_I2C_EV_IRQHandler
 .text.HAL_I2C_GetState
                0x0800c588        0x8 ../../libDaisy//build\libdaisy.a(stm32h7xx_hal_i2c.o)
                0x0800c588                HAL_I2C_GetState
 .text.HAL_I2CEx_ConfigAnalogFilter
                0x0800c590       0x54 ../../libDaisy//build\libdaisy.a(stm32h7xx_hal_i2c_ex.o)
                0x0800c590                HAL_I2CEx_ConfigAnalogFilter
 .text.HAL_I2CEx_ConfigDigitalFilter
                0x0800c5e4       0x58 ../../libDaisy//build\libdaisy.a(stm32h7xx_hal_i2c_ex.o)
                0x0800c5e4                HAL_I2CEx_ConfigDigitalFilter
 .text.HAL_PCD_IRQHandler
                0x0800c63c      0x69c ../../libDaisy//build\libdaisy.a(stm32h7xx_hal_pcd.o)
                0x0800c63c                HAL_PCD_IRQHandler
 .text.HAL_PCD_SetAddress
                0x0800ccd8       0x2c ../../libDaisy//build\libdaisy.a(stm32h7xx_hal_pcd.o)
                0x0800ccd8                HAL_PCD_SetAddress
 .text.HAL_PCD_EP_Open
                0x0800cd04       0x7c ../../libDaisy//build\libdaisy.a(stm32h7xx_hal_pcd.o)
                0x0800cd04                HAL_PCD_EP_Open
 .text.HAL_PCD_EP_Receive
                0x0800cd80       0x50 ../../libDaisy//build\libdaisy.a(stm32h7xx_hal_pcd.o)
                0x0800cd80                HAL_PCD_EP_Receive
 .text.HAL_PCD_EP_Transmit
                0x0800cdd0       0x50 ../../libDaisy//build\libdaisy.a(stm32h7xx_hal_pcd.o)
                0x0800cdd0                HAL_PCD_EP_Transmit
 .text.HAL_PCD_EP_SetStall
                0x0800ce20       0x88 ../../libDaisy//build\libdaisy.a(stm32h7xx_hal_pcd.o)
                0x0800ce20                HAL_PCD_EP_SetStall
 .text.HAL_PCD_EP_ClrStall
                0x0800cea8       0x78 ../../libDaisy//build\libdaisy.a(stm32h7xx_hal_pcd.o)
                0x0800cea8                HAL_PCD_EP_ClrStall
 .text.HAL_PCDEx_LPM_Callback
                0x0800cf20        0x4 ../../libDaisy//build\libdaisy.a(stm32h7xx_hal_pcd_ex.o)
                0x0800cf20                HAL_PCDEx_LPM_Callback
 .text.HAL_PWREx_ConfigSupply
                0x0800cf24       0x4c ../../libDaisy//build\libdaisy.a(stm32h7xx_hal_pwr_ex.o)
                0x0800cf24                HAL_PWREx_ConfigSupply
 .text.HAL_PWREx_EnableUSBVoltageDetector
                0x0800cf70       0x10 ../../libDaisy//build\libdaisy.a(stm32h7xx_hal_pwr_ex.o)
                0x0800cf70                HAL_PWREx_EnableUSBVoltageDetector
 .text.QSPI_Config
                0x0800cf80      0x174 ../../libDaisy//build\libdaisy.a(stm32h7xx_hal_qspi.o)
 .text.HAL_QSPI_Init
                0x0800d0f4       0xd8 ../../libDaisy//build\libdaisy.a(stm32h7xx_hal_qspi.o)
                0x0800d0f4                HAL_QSPI_Init
 .text.HAL_QSPI_DeInit
                0x0800d1cc       0x3c ../../libDaisy//build\libdaisy.a(stm32h7xx_hal_qspi.o)
                0x0800d1cc                HAL_QSPI_DeInit
 .text.HAL_QSPI_Command
                0x0800d208       0xd4 ../../libDaisy//build\libdaisy.a(stm32h7xx_hal_qspi.o)
                0x0800d208                HAL_QSPI_Command
 .text.HAL_QSPI_Transmit
                0x0800d2dc       0xfc ../../libDaisy//build\libdaisy.a(stm32h7xx_hal_qspi.o)
                0x0800d2dc                HAL_QSPI_Transmit
 .text.HAL_QSPI_Receive
                0x0800d3d8      0x108 ../../libDaisy//build\libdaisy.a(stm32h7xx_hal_qspi.o)
                0x0800d3d8                HAL_QSPI_Receive
 .text.HAL_QSPI_AutoPolling
                0x0800d4e0       0xf0 ../../libDaisy//build\libdaisy.a(stm32h7xx_hal_qspi.o)
                0x0800d4e0                HAL_QSPI_AutoPolling
 .text.HAL_QSPI_MemoryMapped
                0x0800d5d0       0xc0 ../../libDaisy//build\libdaisy.a(stm32h7xx_hal_qspi.o)
                0x0800d5d0                HAL_QSPI_MemoryMapped
 .text.HAL_QSPI_ErrorCallback
                0x0800d690        0x4 ../../libDaisy//build\libdaisy.a(stm32h7xx_hal_qspi.o)
                0x0800d690                HAL_QSPI_ErrorCallback
 .text.QSPI_DMAAbortCplt
                0x0800d694       0x38 ../../libDaisy//build\libdaisy.a(stm32h7xx_hal_qspi.o)
 .text.HAL_QSPI_AbortCpltCallback
                0x0800d6cc        0x4 ../../libDaisy//build\libdaisy.a(stm32h7xx_hal_qspi.o)
                0x0800d6cc                HAL_QSPI_AbortCpltCallback
 .text.HAL_QSPI_CmdCpltCallback
                0x0800d6d0        0x4 ../../libDaisy//build\libdaisy.a(stm32h7xx_hal_qspi.o)
                0x0800d6d0                HAL_QSPI_CmdCpltCallback
 .text.HAL_QSPI_RxCpltCallback
                0x0800d6d4        0x4 ../../libDaisy//build\libdaisy.a(stm32h7xx_hal_qspi.o)
                0x0800d6d4                HAL_QSPI_RxCpltCallback
 .text.HAL_QSPI_TxCpltCallback
                0x0800d6d8        0x4 ../../libDaisy//build\libdaisy.a(stm32h7xx_hal_qspi.o)
                0x0800d6d8                HAL_QSPI_TxCpltCallback
 .text.HAL_QSPI_FifoThresholdCallback
                0x0800d6dc        0x4 ../../libDaisy//build\libdaisy.a(stm32h7xx_hal_qspi.o)
                0x0800d6dc                HAL_QSPI_FifoThresholdCallback
 .text.HAL_QSPI_StatusMatchCallback
                0x0800d6e0        0x4 ../../libDaisy//build\libdaisy.a(stm32h7xx_hal_qspi.o)
                0x0800d6e0                HAL_QSPI_StatusMatchCallback
 .text.HAL_QSPI_TimeOutCallback
                0x0800d6e4        0x4 ../../libDaisy//build\libdaisy.a(stm32h7xx_hal_qspi.o)
                0x0800d6e4                HAL_QSPI_TimeOutCallback
 .text.HAL_QSPI_IRQHandler
                0x0800d6e8      0x210 ../../libDaisy//build\libdaisy.a(stm32h7xx_hal_qspi.o)
                0x0800d6e8                HAL_QSPI_IRQHandler
 .text.HAL_RCC_OscConfig
                0x0800d8f8      0x51c ../../libDaisy//build\libdaisy.a(stm32h7xx_hal_rcc.o)
                0x0800d8f8                HAL_RCC_OscConfig
 .text.HAL_RCC_GetSysClockFreq
                0x0800de14      0x140 ../../libDaisy//build\libdaisy.a(stm32h7xx_hal_rcc.o)
                0x0800de14                HAL_RCC_GetSysClockFreq
 .text.HAL_RCC_ClockConfig
                0x0800df54      0x234 ../../libDaisy//build\libdaisy.a(stm32h7xx_hal_rcc.o)
                0x0800df54                HAL_RCC_ClockConfig
 .text.HAL_RCC_GetHCLKFreq
                0x0800e188       0x2c ../../libDaisy//build\libdaisy.a(stm32h7xx_hal_rcc.o)
                0x0800e188                HAL_RCC_GetHCLKFreq
 .text.HAL_RCC_GetPCLK1Freq
                0x0800e1b4       0x38 ../../libDaisy//build\libdaisy.a(stm32h7xx_hal_rcc.o)
                0x0800e1b4                HAL_RCC_GetPCLK1Freq
 .text.HAL_RCC_GetPCLK2Freq
                0x0800e1ec       0x38 ../../libDaisy//build\libdaisy.a(stm32h7xx_hal_rcc.o)
                0x0800e1ec                HAL_RCC_GetPCLK2Freq
 .text.RCCEx_PLL2_Config
                0x0800e224       0xf4 ../../libDaisy//build\libdaisy.a(stm32h7xx_hal_rcc_ex.o)
 .text.RCCEx_PLL3_Config
                0x0800e318       0xf4 ../../libDaisy//build\libdaisy.a(stm32h7xx_hal_rcc_ex.o)
 .text.HAL_RCCEx_PeriphCLKConfig
                0x0800e40c      0xa7c ../../libDaisy//build\libdaisy.a(stm32h7xx_hal_rcc_ex.o)
                0x0800e40c                HAL_RCCEx_PeriphCLKConfig
 .text.HAL_RCCEx_GetD3PCLK1Freq
                0x0800ee88       0x24 ../../libDaisy//build\libdaisy.a(stm32h7xx_hal_rcc_ex.o)
                0x0800ee88                HAL_RCCEx_GetD3PCLK1Freq
 .text.HAL_RCCEx_GetPLL2ClockFreq
                0x0800eeac      0x17c ../../libDaisy//build\libdaisy.a(stm32h7xx_hal_rcc_ex.o)
                0x0800eeac                HAL_RCCEx_GetPLL2ClockFreq
 .text.HAL_RCCEx_GetPLL3ClockFreq
                0x0800f028      0x17c ../../libDaisy//build\libdaisy.a(stm32h7xx_hal_rcc_ex.o)
                0x0800f028                HAL_RCCEx_GetPLL3ClockFreq
 .text.HAL_RCCEx_GetPLL1ClockFreq
                0x0800f1a4      0x17c ../../libDaisy//build\libdaisy.a(stm32h7xx_hal_rcc_ex.o)
                0x0800f1a4                HAL_RCCEx_GetPLL1ClockFreq
 .text.HAL_RCCEx_GetPeriphCLKFreq
                0x0800f320      0x198 ../../libDaisy//build\libdaisy.a(stm32h7xx_hal_rcc_ex.o)
                0x0800f320                HAL_RCCEx_GetPeriphCLKFreq
 .text.HAL_RCCEx_GetD1SysClockFreq
                0x0800f4b8       0x2c ../../libDaisy//build\libdaisy.a(stm32h7xx_hal_rcc_ex.o)
                0x0800f4b8                HAL_RCCEx_GetD1SysClockFreq
 .text.HAL_SAI_Init.part.0
                0x0800f4e4      0x348 ../../libDaisy//build\libdaisy.a(stm32h7xx_hal_sai.o)
 .text.HAL_SAI_InitProtocol
                0x0800f82c      0x178 ../../libDaisy//build\libdaisy.a(stm32h7xx_hal_sai.o)
                0x0800f82c                HAL_SAI_InitProtocol
 .text.SD_FindSCR
                0x0800f9a4       0xe4 ../../libDaisy//build\libdaisy.a(stm32h7xx_hal_sd.o)
 .text.SD_HighSpeed
                0x0800fa88      0x114 ../../libDaisy//build\libdaisy.a(stm32h7xx_hal_sd.o)
 .text.HAL_SD_ReadBlocks_DMA
                0x0800fb9c      0x114 ../../libDaisy//build\libdaisy.a(stm32h7xx_hal_sd.o)
                0x0800fb9c                HAL_SD_ReadBlocks_DMA
 .text.HAL_SD_WriteBlocks_DMA
                0x0800fcb0      0x108 ../../libDaisy//build\libdaisy.a(stm32h7xx_hal_sd.o)
                0x0800fcb0                HAL_SD_WriteBlocks_DMA
 .text.HAL_SD_ErrorCallback
                0x0800fdb8        0x4 ../../libDaisy//build\libdaisy.a(stm32h7xx_hal_sd.o)
                0x0800fdb8                HAL_SD_ErrorCallback
 .text.HAL_SD_GetCardCSD
                0x0800fdbc      0x17c ../../libDaisy//build\libdaisy.a(stm32h7xx_hal_sd.o)
                0x0800fdbc                HAL_SD_GetCardCSD
 .text.HAL_SD_InitCard
                0x0800ff38      0x1f4 ../../libDaisy//build\libdaisy.a(stm32h7xx_hal_sd.o)
                0x0800ff38                HAL_SD_InitCard
 .text.HAL_SD_GetCardStatus
                0x0801012c      0x178 ../../libDaisy//build\libdaisy.a(stm32h7xx_hal_sd.o)
                0x0801012c                HAL_SD_GetCardStatus
 .text.HAL_SD_GetCardInfo
                0x080102a4       0x28 ../../libDaisy//build\libdaisy.a(stm32h7xx_hal_sd.o)
                0x080102a4                HAL_SD_GetCardInfo
 .text.HAL_SD_ConfigWideBusOperation
                0x080102cc      0x12c ../../libDaisy//build\libdaisy.a(stm32h7xx_hal_sd.o)
                0x080102cc                HAL_SD_ConfigWideBusOperation
 .text.HAL_SD_Init
                0x080103f8       0xc8 ../../libDaisy//build\libdaisy.a(stm32h7xx_hal_sd.o)
                0x080103f8                HAL_SD_Init
 .text.HAL_SD_ConfigSpeedBusOperation
                0x080104c0       0xc0 ../../libDaisy//build\libdaisy.a(stm32h7xx_hal_sd.o)
                0x080104c0                HAL_SD_ConfigSpeedBusOperation
 .text.HAL_SD_GetCardState
                0x08010580       0x28 ../../libDaisy//build\libdaisy.a(stm32h7xx_hal_sd.o)
                0x08010580                HAL_SD_GetCardState
 .text.HAL_SDEx_Read_DMADoubleBuf0CpltCallback
                0x080105a8        0x4 ../../libDaisy//build\libdaisy.a(stm32h7xx_hal_sd.o)
                0x080105a8                HAL_SDEx_Read_DMADoubleBuf0CpltCallback
 .text.HAL_SDEx_Read_DMADoubleBuf1CpltCallback
                0x080105ac        0x4 ../../libDaisy//build\libdaisy.a(stm32h7xx_hal_sd.o)
                0x080105ac                HAL_SDEx_Read_DMADoubleBuf1CpltCallback
 .text.HAL_SDEx_Write_DMADoubleBuf0CpltCallback
                0x080105b0        0x4 ../../libDaisy//build\libdaisy.a(stm32h7xx_hal_sd.o)
                0x080105b0                HAL_SDEx_Write_DMADoubleBuf0CpltCallback
 .text.HAL_SDEx_Write_DMADoubleBuf1CpltCallback
                0x080105b4        0x4 ../../libDaisy//build\libdaisy.a(stm32h7xx_hal_sd.o)
                0x080105b4                HAL_SDEx_Write_DMADoubleBuf1CpltCallback
 .text.HAL_SD_IRQHandler
                0x080105b8      0x248 ../../libDaisy//build\libdaisy.a(stm32h7xx_hal_sd.o)
                0x080105b8                HAL_SD_IRQHandler
 .text.HAL_SDRAM_Init
                0x08010800       0x54 ../../libDaisy//build\libdaisy.a(stm32h7xx_hal_sdram.o)
                0x08010800                HAL_SDRAM_Init
 .text.HAL_SDRAM_SendCommand
                0x08010854       0x40 ../../libDaisy//build\libdaisy.a(stm32h7xx_hal_sdram.o)
                0x08010854                HAL_SDRAM_SendCommand
 .text.HAL_SDRAM_ProgramRefreshRate
                0x08010894       0x30 ../../libDaisy//build\libdaisy.a(stm32h7xx_hal_sdram.o)
                0x08010894                HAL_SDRAM_ProgramRefreshRate
 .text.SPI_CloseTransfer
                0x080108c4       0xb8 ../../libDaisy//build\libdaisy.a(stm32h7xx_hal_spi.o)
 .text.HAL_SPI_Init
                0x0801097c      0x15c ../../libDaisy//build\libdaisy.a(stm32h7xx_hal_spi.o)
                0x0801097c                HAL_SPI_Init
 .text.HAL_SPI_Transmit
                0x08010ad8      0x314 ../../libDaisy//build\libdaisy.a(stm32h7xx_hal_spi.o)
                0x08010ad8                HAL_SPI_Transmit
 .text.HAL_SPI_Transmit_DMA
                0x08010dec      0x170 ../../libDaisy//build\libdaisy.a(stm32h7xx_hal_spi.o)
                0x08010dec                HAL_SPI_Transmit_DMA
 .text.HAL_SPI_TransmitReceive_DMA
                0x08010f5c      0x218 ../../libDaisy//build\libdaisy.a(stm32h7xx_hal_spi.o)
                0x08010f5c                HAL_SPI_TransmitReceive_DMA
 .text.HAL_SPI_Receive_DMA
                0x08011174      0x1b4 ../../libDaisy//build\libdaisy.a(stm32h7xx_hal_spi.o)
                0x08011174                HAL_SPI_Receive_DMA
 .text.SPI_DMATransmitCplt
                0x08011328       0x28 ../../libDaisy//build\libdaisy.a(stm32h7xx_hal_spi.o)
 .text.SPI_DMAReceiveCplt
                0x08011350       0x28 ../../libDaisy//build\libdaisy.a(stm32h7xx_hal_spi.o)
 .text.SPI_DMATransmitReceiveCplt
                0x08011378       0x28 ../../libDaisy//build\libdaisy.a(stm32h7xx_hal_spi.o)
 .text.HAL_SPI_TxHalfCpltCallback
                0x080113a0        0x4 ../../libDaisy//build\libdaisy.a(stm32h7xx_hal_spi.o)
                0x080113a0                HAL_SPI_TxHalfCpltCallback
 .text.SPI_DMAHalfTransmitCplt
                0x080113a4        0xc ../../libDaisy//build\libdaisy.a(stm32h7xx_hal_spi.o)
 .text.HAL_SPI_RxHalfCpltCallback
                0x080113b0        0x4 ../../libDaisy//build\libdaisy.a(stm32h7xx_hal_spi.o)
                0x080113b0                HAL_SPI_RxHalfCpltCallback
 .text.SPI_DMAHalfReceiveCplt
                0x080113b4        0xc ../../libDaisy//build\libdaisy.a(stm32h7xx_hal_spi.o)
 .text.HAL_SPI_TxRxHalfCpltCallback
                0x080113c0        0x4 ../../libDaisy//build\libdaisy.a(stm32h7xx_hal_spi.o)
                0x080113c0                HAL_SPI_TxRxHalfCpltCallback
 .text.SPI_DMAHalfTransmitReceiveCplt
                0x080113c4        0xc ../../libDaisy//build\libdaisy.a(stm32h7xx_hal_spi.o)
 .text.SPI_DMAError
                0x080113d0       0xd8 ../../libDaisy//build\libdaisy.a(stm32h7xx_hal_spi.o)
 .text.HAL_SPI_IRQHandler
                0x080114a8      0x23c ../../libDaisy//build\libdaisy.a(stm32h7xx_hal_spi.o)
                0x080114a8                HAL_SPI_IRQHandler
 .text.SPI_DMAAbortOnError
                0x080116e4       0x1c ../../libDaisy//build\libdaisy.a(stm32h7xx_hal_spi.o)
 .text.HAL_SPI_GetState
                0x08011700        0x8 ../../libDaisy//build\libdaisy.a(stm32h7xx_hal_spi.o)
                0x08011700                HAL_SPI_GetState
 .text.HAL_UART_Transmit_DMA
                0x08011708       0xa4 ../../libDaisy//build\libdaisy.a(stm32h7xx_hal_uart.o)
                0x08011708                HAL_UART_Transmit_DMA
 .text.HAL_UART_Receive_DMA
                0x080117ac       0xac ../../libDaisy//build\libdaisy.a(stm32h7xx_hal_uart.o)
                0x080117ac                HAL_UART_Receive_DMA
 .text.UART_DMATransmitCplt
                0x08011858       0x2c ../../libDaisy//build\libdaisy.a(stm32h7xx_hal_uart.o)
 .text.HAL_UART_TxHalfCpltCallback
                0x08011884        0x4 ../../libDaisy//build\libdaisy.a(stm32h7xx_hal_uart.o)
                0x08011884                HAL_UART_TxHalfCpltCallback
 .text.UART_DMATxHalfCplt
                0x08011888        0xc ../../libDaisy//build\libdaisy.a(stm32h7xx_hal_uart.o)
 .text.UART_DMAReceiveCplt
                0x08011894       0x38 ../../libDaisy//build\libdaisy.a(stm32h7xx_hal_uart.o)
 .text.UART_DMARxHalfCplt
                0x080118cc        0xc ../../libDaisy//build\libdaisy.a(stm32h7xx_hal_uart.o)
 .text.UART_DMAError
                0x080118d8       0x78 ../../libDaisy//build\libdaisy.a(stm32h7xx_hal_uart.o)
 .text.HAL_UART_IRQHandler
                0x08011950      0x1d0 ../../libDaisy//build\libdaisy.a(stm32h7xx_hal_uart.o)
                0x08011950                HAL_UART_IRQHandler
 .text.UART_DMAAbortOnError
                0x08011b20       0x14 ../../libDaisy//build\libdaisy.a(stm32h7xx_hal_uart.o)
 .text.HAL_UART_GetState
                0x08011b34        0xc ../../libDaisy//build\libdaisy.a(stm32h7xx_hal_uart.o)
                0x08011b34                HAL_UART_GetState
 .text.UART_SetConfig
                0x08011b40     0x14b8 ../../libDaisy//build\libdaisy.a(stm32h7xx_hal_uart.o)
                0x08011b40                UART_SetConfig
 .text.UART_AdvFeatureConfig
                0x08012ff8       0xb0 ../../libDaisy//build\libdaisy.a(stm32h7xx_hal_uart.o)
                0x08012ff8                UART_AdvFeatureConfig
 .text.UART_CheckIdleState
                0x080130a8       0x84 ../../libDaisy//build\libdaisy.a(stm32h7xx_hal_uart.o)
                0x080130a8                UART_CheckIdleState
 .text.HAL_UART_Init
                0x0801312c       0x68 ../../libDaisy//build\libdaisy.a(stm32h7xx_hal_uart.o)
                0x0801312c                HAL_UART_Init
 .text.HAL_UARTEx_WakeupCallback
                0x08013194        0x4 ../../libDaisy//build\libdaisy.a(stm32h7xx_hal_uart_ex.o)
                0x08013194                HAL_UARTEx_WakeupCallback
 .text.HAL_UARTEx_RxFifoFullCallback
                0x08013198        0x4 ../../libDaisy//build\libdaisy.a(stm32h7xx_hal_uart_ex.o)
                0x08013198                HAL_UARTEx_RxFifoFullCallback
 .text.HAL_UARTEx_TxFifoEmptyCallback
                0x0801319c        0x4 ../../libDaisy//build\libdaisy.a(stm32h7xx_hal_uart_ex.o)
                0x0801319c                HAL_UARTEx_TxFifoEmptyCallback
 .text.HAL_UARTEx_DisableFifoMode
                0x080131a0       0x3c ../../libDaisy//build\libdaisy.a(stm32h7xx_hal_uart_ex.o)
                0x080131a0                HAL_UARTEx_DisableFifoMode
 .text.HAL_UARTEx_SetTxFifoThreshold
                0x080131dc       0x9c ../../libDaisy//build\libdaisy.a(stm32h7xx_hal_uart_ex.o)
                0x080131dc                HAL_UARTEx_SetTxFifoThreshold
 .text.HAL_UARTEx_SetRxFifoThreshold
                0x08013278       0x9c ../../libDaisy//build\libdaisy.a(stm32h7xx_hal_uart_ex.o)
                0x08013278                HAL_UARTEx_SetRxFifoThreshold
 .text.FMC_SDRAM_Init
                0x08013314       0x7c ../../libDaisy//build\libdaisy.a(stm32h7xx_ll_fmc.o)
                0x08013314                FMC_SDRAM_Init
 .text.FMC_SDRAM_Timing_Init
                0x08013390       0x98 ../../libDaisy//build\libdaisy.a(stm32h7xx_ll_fmc.o)
                0x08013390                FMC_SDRAM_Timing_Init
 .text.FMC_SDRAM_SendCommand
                0x08013428       0x28 ../../libDaisy//build\libdaisy.a(stm32h7xx_ll_fmc.o)
                0x08013428                FMC_SDRAM_SendCommand
 .text.FMC_SDRAM_ProgramRefreshRate
                0x08013450       0x1c ../../libDaisy//build\libdaisy.a(stm32h7xx_ll_fmc.o)
                0x08013450                FMC_SDRAM_ProgramRefreshRate
 .text.SDMMC_Init
                0x0801346c       0x38 ../../libDaisy//build\libdaisy.a(stm32h7xx_ll_sdmmc.o)
                0x0801346c                SDMMC_Init
 .text.SDMMC_ReadFIFO
                0x080134a4        0x8 ../../libDaisy//build\libdaisy.a(stm32h7xx_ll_sdmmc.o)
                0x080134a4                SDMMC_ReadFIFO
 .text.SDMMC_WriteFIFO
                0x080134ac        0xc ../../libDaisy//build\libdaisy.a(stm32h7xx_ll_sdmmc.o)
                0x080134ac                SDMMC_WriteFIFO
 .text.SDMMC_PowerState_ON
                0x080134b8       0x18 ../../libDaisy//build\libdaisy.a(stm32h7xx_ll_sdmmc.o)
                0x080134b8                SDMMC_PowerState_ON
 .text.SDMMC_GetPowerState
                0x080134d0        0x8 ../../libDaisy//build\libdaisy.a(stm32h7xx_ll_sdmmc.o)
                0x080134d0                SDMMC_GetPowerState
 .text.SDMMC_GetResponse
                0x080134d8        0x8 ../../libDaisy//build\libdaisy.a(stm32h7xx_ll_sdmmc.o)
                0x080134d8                SDMMC_GetResponse
 .text.SDMMC_ConfigData
                0x080134e0       0x2c ../../libDaisy//build\libdaisy.a(stm32h7xx_ll_sdmmc.o)
                0x080134e0                SDMMC_ConfigData
 .text.SDMMC_CmdBlockLength
                0x0801350c      0x14c ../../libDaisy//build\libdaisy.a(stm32h7xx_ll_sdmmc.o)
                0x0801350c                SDMMC_CmdBlockLength
 .text.SDMMC_CmdReadSingleBlock
                0x08013658      0x14c ../../libDaisy//build\libdaisy.a(stm32h7xx_ll_sdmmc.o)
                0x08013658                SDMMC_CmdReadSingleBlock
 .text.SDMMC_CmdReadMultiBlock
                0x080137a4      0x14c ../../libDaisy//build\libdaisy.a(stm32h7xx_ll_sdmmc.o)
                0x080137a4                SDMMC_CmdReadMultiBlock
 .text.SDMMC_CmdWriteSingleBlock
                0x080138f0      0x14c ../../libDaisy//build\libdaisy.a(stm32h7xx_ll_sdmmc.o)
                0x080138f0                SDMMC_CmdWriteSingleBlock
 .text.SDMMC_CmdWriteMultiBlock
                0x08013a3c      0x14c ../../libDaisy//build\libdaisy.a(stm32h7xx_ll_sdmmc.o)
                0x08013a3c                SDMMC_CmdWriteMultiBlock
 .text.SDMMC_CmdStopTransfer
                0x08013b88      0x168 ../../libDaisy//build\libdaisy.a(stm32h7xx_ll_sdmmc.o)
                0x08013b88                SDMMC_CmdStopTransfer
 .text.SDMMC_CmdSelDesel
                0x08013cf0      0x14c ../../libDaisy//build\libdaisy.a(stm32h7xx_ll_sdmmc.o)
                0x08013cf0                SDMMC_CmdSelDesel
 .text.SDMMC_CmdGoIdleState
                0x08013e3c       0x58 ../../libDaisy//build\libdaisy.a(stm32h7xx_ll_sdmmc.o)
                0x08013e3c                SDMMC_CmdGoIdleState
 .text.SDMMC_CmdOperCond
                0x08013e94       0x80 ../../libDaisy//build\libdaisy.a(stm32h7xx_ll_sdmmc.o)
                0x08013e94                SDMMC_CmdOperCond
 .text.SDMMC_CmdAppCommand
                0x08013f14      0x14c ../../libDaisy//build\libdaisy.a(stm32h7xx_ll_sdmmc.o)
                0x08013f14                SDMMC_CmdAppCommand
 .text.SDMMC_CmdAppOperCommand
                0x08014060       0x74 ../../libDaisy//build\libdaisy.a(stm32h7xx_ll_sdmmc.o)
                0x08014060                SDMMC_CmdAppOperCommand
 .text.SDMMC_CmdBusWidth
                0x080140d4      0x14c ../../libDaisy//build\libdaisy.a(stm32h7xx_ll_sdmmc.o)
                0x080140d4                SDMMC_CmdBusWidth
 .text.SDMMC_CmdSendSCR
                0x08014220      0x150 ../../libDaisy//build\libdaisy.a(stm32h7xx_ll_sdmmc.o)
                0x08014220                SDMMC_CmdSendSCR
 .text.SDMMC_CmdSendCID
                0x08014370       0x7c ../../libDaisy//build\libdaisy.a(stm32h7xx_ll_sdmmc.o)
                0x08014370                SDMMC_CmdSendCID
 .text.SDMMC_CmdSendCSD
                0x080143ec       0x80 ../../libDaisy//build\libdaisy.a(stm32h7xx_ll_sdmmc.o)
                0x080143ec                SDMMC_CmdSendCSD
 .text.SDMMC_CmdSetRelAdd
                0x0801446c       0xb0 ../../libDaisy//build\libdaisy.a(stm32h7xx_ll_sdmmc.o)
                0x0801446c                SDMMC_CmdSetRelAdd
 .text.SDMMC_CmdSendStatus
                0x0801451c      0x14c ../../libDaisy//build\libdaisy.a(stm32h7xx_ll_sdmmc.o)
                0x0801451c                SDMMC_CmdSendStatus
 .text.SDMMC_CmdStatusRegister
                0x08014668      0x150 ../../libDaisy//build\libdaisy.a(stm32h7xx_ll_sdmmc.o)
                0x08014668                SDMMC_CmdStatusRegister
 .text.SDMMC_CmdSwitch
                0x080147b8      0x14c ../../libDaisy//build\libdaisy.a(stm32h7xx_ll_sdmmc.o)
                0x080147b8                SDMMC_CmdSwitch
 .text.USB_SetTurnaroundTime
                0x08014904      0x104 ../../libDaisy//build\libdaisy.a(stm32h7xx_ll_usb.o)
                0x08014904                USB_SetTurnaroundTime
 .text.USB_FlushTxFifo
                0x08014a08       0x34 ../../libDaisy//build\libdaisy.a(stm32h7xx_ll_usb.o)
                0x08014a08                USB_FlushTxFifo
 .text.USB_GetDevSpeed
                0x08014a3c       0x24 ../../libDaisy//build\libdaisy.a(stm32h7xx_ll_usb.o)
                0x08014a3c                USB_GetDevSpeed
 .text.USB_ActivateEndpoint
                0x08014a60       0x90 ../../libDaisy//build\libdaisy.a(stm32h7xx_ll_usb.o)
                0x08014a60                USB_ActivateEndpoint
 .text.USB_EPStartXfer
                0x08014af0      0x230 ../../libDaisy//build\libdaisy.a(stm32h7xx_ll_usb.o)
                0x08014af0                USB_EPStartXfer
 .text.USB_EP0StartXfer
                0x08014d20      0x174 ../../libDaisy//build\libdaisy.a(stm32h7xx_ll_usb.o)
                0x08014d20                USB_EP0StartXfer
 .text.USB_WritePacket
                0x08014e94       0x2c ../../libDaisy//build\libdaisy.a(stm32h7xx_ll_usb.o)
                0x08014e94                USB_WritePacket
 .text.USB_ReadPacket
                0x08014ec0       0x20 ../../libDaisy//build\libdaisy.a(stm32h7xx_ll_usb.o)
                0x08014ec0                USB_ReadPacket
 .text.USB_EPSetStall
                0x08014ee0       0x68 ../../libDaisy//build\libdaisy.a(stm32h7xx_ll_usb.o)
                0x08014ee0                USB_EPSetStall
 .text.USB_EPClearStall
                0x08014f48       0x58 ../../libDaisy//build\libdaisy.a(stm32h7xx_ll_usb.o)
                0x08014f48                USB_EPClearStall
 .text.USB_SetDevAddress
                0x08014fa0       0x24 ../../libDaisy//build\libdaisy.a(stm32h7xx_ll_usb.o)
                0x08014fa0                USB_SetDevAddress
 .text.USB_ReadInterrupts
                0x08014fc4       0x14 ../../libDaisy//build\libdaisy.a(stm32h7xx_ll_usb.o)
                0x08014fc4                USB_ReadInterrupts
 .text.USB_ReadDevAllOutEpInterrupt
                0x08014fd8       0x1c ../../libDaisy//build\libdaisy.a(stm32h7xx_ll_usb.o)
                0x08014fd8                USB_ReadDevAllOutEpInterrupt
 .text.USB_ReadDevAllInEpInterrupt
                0x08014ff4       0x1c ../../libDaisy//build\libdaisy.a(stm32h7xx_ll_usb.o)
                0x08014ff4                USB_ReadDevAllInEpInterrupt
 .text.USB_ReadDevOutEPInterrupt
                0x08015010       0x1c ../../libDaisy//build\libdaisy.a(stm32h7xx_ll_usb.o)
                0x08015010                USB_ReadDevOutEPInterrupt